01-24 16:45:39.694  6999  5410 W HiH_HiSyncVerMgr: 1500104340|R|W|cloudNoDt,tp=500043
01-24 16:45:39.694  6999  5410 W HiH_HiSyncVerMgr: 1500104340|R|W|cloudNoDt,tp=500041
01-24 16:45:39.694  6999  5410 W HiH_HiSyncVerMgr: 1500104340|R|W|cloudNoDt,tp=500040
01-24 16:45:39.694  6999  5410 W HiH_HiSyncVerMgr: 1500104340|R|W|cloudNoDt,tp=500048
01-24 16:45:39.694  6999  5410 W HiH_HiSyncVerMgr: 1500104340|R|W|cloudNoDt,tp=700010
01-24 16:45:39.694  6999  5410 W HiH_HiSyncVerMgr: 1500104340|R|W|cloudNoDt,tp=300004
01-24 16:45:39.694  6999  5410 W HiH_HiSyncVerMgr: 1500104340|R|W|cloudNoDt,tp=700011
01-24 16:45:39.695  6999  5410 W HiH_HiSyncVerMgr: 1500104340|R|W|cloudNoDt,tp=700008
01-24 16:45:39.695  6999  5410 W HiH_HiSyncVerMgr: 1500104340|R|W|cloudNoDt,tp=700009
01-24 16:45:39.695  6999  5410 W HiH_HiSyncVerMgr: 1500104340|R|W|cloudNoDt,tp=700014
01-24 16:45:39.695  6999  5410 W HiH_HiSyncVerMgr: 1500104340|R|W|cloudNoDt,tp=700015
01-24 16:45:39.695  6999  5410 W HiH_HiSyncVerMgr: 1500104340|R|W|cloudNoDt,tp=700012
01-24 16:45:39.695  6999  5410 W HiH_HiSyncVerMgr: 1500104340|R|W|cloudNoDt,tp=300003
01-24 16:45:39.695  6999  5410 W HiH_HiSyncVerMgr: 1500104340|R|W|cloudNoDt,tp=700002
01-24 16:45:39.695  6999  5410 W HiH_HiSyncVerMgr: 1500104340|R|W|cloudNoDt,tp=700003
01-24 16:45:39.695  6999  5410 W HiH_HiSyncVerMgr: 1500104340|R|W|cloudNoDt,tp=700001
01-24 16:45:39.695  6999  5410 W HiH_HiSyncVerMgr: 1500104340|R|W|cloudNoDt,tp=700006
01-24 16:45:39.695  6999  5410 W HiH_HiSyncVerMgr: 1500104340|R|W|cloudNoDt,tp=700007
01-24 16:45:39.695  6999  5410 W HiH_HiSyncVerMgr: 1500104340|R|W|cloudNoDt,tp=700004
01-24 16:45:39.695  6999  5410 W HiH_HiSyncVerMgr: 1500104340|R|W|cloudNoDt,tp=700005
01-24 16:45:39.695  6999  5410 W HiH_HiSyncVerMgr: 1500104340|R|W|cloudNoDt,tp=700018
01-24 16:45:39.695  6999  5410 W HiH_HiSyncVerMgr: 1500104340|R|W|cloudNoDt,tp=700019
01-24 16:45:39.695  6999  5410 W HiH_HiSyncVerMgr: 1500104340|R|W|cloudNoDt,tp=700016
01-24 16:45:39.695  6999  5410 W HiH_HiSyncVerMgr: 1500104340|R|W|cloudNoDt,tp=700017
01-24 16:45:39.695  6999  5410 W HiH_HiSyncVerMgr: 1500104340|R|W|cloudNoDt,tp=700022
01-24 16:45:39.695  6999  5410 W HiH_HiSyncVerMgr: 1500104340|R|W|cloudNoDt,tp=700021
01-24 16:45:39.696  6999 10495 I HiH_HiHealthNatApi: 1500104340|R|I|taskCt=0 TaskInfo{cTm:2026-01-24 16:45:39:693,method:readHiHealthData,param:HiDataReadOption{sTm=1769209200000,eTm=1769295599999,fltSTm=null,fltETm=null,mdfStm=0,mdfEtm=0,tp=[2],ct=0,sortOdr=1,rTp=2,aliTp=20001}}
01-24 16:45:39.697  6999  5410 I HiH_HiSyncDictData: 1500104340|R|I|pullDataByVersion syncKeys: [{"dataType":2,"deviceCode":0,"type":10006,"version":1721561340137},{"dataType":2,"deviceCode":0,"type":500005,"version":1769175890468},{"dataType":2,"deviceCode":0,"type":500002,"version":1769065335414},{"dataType":2,"deviceCode":0,"type":500010,"version":1769177512276},{"dataType":2,"deviceCode":0,"type":500019,"version":1769187433180},{"dataType":2,"deviceCode":0,"type":500018,"version":1769149735427},{"dataType":2,"deviceCode":0,"type":500025,"version":1769149736951},{"dataType":2,"deviceCode":0,"type":200005,"version":1769187430059},{"dataType":2,"deviceCode":0,"type":600002,"version":1769149612068},{"dataType":2,"deviceCode":0,"type":300002,"version":1769265861526},{"dataType":2,"deviceCode":0,"type":700013,"version":1769175890338},{"dataType":2,"deviceCode":0,"type":30001,"version":1764497489482}]
01-24 16:45:39.697  6999  5410 I HiH_HiSyncDictData: 1500104340|R|I|pullDataByVersion end
01-24 16:45:39.697  6999  5410 I HiH_HiSyncHlthDtByUn: 1500104340|R|I|pullDataByVersion() begin !
01-24 16:45:39.697  6999  5426 I HiH_HiDataReadOp: 1500104340|R|I|AppTp:0,AppId=1,id=2,readOpt=HiDataReadOption{sTm=1769209200000,eTm=1769295599999,fltSTm=null,fltETm=null,mdfStm=0,mdfEtm=0,tp=[2],ct=0,sortOdr=1,rTp=2,aliTp=20001},extOpt=HiDataReadOp{sequenceDataType=0 needCheckAppAuth=true}
01-24 16:45:39.697  6999  5410 I HiH_HiSyncHlthDtByUn: 1500104340|R|I|pullDataByVersion() end !
01-24 16:45:39.697  6999  5410 I HiH_HiSyncMltHlth: 1500104340|R|I|pullDataByVersion() begin !
01-24 16:45:39.699  6999  5410 I HiH_HiSyncMltHlth: 1500104340|R|I|do not need downloadOneTypeDataByVersion data,type is 7 DBversion is 1769187424871 maxVersion is 1769187424871
01-24 16:45:39.699  6999  5410 I HiH_HiSyncMltHlth: 1500104340|R|I|do not need downloadOneTypeDataByVersion data,type is 9 DBversion is 1769175858341 maxVersion is 1769175858341
01-24 16:45:39.699  6999  5410 I HiH_HiSyncMltHlth: 1500104340|R|I|do not need downloadOneTypeDataByVersion data,type is 11 DBversion is 1769187426054 maxVersion is 1769187426054
01-24 16:45:39.699  6999  5410 I HiH_HiSyncMltHlth: 1500104340|R|I|do not need downloadOneTypeDataByVersion data,type is 12 DBversion is 1769100611220 maxVersion is 1769100611220
01-24 16:45:39.699  6999  5410 I HiH_HiSyncMltHlth: 1500104340|R|I|pullDataByVersion() end !
01-24 16:45:39.699  6999  5410 I HiH_HiSyncHlthSensDt: 1500104340|R|I|pullDataByVersion() begin !
01-24 16:45:39.700  2013  5405 D NativeAudioJNI: Audio callback invoked: numFrames=256
01-24 16:45:39.700  2013  5405 D NativeAudioJNI: Calling Java callback method
01-24 16:45:39.700  6999  5410 I HiH_HiSyncHlthSensDt: 1500104340|R|I|pullDataByVersion() end !
01-24 16:45:39.700  6999  5410 I HiH_HiSyncSampCfg: 1500104340|R|I|pullDataByVersion begin
01-24 16:45:39.700  2013  5405 D AudioChannelHandler: Audio callback invoked: pcmData.size=960
01-24 16:45:39.700  6999  5410 I HiH_HiSyncSampCfg: 1500104340|R|I|pullDataByVersion end
01-24 16:45:39.700  6999 10495 I HiH_HiHealthNatApi: 1500104340|R|I|taskCt=0 TaskInfo{cTm:2026-01-24 16:45:39:700,method:readHiHealthData,param:HiDataReadOption{sTm=1769209200000,eTm=1769295599999,fltSTm=null,fltETm=null,mdfStm=0,mdfEtm=0,tp=[30007],ct=0,sortOdr=1,rTp=2,aliTp=0}}
01-24 16:45:39.700  6999  5426 I HiH_HiHealthNatApi: 1500104340|R|I|readHiHealthData option = HiDataReadOption{sTm=1769209200000,eTm=1769295599999,fltSTm=null,fltETm=null,mdfStm=0,mdfEtm=0,tp=[2],ct=0,sortOdr=1,rTp=2,aliTp=20001}errorCode is 0, totalTime = 6, wait time = 4, executed time is 2, onResult time = 0
01-24 16:45:39.701  6999  5426 I HiH_HiDataReadOp: 1500104340|R|I|AppTp:0,AppId=1,id=2,readOpt=HiDataReadOption{sTm=1769209200000,eTm=1769295599999,fltSTm=null,fltETm=null,mdfStm=0,mdfEtm=0,tp=[30007],ct=0,sortOdr=1,rTp=2,aliTp=0},extOpt=HiDataReadOp{sequenceDataType=0 needCheckAppAuth=true}
01-24 16:45:39.701  2013  5405 V OpusCodec: Encoded 960 PCM samples to 39 Opus bytes
01-24 16:45:39.701  2013  5405 D AudioChannelHandler: Opus encoding result: opusData=39 bytes
01-24 16:45:39.701  2013  5405 D AudioChannelHandler: Sending audio data to Flutter: streamId=8cd8399a-4962-48cb-8884-b34c0d3d93a8, opusData.size=39
01-24 16:45:39.702  2013  2013 D AudioChannelHandler: Audio data sent successfully
01-24 16:45:39.702  2013  2013 I flutter : [2026-01-24T16:45:39.702683] [INFO] [NetworkService]  About to send from socket: local=239.255.42.202:5000  server=192.168.1.106:5000
01-24 16:45:39.703  2013  2013 I flutter : [2026-01-24T16:45:39.703126] [INFO] [NetworkService]  Sent 129 bytes from local socket
01-24 16:45:39.703  2013  5405 D NativeAudioJNI: Audio callback invoked: numFrames=256
01-24 16:45:39.703  2013  5405 D NativeAudioJNI: Calling Java callback method
01-24 16:45:39.703  6999  5410 W HiH_HiSyncVerMgr: 1500104340|R|W|cloudNoDt,tp=21
01-24 16:45:39.703  6999  5410 W HiH_HiSyncVerMgr: 1500104340|R|W|cloudNoDt,tp=4
01-24 16:45:39.704  6999  5410 I NK_e    : IntentService[HiH_HiSyncService]|network.grs.h.e|65354|isSpExpire false.
01-24 16:45:39.704  6999  5410 I NK_a    : IntentService[HiH_HiSyncService]|network.grs.a|65350|GrsClientManager.getUrlsLocal: Get URL from GRS Server Cache
01-24 16:45:39.704  6999  5410 I NK_a    : IntentService[HiH_HiSyncService]|network.grs.a|65346|GrsClientManager.synGetGrsUrl: Return [healthcloud][healthCloudUrl] Url: h*t*s*/*s*o*t*a*a*d*e*t*i*g*.*b*n*c*o*d*c*m
01-24 16:45:39.706  6999  5426 I HiH_HiHealthNatApi: 1500104340|R|I|readHiHealthData option = HiDataReadOption{sTm=1769209200000,eTm=1769295599999,fltSTm=null,fltETm=null,mdfStm=0,mdfEtm=0,tp=[30007],ct=0,sortOdr=1,rTp=2,aliTp=0}errorCode is 0, totalTime = 5, wait time = 0, executed time is 5, onResult time = 0
01-24 16:45:39.708  6999  5410 W NK_BaseConfig: IntentService[HiH_HiSyncService]|embedded.e|65353|Set value error, value of core_metrics_data is out of range.
01-24 16:45:39.708  6999  5410 I NK_OkReqTsk: IntentService[HiH_HiSyncService]|embedded.j3|65345|the request has used the okhttp! 
01-24 16:45:39.709  2013  5405 D NativeAudioJNI: Audio callback invoked: numFrames=256
01-24 16:45:39.709  2013  5405 D NativeAudioJNI: Calling Java callback method
01-24 16:45:39.711  2120  2585 D DisplayPowerController[0]: onChange selfChange=false uri=content://settings/system/screen_brightness
01-24 16:45:39.712  2120  2585 D OplusDisplayPowerControllerExtImpl: original brightness:609 final brightness:609.0 scale:1.0 reason:4 darkLevel:0
01-24 16:45:39.713  2120  2585 D DisplayPowerController[0]: Brightness [609.0] reason changing to: 'automatic [ auto_adj ]', previous reason: 'automatic'. id=local:4630946896948975233
01-24 16:45:39.713  2120  2585 I DisplayPowerController[0]: BrightnessEvent: disp=0, brt=609.0(user_set), rcmdBrt=NaN, preBrt=NaN, lux=0.0, preLux=0.0, hbmMax=1.0, hbmMode=off, thrmMax=1.0, flags=user_set , reason=automatic [ auto_adj ]
01-24 16:45:39.713  2120  2585 D VRR [OPlusRefreshRateService]: notifyBrightnessChange brightness: 609.0
01-24 16:45:39.713  2120  2418 D DisplayManagerService: Delivering display event: displayId=0, event=4
01-24 16:45:39.715  2013  5405 D NativeAudioJNI: Audio callback invoked: numFrames=256
01-24 16:45:39.715  2013  5405 D NativeAudioJNI: Calling Java callback method
01-24 16:45:39.716  2013  2013 I flutter :  [ActiveChannelScreen] Member list builder called
01-24 16:45:39.716  2013  2013 I flutter :    State type: CommunicationTransmitting
01-24 16:45:39.716  2013  2013 I flutter :    Active members count: 1
01-24 16:45:39.716  2013  2013 I flutter :       - Server Console (SERVER-52275765-5684-4cd3-ad8c-0a5c9c59502f)
01-24 16:45:39.717  2369  2616 D AudioManagerExtImpl: getStreamVolume packageName=com.facebook.katana, index=8, streamType=1
01-24 16:45:39.717  2013  2013 I flutter :  [ActiveChannelScreen] Member list builder called
01-24 16:45:39.717  2013  2013 I flutter :    State type: CommunicationTransmitting
01-24 16:45:39.717  2013  2013 I flutter :    Active members count: 1
01-24 16:45:39.717  2013  2013 I flutter :       - Server Console (SERVER-52275765-5684-4cd3-ad8c-0a5c9c59502f)
01-24 16:45:39.718  2013  2013 I flutter :  [ActiveChannelScreen] Title builder called, memberCount: 2, state: CommunicationTransmitting
01-24 16:45:39.718  2013  2013 I flutter :  [ActiveChannelScreen] Title builder called, memberCount: 2, state: CommunicationTransmitting
01-24 16:45:39.721  2013  5405 D NativeAudioJNI: Audio callback invoked: numFrames=256
01-24 16:45:39.721  2013  5405 D NativeAudioJNI: Calling Java callback method
01-24 16:45:39.721  2013  5405 D AudioChannelHandler: Audio callback invoked: pcmData.size=960
01-24 16:45:39.722  2013  5405 V OpusCodec: Encoded 960 PCM samples to 31 Opus bytes
01-24 16:45:39.722  2013  5405 D AudioChannelHandler: Opus encoding result: opusData=31 bytes
01-24 16:45:39.722  2013  5405 D AudioChannelHandler: Sending audio data to Flutter: streamId=8cd8399a-4962-48cb-8884-b34c0d3d93a8, opusData.size=31
01-24 16:45:39.723  2013  2013 D AudioChannelHandler: Audio data sent successfully
01-24 16:45:39.723  2013  2013 I flutter : [2026-01-24T16:45:39.723533] [INFO] [NetworkService]  About to send from socket: local=239.255.42.202:5000  server=192.168.1.106:5000
01-24 16:45:39.723  2013  2013 I flutter : [2026-01-24T16:45:39.723877] [INFO] [NetworkService]  Sent 121 bytes from local socket
01-24 16:45:39.723  2013  5405 D NativeAudioJNI: Audio callback invoked: numFrames=256
01-24 16:45:39.724  2013  5405 D NativeAudioJNI: Calling Java callback method
01-24 16:45:39.726  2120  3106 W SettingsState: disallow repeat write for screen_brightness, value: 531
01-24 16:45:39.727 27334 28668 D AudioManagerExtImpl: getStreamVolume normal, volume index=13
01-24 16:45:39.727  9642  9658 D OplusAtlasService: getAttributeByAppName module:oplus-getStreamMaxVolume packageName:com.instagram.android
01-24 16:45:39.729  2013  5405 D NativeAudioJNI: Audio callback invoked: numFrames=256
01-24 16:45:39.730  2013  5405 D NativeAudioJNI: Calling Java callback method
01-24 16:45:39.733  2013  2013 I flutter :  [ActiveChannelScreen] Member list builder called
01-24 16:45:39.733  2013  2013 I flutter :    State type: CommunicationTransmitting
01-24 16:45:39.733  2013  2013 I flutter :    Active members count: 1
01-24 16:45:39.733  2013  2013 I flutter :       - Server Console (SERVER-52275765-5684-4cd3-ad8c-0a5c9c59502f)
01-24 16:45:39.734  2013  2013 I flutter :  [ActiveChannelScreen] Member list builder called
01-24 16:45:39.734  2013  2013 I flutter :    State type: CommunicationTransmitting
01-24 16:45:39.734  2013  2013 I flutter :    Active members count: 1
01-24 16:45:39.734  2013  2013 I flutter :       - Server Console (SERVER-52275765-5684-4cd3-ad8c-0a5c9c59502f)
01-24 16:45:39.734  2013  2013 I flutter :  [ActiveChannelScreen] Title builder called, memberCount: 2, state: CommunicationTransmitting
01-24 16:45:39.735  2013  2013 I flutter :  [ActiveChannelScreen] Title builder called, memberCount: 2, state: CommunicationTransmitting
01-24 16:45:39.737  2013  5405 D NativeAudioJNI: Audio callback invoked: numFrames=256
01-24 16:45:39.737  2013  5405 D NativeAudioJNI: Calling Java callback method
01-24 16:45:39.742  2013  5405 D NativeAudioJNI: Audio callback invoked: numFrames=256
01-24 16:45:39.742  2013  5405 D NativeAudioJNI: Calling Java callback method
01-24 16:45:39.742  2013  5405 D AudioChannelHandler: Audio callback invoked: pcmData.size=960
01-24 16:45:39.743  2013  5405 V OpusCodec: Encoded 960 PCM samples to 34 Opus bytes
01-24 16:45:39.743  2013  5405 D AudioChannelHandler: Opus encoding result: opusData=34 bytes
01-24 16:45:39.743  2013  5405 D AudioChannelHandler: Sending audio data to Flutter: streamId=8cd8399a-4962-48cb-8884-b34c0d3d93a8, opusData.size=34
01-24 16:45:39.744  2013  2013 D AudioChannelHandler: Audio data sent successfully
01-24 16:45:39.744  2013  2013 I flutter : [2026-01-24T16:45:39.744844] [INFO] [NetworkService]  About to send from socket: local=239.255.42.202:5000  server=192.168.1.106:5000
01-24 16:45:39.745  2013  2013 I flutter : [2026-01-24T16:45:39.745218] [INFO] [NetworkService]  Sent 124 bytes from local socket
01-24 16:45:39.746  2120  2585 D DisplayPowerController[0]: onChange selfChange=false uri=content://settings/system/screen_brightness
01-24 16:45:39.747  2120  2585 D OplusDisplayPowerControllerExtImpl: original brightness:609 final brightness:609.0 scale:1.0 reason:4 darkLevel:0
01-24 16:45:39.748  2120  2585 D DisplayPowerController[0]: Brightness [609.0] reason changing to: 'automatic [ auto_adj ]', previous reason: 'automatic'. id=local:4630946896948975233
01-24 16:45:39.749  2013  5405 D NativeAudioJNI: Audio callback invoked: numFrames=256
01-24 16:45:39.749  2013  5405 D NativeAudioJNI: Calling Java callback method
01-24 16:45:39.748  2120  2585 I DisplayPowerController[0]: BrightnessEvent: disp=0, brt=609.0(user_set), rcmdBrt=NaN, preBrt=NaN, lux=0.0, preLux=0.0, hbmMax=1.0, hbmMode=off, thrmMax=1.0, flags=user_set , reason=automatic [ auto_adj ]
01-24 16:45:39.749  2120  2585 D VRR [OPlusRefreshRateService]: notifyBrightnessChange brightness: 609.0
01-24 16:45:39.750  2120  2418 D DisplayManagerService: Delivering display event: displayId=0, event=4
01-24 16:45:39.750  2013  2013 I flutter :  [ActiveChannelScreen] Member list builder called
01-24 16:45:39.750  2013  2013 I flutter :    State type: CommunicationTransmitting
01-24 16:45:39.750  2013  2013 I flutter :    Active members count: 1
01-24 16:45:39.750  2013  2013 I flutter :       - Server Console (SERVER-52275765-5684-4cd3-ad8c-0a5c9c59502f)
01-24 16:45:39.751  2013  5405 D NativeAudioJNI: Audio callback invoked: numFrames=256
01-24 16:45:39.751  2013  5405 D NativeAudioJNI: Calling Java callback method
01-24 16:45:39.752  2013  2013 I flutter :  [ActiveChannelScreen] Member list builder called
01-24 16:45:39.752  2013  2013 I flutter :    State type: CommunicationTransmitting
01-24 16:45:39.752  2013  2013 I flutter :    Active members count: 1
01-24 16:45:39.752  2013  2013 I flutter :       - Server Console (SERVER-52275765-5684-4cd3-ad8c-0a5c9c59502f)
01-24 16:45:39.753  2013  2013 I flutter :  [ActiveChannelScreen] Title builder called, memberCount: 2, state: CommunicationTransmitting
01-24 16:45:39.753  2369  2616 D AudioManagerExtImpl: getStreamVolume packageName=com.facebook.katana, index=8, streamType=1
01-24 16:45:39.753  2013  2013 I flutter :  [ActiveChannelScreen] Title builder called, memberCount: 2, state: CommunicationTransmitting
01-24 16:45:39.754 27334 28668 D AudioManagerExtImpl: getStreamVolume normal, volume index=13
01-24 16:45:39.755  9642  9658 D OplusAtlasService: getAttributeByAppName module:oplus-getStreamMaxVolume packageName:com.instagram.android
01-24 16:45:39.758  2013  5405 D NativeAudioJNI: Audio callback invoked: numFrames=256
01-24 16:45:39.758  2013  5405 D NativeAudioJNI: Calling Java callback method
01-24 16:45:39.758  2013  5405 D AudioChannelHandler: Audio callback invoked: pcmData.size=960
01-24 16:45:39.759  2120  3106 W SettingsState: disallow repeat write for screen_brightness, value: 532
01-24 16:45:39.760  2013  5405 V OpusCodec: Encoded 960 PCM samples to 34 Opus bytes
01-24 16:45:39.760  2013  5405 D AudioChannelHandler: Opus encoding result: opusData=34 bytes
01-24 16:45:39.760  2013  5405 D AudioChannelHandler: Sending audio data to Flutter: streamId=8cd8399a-4962-48cb-8884-b34c0d3d93a8, opusData.size=34
01-24 16:45:39.760  2013  2013 D AudioChannelHandler: Audio data sent successfully
01-24 16:45:39.760  2013  2013 I flutter : [2026-01-24T16:45:39.760894] [INFO] [NetworkService]  About to send from socket: local=239.255.42.202:5000  server=192.168.1.106:5000
01-24 16:45:39.761  2013  2013 I flutter : [2026-01-24T16:45:39.761230] [INFO] [NetworkService]  Sent 124 bytes from local socket
01-24 16:45:39.763  2013  5405 D NativeAudioJNI: Audio callback invoked: numFrames=256
01-24 16:45:39.763  2013  5405 D NativeAudioJNI: Calling Java callback method
01-24 16:45:39.766  2013  2013 I flutter :  [ActiveChannelScreen] Member list builder called
01-24 16:45:39.767  2013  2013 I flutter :    State type: CommunicationTransmitting
01-24 16:45:39.767  2013  2013 I flutter :    Active members count: 1
01-24 16:45:39.767  2013  2013 I flutter :       - Server Console (SERVER-52275765-5684-4cd3-ad8c-0a5c9c59502f)
01-24 16:45:39.768  2013  2013 I flutter :  [ActiveChannelScreen] Member list builder called
01-24 16:45:39.768  2013  2013 I flutter :    State type: CommunicationTransmitting
01-24 16:45:39.768  2013  2013 I flutter :    Active members count: 1
01-24 16:45:39.768  2013  2013 I flutter :       - Server Console (SERVER-52275765-5684-4cd3-ad8c-0a5c9c59502f)
01-24 16:45:39.769  2013  5405 D NativeAudioJNI: Audio callback invoked: numFrames=256
01-24 16:45:39.769  2013  5405 D NativeAudioJNI: Calling Java callback method
01-24 16:45:39.769  2013  2013 I flutter :  [ActiveChannelScreen] Title builder called, memberCount: 2, state: CommunicationTransmitting
01-24 16:45:39.769  2013  2013 I flutter :  [ActiveChannelScreen] Title builder called, memberCount: 2, state: CommunicationTransmitting
01-24 16:45:39.772  2013  5405 D NativeAudioJNI: Audio callback invoked: numFrames=256
01-24 16:45:39.772  2013  5405 D NativeAudioJNI: Calling Java callback method
01-24 16:45:39.777  2120  2585 D DisplayPowerController[0]: onChange selfChange=false uri=content://settings/system/screen_brightness
01-24 16:45:39.777  2120  2585 D OplusDisplayPowerControllerExtImpl: original brightness:609 final brightness:609.0 scale:1.0 reason:4 darkLevel:0
01-24 16:45:39.778  2120  2585 D DisplayPowerController[0]: Brightness [609.0] reason changing to: 'automatic [ auto_adj ]', previous reason: 'automatic'. id=local:4630946896948975233
01-24 16:45:39.778  2120  2585 I DisplayPowerController[0]: BrightnessEvent: disp=0, brt=609.0(user_set), rcmdBrt=NaN, preBrt=NaN, lux=0.0, preLux=0.0, hbmMax=1.0, hbmMode=off, thrmMax=1.0, flags=user_set , reason=automatic [ auto_adj ]
01-24 16:45:39.778  2120  2585 D VRR [OPlusRefreshRateService]: notifyBrightnessChange brightness: 609.0
01-24 16:45:39.779  2120  2418 D DisplayManagerService: Delivering display event: displayId=0, event=4
01-24 16:45:39.779  2013  5405 D NativeAudioJNI: Audio callback invoked: numFrames=256
01-24 16:45:39.779  2013  5405 D NativeAudioJNI: Calling Java callback method
01-24 16:45:39.779  2013  5405 D AudioChannelHandler: Audio callback invoked: pcmData.size=960
01-24 16:45:39.780  2013  5405 V OpusCodec: Encoded 960 PCM samples to 34 Opus bytes
01-24 16:45:39.780  2013  5405 D AudioChannelHandler: Opus encoding result: opusData=34 bytes
01-24 16:45:39.780  2013  5405 D AudioChannelHandler: Sending audio data to Flutter: streamId=8cd8399a-4962-48cb-8884-b34c0d3d93a8, opusData.size=34
01-24 16:45:39.781  2013  2013 D AudioChannelHandler: Audio data sent successfully
01-24 16:45:39.781  2013  2013 I flutter : [2026-01-24T16:45:39.781573] [INFO] [NetworkService]  About to send from socket: local=239.255.42.202:5000  server=192.168.1.106:5000
01-24 16:45:39.781  2013  2013 I flutter : [2026-01-24T16:45:39.781962] [INFO] [NetworkService]  Sent 124 bytes from local socket
01-24 16:45:39.783  2013  2013 I flutter :  [ActiveChannelScreen] Member list builder called
01-24 16:45:39.783  2013  2013 I flutter :    State type: CommunicationTransmitting
01-24 16:45:39.783  2013  2013 I flutter :    Active members count: 1
01-24 16:45:39.783  2013  2013 I flutter :       - Server Console (SERVER-52275765-5684-4cd3-ad8c-0a5c9c59502f)
01-24 16:45:39.784  2369  2616 D AudioManagerExtImpl: getStreamVolume packageName=com.facebook.katana, index=8, streamType=1
01-24 16:45:39.784  2013  5405 D NativeAudioJNI: Audio callback invoked: numFrames=256
01-24 16:45:39.784  2013  5405 D NativeAudioJNI: Calling Java callback method
01-24 16:45:39.785  2013  2013 I flutter :  [ActiveChannelScreen] Member list builder called
01-24 16:45:39.785  2013  2013 I flutter :    State type: CommunicationTransmitting
01-24 16:45:39.785  2013  2013 I flutter :    Active members count: 1
01-24 16:45:39.785  2013  2013 I flutter :       - Server Console (SERVER-52275765-5684-4cd3-ad8c-0a5c9c59502f)
01-24 16:45:39.786  2013  2013 I flutter :  [ActiveChannelScreen] Title builder called, memberCount: 2, state: CommunicationTransmitting
01-24 16:45:39.786  2013  2013 I flutter :  [ActiveChannelScreen] Title builder called, memberCount: 2, state: CommunicationTransmitting
01-24 16:45:39.789 27334 28668 D AudioManagerExtImpl: getStreamVolume normal, volume index=13
01-24 16:45:39.790  2013  5405 D NativeAudioJNI: Audio callback invoked: numFrames=256
01-24 16:45:39.790  2013  5405 D NativeAudioJNI: Calling Java callback method
01-24 16:45:39.790  9642  9658 D OplusAtlasService: getAttributeByAppName module:oplus-getStreamMaxVolume packageName:com.instagram.android
01-24 16:45:39.794  2120  2585 D DisplayPowerController[0]: onChange selfChange=false uri=content://settings/system/screen_brightness
01-24 16:45:39.794  2120  2585 D OplusDisplayPowerControllerExtImpl: original brightness:609 final brightness:609.0 scale:1.0 reason:4 darkLevel:0
01-24 16:45:39.795  6999  5422 I NK_Netdiag: IntentService[HiH_HiSyncService] ->NK_netdiag_1780|netdiag.tools.NetDetectAndPolicy|65348|the time count will reset!
01-24 16:45:39.795  2120  2585 D DisplayPowerController[0]: Brightness [609.0] reason changing to: 'automatic [ auto_adj ]', previous reason: 'automatic'. id=local:4630946896948975233
01-24 16:45:39.795  2120  2585 I DisplayPowerController[0]: BrightnessEvent: disp=0, brt=609.0(user_set), rcmdBrt=NaN, preBrt=NaN, lux=0.0, preLux=0.0, hbmMax=1.0, hbmMode=off, thrmMax=1.0, flags=user_set , reason=automatic [ auto_adj ]
01-24 16:45:39.795  6999  5410 I NK_Netdiag: IntentService[HiH_HiSyncService]|netdiag.tools.NetDetectAndPolicy|65336|current_network_change : 0 ,current_network_type: 1
01-24 16:45:39.795  2120  2585 D VRR [OPlusRefreshRateService]: notifyBrightnessChange brightness: 609.0
01-24 16:45:39.796  6999  5410 I NK_DNManager: IntentService[HiH_HiSyncService]|embedded.t|65340|sportdata-dre.things.dbankcloud.com LocalDns switch to: DNKeeper
01-24 16:45:39.796  2120  2418 D DisplayManagerService: Delivering display event: displayId=0, event=4
01-24 16:45:39.796  6999  5410 W R_NetworkClientUtils: 1500104340|R|W|response failed, url:h*t*s*/*s*o*t*a*a*d*e*t*i*g*.*b*n*c*o*d*c*m*h*a*t*E*p*n*i*n*e*t*n*e*/*e*C*r*e*t*e*s*o*, response code:404, message:Not Found
01-24 16:45:39.796  6999  5410 I NK_InterceptorExecutor: IntentService[HiH_HiSyncService]|embedded.p2|65347|response code:404
01-24 16:45:39.797  6999  5410 E HiH_SyncErrorMgr: 1500104340|R|E|checkCloudAns rsp is null
01-24 16:45:39.797  2013  5405 D NativeAudioJNI: Audio callback invoked: numFrames=256
01-24 16:45:39.797  2013  5405 D NativeAudioJNI: Calling Java callback method
01-24 16:45:39.797  6999  5410 I HiH_HiSyncUtil: 1500104340|R|I|getBusinessDataVersion syncException SYNC_EX: CLOUD_NO_ANS 
01-24 16:45:39.797  6999  5410 I HiH_HiSyncSport: 1500104340|R|I|pushData() begin !
01-24 16:45:39.798  6999  5424 I FormalHASDK: HAImpl==> onEvent. tag:_default_config_tag, type:1, eventId:85070023
01-24 16:45:39.799 27334 28668 D AudioManagerExtImpl: getStreamVolume too fast, volume index=13, package=com.instagram.android
01-24 16:45:39.799  2013  5405 D NativeAudioJNI: Audio callback invoked: numFrames=256
01-24 16:45:39.799  2013  5405 D NativeAudioJNI: Calling Java callback method
01-24 16:45:39.799  2013  5405 D AudioChannelHandler: Audio callback invoked: pcmData.size=960
01-24 16:45:39.800  9642  9658 D OplusAtlasService: getAttributeByAppName module:oplus-getStreamMaxVolume packageName:com.instagram.android
01-24 16:45:39.800  2013  5405 V OpusCodec: Encoded 960 PCM samples to 34 Opus bytes
01-24 16:45:39.800  2013  5405 D AudioChannelHandler: Opus encoding result: opusData=34 bytes
01-24 16:45:39.800  2013  5405 D AudioChannelHandler: Sending audio data to Flutter: streamId=8cd8399a-4962-48cb-8884-b34c0d3d93a8, opusData.size=34
01-24 16:45:39.801  2013  2013 D AudioChannelHandler: Audio data sent successfully
01-24 16:45:39.802  2013  2013 I flutter : [2026-01-24T16:45:39.801926] [INFO] [NetworkService]  About to send from socket: local=239.255.42.202:5000  server=192.168.1.106:5000
01-24 16:45:39.802  2013  2013 I flutter : [2026-01-24T16:45:39.802420] [INFO] [NetworkService]  Sent 124 bytes from local socket
01-24 16:45:39.804  2369  2616 D AudioManagerExtImpl: getStreamVolume packageName=com.facebook.katana, index=8, streamType=1
01-24 16:45:39.805  2013  5405 D NativeAudioJNI: Audio callback invoked: numFrames=256
01-24 16:45:39.805  2013  5405 D NativeAudioJNI: Calling Java callback method
01-24 16:45:39.810  2120  3106 W SettingsState: disallow repeat write for screen_brightness, value: 534
01-24 16:45:39.811  2013  5405 D NativeAudioJNI: Audio callback invoked: numFrames=256
01-24 16:45:39.811  2013  5405 D NativeAudioJNI: Calling Java callback method
01-24 16:45:39.816  2013  2013 I flutter :  [ActiveChannelScreen] Member list builder called
01-24 16:45:39.816  2013  2013 I flutter :    State type: CommunicationTransmitting
01-24 16:45:39.816  2013  2013 I flutter :    Active members count: 1
01-24 16:45:39.816  2013  2013 I flutter :       - Server Console (SERVER-52275765-5684-4cd3-ad8c-0a5c9c59502f)
01-24 16:45:39.818  2013  2013 I flutter :  [ActiveChannelScreen] Member list builder called
01-24 16:45:39.818  2013  2013 I flutter :    State type: CommunicationTransmitting
01-24 16:45:39.818  2013  2013 I flutter :    Active members count: 1
01-24 16:45:39.818  2013  2013 I flutter :       - Server Console (SERVER-52275765-5684-4cd3-ad8c-0a5c9c59502f)
01-24 16:45:39.818  2013  5405 D NativeAudioJNI: Audio callback invoked: numFrames=256
01-24 16:45:39.818  2013  5405 D NativeAudioJNI: Calling Java callback method
01-24 16:45:39.819  2013  2013 I flutter :  [ActiveChannelScreen] Title builder called, memberCount: 2, state: CommunicationTransmitting
01-24 16:45:39.819  2013  2013 I flutter :  [ActiveChannelScreen] Title builder called, memberCount: 2, state: CommunicationTransmitting
01-24 16:45:39.819  2013  5405 D NativeAudioJNI: Audio callback invoked: numFrames=256
01-24 16:45:39.820  2013  5405 D NativeAudioJNI: Calling Java callback method
01-24 16:45:39.820  2013  5405 D AudioChannelHandler: Audio callback invoked: pcmData.size=960
01-24 16:45:39.821  2013  5405 V OpusCodec: Encoded 960 PCM samples to 30 Opus bytes
01-24 16:45:39.821  2013  5405 D AudioChannelHandler: Opus encoding result: opusData=30 bytes
01-24 16:45:39.821  2013  5405 D AudioChannelHandler: Sending audio data to Flutter: streamId=8cd8399a-4962-48cb-8884-b34c0d3d93a8, opusData.size=30
01-24 16:45:39.822  2013  2013 D AudioChannelHandler: Audio data sent successfully
01-24 16:45:39.822  2013  2013 I flutter : [2026-01-24T16:45:39.822230] [INFO] [NetworkService]  About to send from socket: local=239.255.42.202:5000  server=192.168.1.106:5000
01-24 16:45:39.822  2013  2013 I flutter : [2026-01-24T16:45:39.822546] [INFO] [NetworkService]  Sent 120 bytes from local socket
01-24 16:45:39.827  2013  5405 D NativeAudioJNI: Audio callback invoked: numFrames=256
01-24 16:45:39.827  2013  5405 D NativeAudioJNI: Calling Java callback method
01-24 16:45:39.829  2120  2585 D DisplayPowerController[0]: onChange selfChange=false uri=content://settings/system/screen_brightness
01-24 16:45:39.829  2120  2585 D OplusDisplayPowerControllerExtImpl: original brightness:609 final brightness:609.0 scale:1.0 reason:4 darkLevel:0
01-24 16:45:39.830  2120  2585 D DisplayPowerController[0]: Brightness [609.0] reason changing to: 'automatic [ auto_adj ]', previous reason: 'automatic'. id=local:4630946896948975233
01-24 16:45:39.830  2120  2585 I DisplayPowerController[0]: BrightnessEvent: disp=0, brt=609.0(user_set), rcmdBrt=NaN, preBrt=NaN, lux=0.0, preLux=0.0, hbmMax=1.0, hbmMode=off, thrmMax=1.0, flags=user_set , reason=automatic [ auto_adj ]
01-24 16:45:39.830  2120  2585 D VRR [OPlusRefreshRateService]: notifyBrightnessChange brightness: 609.0
01-24 16:45:39.831  2120  2418 D DisplayManagerService: Delivering display event: displayId=0, event=4
01-24 16:45:39.832  2013  5405 D NativeAudioJNI: Audio callback invoked: numFrames=256
01-24 16:45:39.832  2013  5405 D NativeAudioJNI: Calling Java callback method
01-24 16:45:39.832  2120  2950 D PowerManagerService: userActivityNoUpdateLocked: groupId=0, eventTime=1399370668, event=2, flags=0x0, uid=1000
01-24 16:45:39.833  2013  2013 I flutter :  [ActiveChannelScreen] Member list builder called
01-24 16:45:39.833  2013  2013 I flutter :    State type: CommunicationTransmitting
01-24 16:45:39.833  2013  2013 I flutter :    Active members count: 1
01-24 16:45:39.833  2013  2013 I flutter :       - Server Console (SERVER-52275765-5684-4cd3-ad8c-0a5c9c59502f)
01-24 16:45:39.834  2369  2616 D AudioManagerExtImpl: getStreamVolume packageName=com.facebook.katana, index=8, streamType=1
01-24 16:45:39.835  2013  2013 I flutter :  [ActiveChannelScreen] Member list builder called
01-24 16:45:39.835  2013  2013 I flutter :    State type: CommunicationTransmitting
01-24 16:45:39.835  2013  2013 I flutter :    Active members count: 1
01-24 16:45:39.835  2013  2013 I flutter :       - Server Console (SERVER-52275765-5684-4cd3-ad8c-0a5c9c59502f)
01-24 16:45:39.836  2013  2013 I flutter :  [ActiveChannelScreen] Title builder called, memberCount: 2, state: CommunicationTransmitting
01-24 16:45:39.836  2013  2013 I flutter :  [ActiveChannelScreen] Title builder called, memberCount: 2, state: CommunicationTransmitting
01-24 16:45:39.837 18929 18974 I PlayCommon: [230130] Preparing logs for uploading
01-24 16:45:39.838 27334 28668 D AudioManagerExtImpl: getStreamVolume normal, volume index=13
01-24 16:45:39.838  9642  9658 D OplusAtlasService: getAttributeByAppName module:oplus-getStreamMaxVolume packageName:com.instagram.android
01-24 16:45:39.839  2013  5405 D NativeAudioJNI: Audio callback invoked: numFrames=256
01-24 16:45:39.839  2013  5405 D NativeAudioJNI: Calling Java callback method
01-24 16:45:39.839  2013  5405 D AudioChannelHandler: Audio callback invoked: pcmData.size=960
01-24 16:45:39.840  2013  5405 V OpusCodec: Encoded 960 PCM samples to 36 Opus bytes
01-24 16:45:39.840  2013  5405 D AudioChannelHandler: Opus encoding result: opusData=36 bytes
01-24 16:45:39.840  2013  5405 D AudioChannelHandler: Sending audio data to Flutter: streamId=8cd8399a-4962-48cb-8884-b34c0d3d93a8, opusData.size=36
01-24 16:45:39.841  2013  2013 D AudioChannelHandler: Audio data sent successfully
01-24 16:45:39.841 18929 18974 I PlayCommon: [230130] Connecting to server: https://play.googleapis.com/play/log?format=raw&proto_v2=true
01-24 16:45:39.841  2013  2013 I flutter : [2026-01-24T16:45:39.841488] [INFO] [NetworkService]  About to send from socket: local=239.255.42.202:5000  server=192.168.1.106:5000
01-24 16:45:39.841  2013  2013 I flutter : [2026-01-24T16:45:39.841814] [INFO] [NetworkService]  Sent 126 bytes from local socket
01-24 16:45:39.844  2013  5405 D NativeAudioJNI: Audio callback invoked: numFrames=256
01-24 16:45:39.844  2013  5405 D NativeAudioJNI: Calling Java callback method
01-24 16:45:39.845  4233  5398 D NetworkEvent: OplusNetworkEventCbProxy invoke.....onDnsEvent argslen:8
01-24 16:45:39.847  2120  3106 W SettingsState: disallow repeat write for screen_brightness, value: 535
01-24 16:45:39.848  2013  5405 D NativeAudioJNI: Audio callback invoked: numFrames=256
01-24 16:45:39.848  2013  5405 D NativeAudioJNI: Calling Java callback method
01-24 16:45:39.850  2013  2013 I flutter :  [ActiveChannelScreen] Member list builder called
01-24 16:45:39.850  2013  2013 I flutter :    State type: CommunicationTransmitting
01-24 16:45:39.850  2013  2013 I flutter :    Active members count: 1
01-24 16:45:39.850  2013  2013 I flutter :       - Server Console (SERVER-52275765-5684-4cd3-ad8c-0a5c9c59502f)
01-24 16:45:39.851  2013  2013 I flutter :  [ActiveChannelScreen] Member list builder called
01-24 16:45:39.851  2013  2013 I flutter :    State type: CommunicationTransmitting
01-24 16:45:39.851  2013  2013 I flutter :    Active members count: 1
01-24 16:45:39.851  2013  2013 I flutter :       - Server Console (SERVER-52275765-5684-4cd3-ad8c-0a5c9c59502f)
01-24 16:45:39.852  2013  2013 I flutter :  [ActiveChannelScreen] Title builder called, memberCount: 2, state: CommunicationTransmitting
01-24 16:45:39.852  2013  2013 I flutter :  [ActiveChannelScreen] Title builder called, memberCount: 2, state: CommunicationTransmitting
01-24 16:45:39.853  2013  5405 D NativeAudioJNI: Audio callback invoked: numFrames=256
01-24 16:45:39.853  2013  5405 D NativeAudioJNI: Calling Java callback method
01-24 16:45:39.858  2013  5405 D NativeAudioJNI: Audio callback invoked: numFrames=256
01-24 16:45:39.859  2013  5405 D NativeAudioJNI: Calling Java callback method
01-24 16:45:39.859  2116  2238 D QmiClient: qmiServiceEventCallback recv msg id 74
01-24 16:45:39.859  2116  2238 D QmiDsdClient: enter - onQmiServiceEventCallback msgId 74
01-24 16:45:39.859  2116  2238 D QmiDsdClientEvent: qmiDsdClientNotifyLteCellInfoChangeEvent - RADIO_EVENT_LTE_CELL_INFO_CHANGE_IND
01-24 16:45:39.859  2013  5405 D AudioChannelHandler: Audio callback invoked: pcmData.size=960
01-24 16:45:39.859  2116  2185 D DsdProxy: handleMessage msg is 2201
01-24 16:45:39.859  2116  2185 D DsdProxy: handleLteCellInfoChangeInd for instance 0
01-24 16:45:39.860  2013  5405 V OpusCodec: Encoded 960 PCM samples to 34 Opus bytes
01-24 16:45:39.860  2013  5405 D AudioChannelHandler: Opus encoding result: opusData=34 bytes
01-24 16:45:39.860  2013  5405 D AudioChannelHandler: Sending audio data to Flutter: streamId=8cd8399a-4962-48cb-8884-b34c0d3d93a8, opusData.size=34
01-24 16:45:39.860  4233  5398 D SubsysRadioIndication: radioLteCAInfoInd
01-24 16:45:39.861  2013  2013 D AudioChannelHandler: Audio data sent successfully
01-24 16:45:39.861  2120  2585 D DisplayPowerController[0]: onChange selfChange=false uri=content://settings/system/screen_brightness
01-24 16:45:39.861  4233  4233 D QtiCellularNetwork: handleLteCaInfoChanged 0
01-24 16:45:39.861  2013  2013 I flutter : [2026-01-24T16:45:39.861324] [INFO] [NetworkService]  About to send from socket: local=239.255.42.202:5000  server=192.168.1.106:5000
01-24 16:45:39.861  4233  4233 D QtiCellularNetwork: handleLteCaInfoChanged: deconfigured
01-24 16:45:39.861  2120  2585 D OplusDisplayPowerControllerExtImpl: original brightness:609 final brightness:609.0 scale:1.0 reason:4 darkLevel:0
01-24 16:45:39.861  2013  2013 I flutter : [2026-01-24T16:45:39.861711] [INFO] [NetworkService]  Sent 124 bytes from local socket
01-24 16:45:39.862  2120  2585 D DisplayPowerController[0]: Brightness [609.0] reason changing to: 'automatic [ auto_adj ]', previous reason: 'automatic'. id=local:4630946896948975233
01-24 16:45:39.862  2120  2585 I DisplayPowerController[0]: BrightnessEvent: disp=0, brt=609.0(user_set), rcmdBrt=NaN, preBrt=NaN, lux=0.0, preLux=0.0, hbmMax=1.0, hbmMode=off, thrmMax=1.0, flags=user_set , reason=automatic [ auto_adj ]
01-24 16:45:39.862  2120  2585 D VRR [OPlusRefreshRateService]: notifyBrightnessChange brightness: 609.0
01-24 16:45:39.863  2120  2418 D DisplayManagerService: Delivering display event: displayId=0, event=4
01-24 16:45:39.864  2369  2616 D AudioManagerExtImpl: getStreamVolume packageName=com.facebook.katana, index=8, streamType=1
01-24 16:45:39.865  2013  5405 D NativeAudioJNI: Audio callback invoked: numFrames=256
01-24 16:45:39.865  2013  5405 D NativeAudioJNI: Calling Java callback method
01-24 16:45:39.867  2013  2013 I flutter :  [ActiveChannelScreen] Member list builder called
01-24 16:45:39.867  2013  2013 I flutter :    State type: CommunicationTransmitting
01-24 16:45:39.867  2013  2013 I flutter :    Active members count: 1
01-24 16:45:39.867  2013  2013 I flutter :       - Server Console (SERVER-52275765-5684-4cd3-ad8c-0a5c9c59502f)
01-24 16:45:39.869  2013  5405 D NativeAudioJNI: Audio callback invoked: numFrames=256
01-24 16:45:39.869  2013  5405 D NativeAudioJNI: Calling Java callback method
01-24 16:45:39.869  2013  2013 I flutter :  [ActiveChannelScreen] Member list builder called
01-24 16:45:39.870  2013  2013 I flutter :    State type: CommunicationTransmitting
01-24 16:45:39.870  2013  2013 I flutter :    Active members count: 1
01-24 16:45:39.870  2013  2013 I flutter :       - Server Console (SERVER-52275765-5684-4cd3-ad8c-0a5c9c59502f)
01-24 16:45:39.872  2013  2013 I flutter :  [ActiveChannelScreen] Title builder called, memberCount: 2, state: CommunicationTransmitting
01-24 16:45:39.872  2013  2013 I flutter :  [ActiveChannelScreen] Title builder called, memberCount: 2, state: CommunicationTransmitting
01-24 16:45:39.873  2013  5405 D NativeAudioJNI: Audio callback invoked: numFrames=256
01-24 16:45:39.873  2013  5405 D NativeAudioJNI: Calling Java callback method
01-24 16:45:39.876  2120  3106 W SettingsState: disallow repeat write for screen_brightness, value: 536
01-24 16:45:39.879 27334 28668 D AudioManagerExtImpl: getStreamVolume normal, volume index=13
01-24 16:45:39.879  9642  9658 D OplusAtlasService: getAttributeByAppName module:oplus-getStreamMaxVolume packageName:com.instagram.android
01-24 16:45:39.879  2013  5405 D NativeAudioJNI: Audio callback invoked: numFrames=256
01-24 16:45:39.879  2013  5405 D NativeAudioJNI: Calling Java callback method
01-24 16:45:39.880  2013  5405 D AudioChannelHandler: Audio callback invoked: pcmData.size=960
01-24 16:45:39.881  2013  5405 V OpusCodec: Encoded 960 PCM samples to 32 Opus bytes
01-24 16:45:39.881  2013  5405 D AudioChannelHandler: Opus encoding result: opusData=32 bytes
01-24 16:45:39.881  2013  5405 D AudioChannelHandler: Sending audio data to Flutter: streamId=8cd8399a-4962-48cb-8884-b34c0d3d93a8, opusData.size=32
01-24 16:45:39.882  2013  2013 D AudioChannelHandler: Audio data sent successfully
01-24 16:45:39.882  2013  2013 I flutter : [2026-01-24T16:45:39.882382] [INFO] [NetworkService]  About to send from socket: local=239.255.42.202:5000  server=192.168.1.106:5000
01-24 16:45:39.882  2013  2013 I flutter : [2026-01-24T16:45:39.882688] [INFO] [NetworkService]  Sent 122 bytes from local socket
01-24 16:45:39.883  2013  2013 I flutter :  [ActiveChannelScreen] Member list builder called
01-24 16:45:39.883  2013  2013 I flutter :    State type: CommunicationTransmitting
01-24 16:45:39.883  2013  2013 I flutter :    Active members count: 1
01-24 16:45:39.883  2013  2013 I flutter :       - Server Console (SERVER-52275765-5684-4cd3-ad8c-0a5c9c59502f)
01-24 16:45:39.884  2013  2013 I flutter :  [ActiveChannelScreen] Member list builder called
01-24 16:45:39.885  2013  2013 I flutter :    State type: CommunicationTransmitting
01-24 16:45:39.885  2013  2013 I flutter :    Active members count: 1
01-24 16:45:39.885  2013  2013 I flutter :       - Server Console (SERVER-52275765-5684-4cd3-ad8c-0a5c9c59502f)
01-24 16:45:39.885  2013  2013 I flutter :  [ActiveChannelScreen] Title builder called, memberCount: 2, state: CommunicationTransmitting
01-24 16:45:39.886  2013  2013 I flutter :  [ActiveChannelScreen] Title builder called, memberCount: 2, state: CommunicationTransmitting
01-24 16:45:39.887  2013  5405 D NativeAudioJNI: Audio callback invoked: numFrames=256
01-24 16:45:39.887  2013  5405 D NativeAudioJNI: Calling Java callback method
01-24 16:45:39.892  2013  5405 D NativeAudioJNI: Audio callback invoked: numFrames=256
01-24 16:45:39.892  2013  5405 D NativeAudioJNI: Calling Java callback method
01-24 16:45:39.894  2120  2585 D DisplayPowerController[0]: onChange selfChange=false uri=content://settings/system/screen_brightness
01-24 16:45:39.895  2013  5405 D NativeAudioJNI: Audio callback invoked: numFrames=256
01-24 16:45:39.895  2013  5405 D NativeAudioJNI: Calling Java callback method
01-24 16:45:39.895  2120  2585 D OplusDisplayPowerControllerExtImpl: original brightness:609 final brightness:609.0 scale:1.0 reason:4 darkLevel:0
01-24 16:45:39.896  2120  2585 D DisplayPowerController[0]: Brightness [609.0] reason changing to: 'automatic [ auto_adj ]', previous reason: 'automatic'. id=local:4630946896948975233
01-24 16:45:39.896  2120  2585 I DisplayPowerController[0]: BrightnessEvent: disp=0, brt=609.0(user_set), rcmdBrt=NaN, preBrt=NaN, lux=0.0, preLux=0.0, hbmMax=1.0, hbmMode=off, thrmMax=1.0, flags=user_set , reason=automatic [ auto_adj ]
01-24 16:45:39.896  2120  2585 D VRR [OPlusRefreshRateService]: notifyBrightnessChange brightness: 609.0
01-24 16:45:39.896  2120  2418 D DisplayManagerService: Delivering display event: displayId=0, event=4
01-24 16:45:39.898 27334 28668 D AudioManagerExtImpl: getStreamVolume too fast, volume index=13, package=com.instagram.android
01-24 16:45:39.899  9642  9658 D OplusAtlasService: getAttributeByAppName module:oplus-getStreamMaxVolume packageName:com.instagram.android
01-24 16:45:39.901  2013  5405 D NativeAudioJNI: Audio callback invoked: numFrames=256
01-24 16:45:39.901  2013  5405 D NativeAudioJNI: Calling Java callback method
01-24 16:45:39.901  2013  5405 D AudioChannelHandler: Audio callback invoked: pcmData.size=960
01-24 16:45:39.902  2013  5405 V OpusCodec: Encoded 960 PCM samples to 38 Opus bytes
01-24 16:45:39.902  2013  5405 D AudioChannelHandler: Opus encoding result: opusData=38 bytes
01-24 16:45:39.902  2013  5405 D AudioChannelHandler: Sending audio data to Flutter: streamId=8cd8399a-4962-48cb-8884-b34c0d3d93a8, opusData.size=38
01-24 16:45:39.903  2013  2013 D AudioChannelHandler: Audio data sent successfully
01-24 16:45:39.904  2013  2013 I flutter : [2026-01-24T16:45:39.904040] [INFO] [NetworkService]  About to send from socket: local=239.255.42.202:5000  server=192.168.1.106:5000
01-24 16:45:39.904  2013  2013 I flutter : [2026-01-24T16:45:39.904423] [INFO] [NetworkService]  Sent 128 bytes from local socket
01-24 16:45:39.905  2369  2616 D AudioManagerExtImpl: getStreamVolume packageName=com.facebook.katana, index=8, streamType=1
01-24 16:45:39.908  2013  5405 D NativeAudioJNI: Audio callback invoked: numFrames=256
01-24 16:45:39.908  2013  5405 D NativeAudioJNI: Calling Java callback method
01-24 16:45:39.910  2120  3106 W SettingsState: disallow repeat write for screen_brightness, value: 537
01-24 16:45:39.912  2013  5405 D NativeAudioJNI: Audio callback invoked: numFrames=256
01-24 16:45:39.913  2013  5405 D NativeAudioJNI: Calling Java callback method
01-24 16:45:39.913 10993 11272 D LogUtil_LogConfig: getLogFile(): logFilePath = /data/user/0/com.huawei.health/files/com.huawei.health/com.huawei.health_PhoneService/
01-24 16:45:39.914 10993 11272 D LogUtil_LogConfig: acquireMaxLogFileLengthContainsOffset describe: com.huawei.health:PhoneService result:10485760
01-24 16:45:39.917  2013  5405 D NativeAudioJNI: Audio callback invoked: numFrames=256
01-24 16:45:39.917  2013  5405 D NativeAudioJNI: Calling Java callback method
01-24 16:45:39.917  2013  5405 D AudioChannelHandler: Audio callback invoked: pcmData.size=960
01-24 16:45:39.917  2013  2013 I flutter :  [ActiveChannelScreen] Member list builder called
01-24 16:45:39.917  2013  2013 I flutter :    State type: CommunicationTransmitting
01-24 16:45:39.917  2013  2013 I flutter :    Active members count: 1
01-24 16:45:39.917  2013  2013 I flutter :       - Server Console (SERVER-52275765-5684-4cd3-ad8c-0a5c9c59502f)
01-24 16:45:39.918  2013  5405 V OpusCodec: Encoded 960 PCM samples to 32 Opus bytes
01-24 16:45:39.918  2013  5405 D AudioChannelHandler: Opus encoding result: opusData=32 bytes
01-24 16:45:39.918  2013  5405 D AudioChannelHandler: Sending audio data to Flutter: streamId=8cd8399a-4962-48cb-8884-b34c0d3d93a8, opusData.size=32
01-24 16:45:39.919  2013  2013 I flutter :  [ActiveChannelScreen] Member list builder called
01-24 16:45:39.919  2013  2013 I flutter :    State type: CommunicationTransmitting
01-24 16:45:39.919  2013  2013 I flutter :    Active members count: 1
01-24 16:45:39.919  2013  2013 I flutter :       - Server Console (SERVER-52275765-5684-4cd3-ad8c-0a5c9c59502f)
01-24 16:45:39.919  2013  2013 I flutter :  [ActiveChannelScreen] Title builder called, memberCount: 2, state: CommunicationTransmitting
01-24 16:45:39.919  2013  2013 I flutter :  [ActiveChannelScreen] Title builder called, memberCount: 2, state: CommunicationTransmitting
01-24 16:45:39.921  2013  2013 D AudioChannelHandler: Audio data sent successfully
01-24 16:45:39.922  2013  5405 D NativeAudioJNI: Audio callback invoked: numFrames=256
01-24 16:45:39.922  2013  5405 D NativeAudioJNI: Calling Java callback method
01-24 16:45:39.922  2013  2013 I flutter : [2026-01-24T16:45:39.922296] [INFO] [NetworkService]  About to send from socket: local=239.255.42.202:5000  server=192.168.1.106:5000
01-24 16:45:39.922  2013  2013 I flutter : [2026-01-24T16:45:39.922623] [INFO] [NetworkService]  Sent 122 bytes from local socket
01-24 16:45:39.929  2013  5405 D NativeAudioJNI: Audio callback invoked: numFrames=256
01-24 16:45:39.929  2013  5405 D NativeAudioJNI: Calling Java callback method
01-24 16:45:39.929  2120  2585 D DisplayPowerController[0]: onChange selfChange=false uri=content://settings/system/screen_brightness
01-24 16:45:39.929  2120  2585 D OplusDisplayPowerControllerExtImpl: original brightness:609 final brightness:609.0 scale:1.0 reason:4 darkLevel:0
01-24 16:45:39.930  2120  2585 D DisplayPowerController[0]: Brightness [609.0] reason changing to: 'automatic [ auto_adj ]', previous reason: 'automatic'. id=local:4630946896948975233
01-24 16:45:39.931  2120  2585 I DisplayPowerController[0]: BrightnessEvent: disp=0, brt=609.0(user_set), rcmdBrt=NaN, preBrt=NaN, lux=0.0, preLux=0.0, hbmMax=1.0, hbmMode=off, thrmMax=1.0, flags=user_set , reason=automatic [ auto_adj ]
01-24 16:45:39.931  2120  2585 D VRR [OPlusRefreshRateService]: notifyBrightnessChange brightness: 609.0
01-24 16:45:39.932  2120  2418 D DisplayManagerService: Delivering display event: displayId=0, event=4
01-24 16:45:39.933  2013  2013 I flutter :  [ActiveChannelScreen] Member list builder called
01-24 16:45:39.933  2013  2013 I flutter :    State type: CommunicationTransmitting
01-24 16:45:39.933  2013  2013 I flutter :    Active members count: 1
01-24 16:45:39.933  2013  2013 I flutter :       - Server Console (SERVER-52275765-5684-4cd3-ad8c-0a5c9c59502f)
01-24 16:45:39.933  2013  5405 D NativeAudioJNI: Audio callback invoked: numFrames=256
01-24 16:45:39.934  2013  5405 D NativeAudioJNI: Calling Java callback method
01-24 16:45:39.935  2013  2013 I flutter :  [ActiveChannelScreen] Member list builder called
01-24 16:45:39.935  2013  2013 I flutter :    State type: CommunicationTransmitting
01-24 16:45:39.935  2013  2013 I flutter :    Active members count: 1
01-24 16:45:39.935  2013  2013 I flutter :       - Server Console (SERVER-52275765-5684-4cd3-ad8c-0a5c9c59502f)
01-24 16:45:39.936  2013  2013 I flutter :  [ActiveChannelScreen] Title builder called, memberCount: 2, state: CommunicationTransmitting
01-24 16:45:39.936  2013  2013 I flutter :  [ActiveChannelScreen] Title builder called, memberCount: 2, state: CommunicationTransmitting
01-24 16:45:39.936  2369  2616 D AudioManagerExtImpl: getStreamVolume packageName=com.facebook.katana, index=8, streamType=1
01-24 16:45:39.937 27334 28668 D AudioManagerExtImpl: getStreamVolume normal, volume index=13
