01-24 16:45:12.069  2120  3937 I GameClassifierImpl: updateGameListInfo 195
01-24 16:45:12.070  2120  3937 I GameClassifierImpl: Game size 6
01-24 16:45:12.391  2120  3344 I GameManagerServiceExt: find sub services
01-24 16:45:12.435  2120  3344 I GameClassifierUsingOiface: update size: 5
01-24 16:45:12.505  2120  2950 D PowerManagerService: userActivityNoUpdateLocked: groupId=0, eventTime=1399343340, event=2, flags=0x0, uid=1000
01-24 16:45:12.560  2120  2448 W LoadedApk: System took : 482ms in onReceive of class com.android.server.search.SearchManagerService$MyPackageMonitor for action : android.intent.action.PACKAGE_CHANGED
01-24 16:45:12.561  2120  2448 V AutofillManagerService: onPackageModified(): com.ecologicaleaving.fin.dev
01-24 16:45:12.754  2120  3937 I GameManagerServiceExt: re: 2, Bundle[mParcelledData.dataSize=34180] .
01-24 16:45:12.755  2120  3937 I GameClassifierImpl: updateGameListInfo 197
01-24 16:45:12.755  2120  3937 I GameClassifierImpl: Game size 8
01-24 16:45:12.911  2120  2418 I ActivityManager: Killing 32125:com.stageconnect.stage_connect/u0a655 (adj 945): remove task
01-24 16:45:12.934  2120  3564 I WallpaperManagerServiceExt: getFoldWallpaperInfo user=0 which=32 phyDisplay=1
01-24 16:45:12.934  2120  3564 I WallpaperManagerServiceExt: getFoldWallpaperInfo user=0 which=16 phyDisplay=1
01-24 16:45:12.935  2120  3564 D OplusAppListInterceptManager: shouldFilterTask
01-24 16:45:12.935  2120  3564 D OplusAppListInterceptManager: shouldFilterTask::packageName = com.whatsapp
01-24 16:45:12.946  2120  3564 I WallpaperManagerServiceExt: getFoldWallpaperInfo user=0 which=32 phyDisplay=1
01-24 16:45:12.946  2120  3564 I WallpaperManagerServiceExt: getFoldWallpaperInfo user=0 which=16 phyDisplay=1
01-24 16:45:12.949  2120  3564 E OplusAthenaAm: AthenaAmManagerInternal transact code hello:6,flags:0
01-24 16:45:12.949  2120  3564 E OplusAthenaAm: AthenaAmManagerInternal transact code hello:7,flags:0
01-24 16:45:12.978  2120  3564 D OplusAppListInterceptManager: shouldFilterTask
01-24 16:45:12.978  2120  3564 D OplusAppListInterceptManager: shouldFilterTask::packageName = com.whatsapp
01-24 16:45:13.013  2120  3936 D OplusAppListInterceptManager: shouldFilterTask
01-24 16:45:13.013  2120  3936 D OplusAppListInterceptManager: shouldFilterTask::packageName = com.whatsapp
01-24 16:45:13.508  2120  2950 D PowerManagerService: userActivityNoUpdateLocked: groupId=0, eventTime=1399344342, event=2, flags=0x0, uid=1000
01-24 16:45:13.510  2120  3937 E OplusCustomizeRestrictionManagerService: isHomeButtonDisabled start
01-24 16:45:13.510  2120  3937 I OplusJoystickManager: read game pad state for game manager -> false
01-24 16:45:13.510  2120  3937 W OplusJoystickManager: mInterceptGamepadKey is false
01-24 16:45:13.512  2120  2950 D PowerManagerService: userActivityNoUpdateLocked: groupId=0, eventTime=1399344346, event=1, flags=0x0, uid=1000
01-24 16:45:13.666  2120  2950 D PowerManagerService: userActivityNoUpdateLocked: groupId=0, eventTime=1399344501, event=2, flags=0x0, uid=1000
01-24 16:45:13.689  2120  3937 I OplusJoystickManager: read game pad state for game manager -> false
01-24 16:45:13.689  2120  3937 W OplusJoystickManager: mInterceptGamepadKey is false
01-24 16:45:13.690  2120  2950 D PowerManagerService: userActivityNoUpdateLocked: groupId=0, eventTime=1399344525, event=1, flags=0x0, uid=1000
01-24 16:45:13.693  2120  2950 D PowerManagerService: userActivityNoUpdateLocked: groupId=0, eventTime=1399344530, event=0, flags=0x0, uid=1000
01-24 16:45:13.694  2120  2415 D AutofillManagerService: Close system dialogs
01-24 16:45:13.694  2120  2416 V AutofillUI: hideSaveUiUiThread(): mSaveUi=null, callback=null, mCallback=Session: [id=393329297, component=ComponentInfo{com.whatsapp/com.whatsapp.Conversation}, state=STATE_ACTIVE]
01-24 16:45:13.698  2120  2950 D OplusNewFeaturesDisplayingManager: markedToDisplayNewFeatures=false, markedToDisplayNewPolicies=false, welcomePageExists=true
01-24 16:45:13.701  2120  2950 I ActivityTaskManager: START u0 {act=android.intent.action.MAIN cat=[android.intent.category.HOME] flg=0x10000100 cmp=com.android.launcher/.Launcher (has extras)} from uid 0
01-24 16:45:13.708  2120  2950 D OplusZoomWindowManagerService: updateZoomStack : stack = Task{112be52 #1 type=home ?? U=0 visible=true visibleRequested=true mode=fullscreen translucent=false sz=1}
01-24 16:45:13.726  2120  3937 V WindowManager: Relayout Window{4434d2d u0 com.android.launcher/com.android.launcher.Launcher}: viewVisibility=0, oldvis=0, req=1080x2412
01-24 16:45:14.058  2120  2587 D OplusSmartBrightnessController: handleMessage MSG_LUX_CHANGED, mLux:17.172644 luxQueue=[17.1375, 17.1375, 17.3125, 17.1375, 17.1375]
01-24 16:45:14.510  2120  2950 D PowerManagerService: userActivityNoUpdateLocked: groupId=0, eventTime=1399345343, event=2, flags=0x0, uid=1000
01-24 16:45:14.645  2120  2950 D PowerManagerService: userActivityNoUpdateLocked: groupId=0, eventTime=1399345480, event=2, flags=0x0, uid=1000
01-24 16:45:14.665  2120  3936 D OplusOsPackageManager: removePkgFromNotLaunchedList com.stageconnect.stage_connect
01-24 16:45:14.665  2120  3936 I ActivityTaskManager: START u0 {act=android.intent.action.MAIN cat=[android.intent.category.LAUNCHER] flg=0x10200000 cmp=com.stageconnect.stage_connect/.MainActivity bnds=[437,1334][643,1623] mCallingUid=10116} from uid 10116
01-24 16:45:14.665  2120  3936 D MultiApp.CMAService: changeIntentIfNeed --- from launcher
01-24 16:45:14.670  2120  3936 D CompatibilityChangeReporter: Compat change id reported: 194480991; UID 10655; state: ENABLED
01-24 16:45:14.675  2120  3936 D OplusZoomWindowManagerService: onConfigurationChanged rotation not changed - prevRotation: 0
01-24 16:45:14.676  2120  3936 I OplusScreenSecurityMask: onStackAdded task = Task{6b7bb30 #4827 type=standard ?? U=0 visible=false visibleRequested=false mode=fullscreen translucent=true sz=0} record = null displayId = 0
01-24 16:45:14.677  2120  3936 I OplusScreenSecurityMask: onStackAdded task = Task{6b7bb30 #4827 type=standard I=com.stageconnect.stage_connect/.MainActivity U=0 visible=false visibleRequested=false mode=fullscreen translucent=true sz=0} record = null displayId = 0
01-24 16:45:14.678  2120  3936 D CompatibilityChangeReporter: Compat change id reported: 174042980; UID 10655; state: DISABLED
01-24 16:45:14.678  2120  3936 D CompatibilityChangeReporter: Compat change id reported: 184838306; UID 10655; state: DISABLED
01-24 16:45:14.678  2120  3936 D CompatibilityChangeReporter: Compat change id reported: 185004937; UID 10655; state: DISABLED
01-24 16:45:14.678  2120  3936 D CompatibilityChangeReporter: Compat change id reported: 181136395; UID 10655; state: DISABLED
01-24 16:45:14.678  2120  3936 D CompatibilityChangeReporter: Compat change id reported: 174042936; UID 10655; state: DISABLED
01-24 16:45:14.679  2120  3936 D TaskFragmentExtImpl: add ActivityRecord{62234e2 u0 com.stageconnect.stage_connect/.MainActivity} t4827} to mActivityRecordSum = Counter{ com.stageconnect.stage_connect/.MainActivity(1) }
01-24 16:45:14.679  2120  3936 D CompatibilityChangeReporter: Compat change id reported: 197654537; UID 10655; state: ENABLED
01-24 16:45:14.680  2120  3936 D ActivityTaskManager: getStartingWindowType: newTask=true, taskSwitch=true, processRunning=false, allowTaskSnapshot=true, activityCreated=false, snapshot=null, record:ActivityRecord{62234e2 u0 com.stageconnect.stage_connect/.MainActivity} t4827}
01-24 16:45:14.680  2120  3936 D CompatibilityChangeReporter: Compat change id reported: 205907456; UID 10655; state: ENABLED
01-24 16:45:14.681  2120  3936 V OplusZoomWindowManagerService: windowMode: 0 ,stack: Task{6b7bb30 #4827 type=standard I=com.stageconnect.stage_connect/.MainActivity U=0 visible=true visibleRequested=false mode=fullscreen translucent=true sz=1}
01-24 16:45:14.685  2120  3936 D CompatibilityChangeReporter: Compat change id reported: 194833441; UID 10655; state: ENABLED
01-24 16:45:14.686  3447  3574 D PhoneStartingWindowTypeAlgorithm: preferredStartingWindowType newTask=true, taskSwitch=true, processRunning=false, allowTaskSnapshot=true, activityCreated=false, isSolidColorSplashScreen=false, legacySplashScreen=false, activityDrawn=false, topIsHome=false
01-24 16:45:14.691  3447  3574 D OplusShellStartingWindowManager: adjustSuggestedWindowType: skip no-system app and no-exception list app
01-24 16:45:14.694  3447  3575 D ShellStartingWindow: getWindowAttrs window attributes color: 0, replace icon: false
01-24 16:45:14.694  3447  3575 W ShellStartingWindow: peekWindowBGColor mWindowBgColor:0 mWindowBgResId:2131165285 estimatedWindowBGColor:-1
01-24 16:45:14.699  3447  3575 D ShellStartingWindow: inconsize = 480
01-24 16:45:14.701  2120  4109 D CompatibilityChangeReporter: Compat change id reported: 168419799; UID 10655; state: DISABLED
01-24 16:45:14.701  2120  4109 D OplusFullScreenDisplayManager: adjustWindowParamsLw com.stageconnect.stage_connect, no change cutoutMode: 0
01-24 16:45:14.702  2120  4109 I WindowManager: addWindow: New client android.os.BinderProxy@2e49aeb : window=Window{f4bc048 u0 Splash Screen com.stageconnect.stage_connect}
01-24 16:45:14.704  2120  3936 D CoreBackPreview: Window{f4bc048 u0 Splash Screen com.stageconnect.stage_connect}: Setting back callback OnBackInvokedCallbackInfo{mCallback=android.window.IOnBackInvokedCallback$Stub$Proxy@9294406, mPriority=0}
01-24 16:45:14.705  2120  2418 D CompatibilityChangeReporter: Compat change id reported: 135634846; UID 10655; state: DISABLED
01-24 16:45:14.705  2120  2418 D CompatibilityChangeReporter: Compat change id reported: 177438394; UID 10655; state: DISABLED
01-24 16:45:14.705  2120  2418 D CompatibilityChangeReporter: Compat change id reported: 135772972; UID 10655; state: DISABLED
01-24 16:45:14.706  2120  2418 D CompatibilityChangeReporter: Compat change id reported: 135754954; UID 10655; state: ENABLED
01-24 16:45:14.706  2120  2481 D CompatibilityChangeReporter: Compat change id reported: 143937733; UID 10655; state: ENABLED
01-24 16:45:14.709  3447  3574 D OplusShellStartingWindowManager: handleSplashScreenView: normal third app or no-default
01-24 16:45:14.710  2120  3639 D OplusFullScreenDisplayManager: adjustWindowParamsLw com.stageconnect.stage_connect, no change cutoutMode: 0
01-24 16:45:14.711  2120  3639 V WindowManager: Relayout Window{f4bc048 u0 Splash Screen com.stageconnect.stage_connect}: viewVisibility=0, oldvis=0, req=1080x2412
01-24 16:45:14.715  2120  3639 V WindowManager: Changing focus from Window{4434d2d u0 com.android.launcher/com.android.launcher.Launcher} to null,diplayid=0
01-24 16:45:14.729  3447  3574 D ViewRootImplExtImpl: Block resize report for SplashScreen of systemui.
01-24 16:45:14.730  2120  3639 D WindowManager: finishDrawingWindow: Window{f4bc048 u0 Splash Screen com.stageconnect.stage_connect} mDrawState=DRAW_PENDING
01-24 16:45:14.732  2120  2481 I ActivityManager: Start proc 2013:com.stageconnect.stage_connect/u0a655 for next-top-activity {com.stageconnect.stage_connect/com.stageconnect.stage_connect.MainActivity}
01-24 16:45:14.741  2120  2419 I WindowStateExtImpl: onSurfaceShowChange show = true mPackageName = com.stageconnect.stage_connect parentPkgName = com.stageconnect.stage_connect
01-24 16:45:14.761  2120  4109 D OplusDexOptimizeManager: Do not in AppLaunchOptList!
01-24 16:45:14.765  2120  4109 I OplusAppSwitchManagerService: appswitch hasProcess ActivityRecord{62234e2 u0 com.stageconnect.stage_connect/.MainActivity} t4827}
01-24 16:45:14.765  2120  4109 I OplusJoystickManager: handleApplicationSwitch deprecated!
01-24 16:45:14.766  2120  4109 I OplusAppSwitchManagerService: appswitch hasProcess ActivityRecord{62234e2 u0 com.stageconnect.stage_connect/.MainActivity} t4827}
01-24 16:45:14.766  2120  4366 D OplusAppSwitchListener: Detect com.android.launcher switch to background
01-24 16:45:14.766  2120  4366 D OplusEapManager: mTargetExitName :com.android.launcher
01-24 16:45:14.766  2120  4366 D VRR [OPlusFrontAppManager]: OnAppSwitchObserver: onAppExit , info.targetName = com.android.launcher
01-24 16:45:14.766  2120  4366 D VRR [OPlusFrontAppManager]: packageName: null
01-24 16:45:14.766  2120  2744 D VRR [OPlusRefreshRateService]: handleFrontAppChange pkgName: null
01-24 16:45:14.767  2120  2744 D VRR [OPlusExternalRefreshRateManager]: setFrontPackageName pkgName: null CurPkgName: com.android.launcher
01-24 16:45:14.767  2120  4109 D ActivityTaskManager: onWindowFocusChanged Task{6b7bb30 #4827 type=standard I=com.stageconnect.stage_connect/.MainActivity U=0 visible=true visibleRequested=true mode=fullscreen translucent=false sz=1} would transfer to compact
01-24 16:45:14.769  2120  2505 E OplusThermalStats: Error getting package info: com.stageconnect.stage_connect
01-24 16:45:14.769  2120  2418 D OplusKeepAliveManager: TOP_APP is ProcessRecord{beffac7 2013:com.stageconnect.stage_connect/u0a655} uid is 10655
01-24 16:45:14.784  2120  2820 D CompatibilityChangeReporter: Compat change id reported: 157233955; UID 1000; state: ENABLED
01-24 16:45:14.785  2120  4366 D OplusAppSwitchListener: Detect com.stageconnect.stage_connect switch to foreground
01-24 16:45:14.785  2120  4366 D OplusEapManager: mTargetEnterName :com.stageconnect.stage_connect
01-24 16:45:14.786  2120  4366 D VRR [OPlusFrontAppManager]: OnAppSwitchObserver: onAppEnter , info.targetName = com.stageconnect.stage_connect
01-24 16:45:14.786  2120  4366 D VRR [OPlusFrontAppManager]: packageName: com.stageconnect.stage_connect
01-24 16:45:14.786  2120  2744 D VRR [OPlusRefreshRateService]: handleFrontAppChange pkgName: com.stageconnect.stage_connect
01-24 16:45:14.786  2120  2744 D VRR [OPlusExternalRefreshRateManager]: setFrontPackageName pkgName: com.stageconnect.stage_connect CurPkgName: null
01-24 16:45:14.790  4201  4316 W ContextImpl: Calling a method in the system process without a qualified user: android.app.ContextImpl.startService:1889 android.content.ContextWrapper.startService:827 u1.c.c:8 u1.c.a:4 y2.b.f:4 
01-24 16:45:14.810  2120  3937 D OplusAppListInterceptManager: shouldFilterTask
01-24 16:45:14.810  2120  3937 D OplusAppListInterceptManager: shouldFilterTask::packageName = com.stageconnect.stage_connect
01-24 16:45:14.810  2120  3937 D OplusAppListInterceptManager: shouldFilterTask
01-24 16:45:14.810  2120  3937 D OplusAppListInterceptManager: shouldFilterTask::packageName = com.whatsapp
01-24 16:45:14.830  2120  3936 D OplusActivityManagerServiceEnhance: setGlThreads detect 2013 5285
01-24 16:45:14.910  2013  2013 D OplusInputMethodUtil: init sDebug to false, init sDebugIme to false, init sAlwaysOn to false
01-24 16:45:14.910  2013  2013 D OplusInputMethodUtil: updateDebugToClass InputMethodManager.DEBUG = false
01-24 16:45:14.910  2013  2013 D OplusInputMethodUtil: updateDebugToClass ImeFocusController.DEBUG = false
01-24 16:45:14.911  2013  2013 D OplusInputMethodUtil: updateDebugToClass BaseInputConnection.DEBUG = false
01-24 16:45:14.911  2013  2013 D OplusInputMethodUtil: updateDebugToClass ImeFocusController.sDebugIme = false
01-24 16:45:14.936  2120  4109 D OplusFullScreenDisplayManager: adjustWindowParamsLw com.stageconnect.stage_connect, no change cutoutMode: 0
01-24 16:45:14.938  2120  4109 I WindowManager: addWindow: New client android.os.BinderProxy@d0047ee : window=Window{f1d548f u0 com.stageconnect.stage_connect/com.stageconnect.stage_connect.MainActivity}
01-24 16:45:14.939  2120  3639 D CoreBackPreview: Window{f1d548f u0 com.stageconnect.stage_connect/com.stageconnect.stage_connect.MainActivity}: Setting back callback OnBackInvokedCallbackInfo{mCallback=android.window.IOnBackInvokedCallback$Stub$Proxy@c3fcb25, mPriority=0}
01-24 16:45:14.945  2013  2013 I Quality : Skipped: false 1 cost 18.373487 refreshRate 16674830 bit true processName com.stageconnect.stage_connect
01-24 16:45:14.954  2120  3639 D OplusFullScreenDisplayManager: adjustWindowParamsLw com.stageconnect.stage_connect, no change cutoutMode: 0
01-24 16:45:14.954  2120  3639 V WindowManager: Relayout Window{f1d548f u0 com.stageconnect.stage_connect/com.stageconnect.stage_connect.MainActivity}: viewVisibility=0, oldvis=4, req=1080x2412
01-24 16:45:14.957  2120  3639 V WindowManager: Changing focus from null to Window{f1d548f u0 com.stageconnect.stage_connect/com.stageconnect.stage_connect.MainActivity},diplayid=0
01-24 16:45:14.966  2013  2013 V ZoomWindowDecorView: setLastReportedMergedConfiguration mZoomDisplayHeight: 2412 getDecorView.87331842
01-24 16:45:14.980  2120  3639 D OplusActivityManagerServiceEnhance: setGlThreads detect 2013 5290
01-24 16:45:15.009  2120  2419 V OplusZoomWindowManagerService: onAnimationFinished:  r = ActivityRecord{6bdbca2 u0 com.android.launcher/.Launcher} t6}
01-24 16:45:15.014  2120  2419 V OplusZoomWindowManagerService: onAnimationFinished:  r = ActivityRecord{62234e2 u0 com.stageconnect.stage_connect/.MainActivity} t4827}
01-24 16:45:15.014  2120  2419 I OplusAppSwitchManagerService:  handleAppVisible , r = ActivityRecord{62234e2 u0 com.stageconnect.stage_connect/.MainActivity} t4827}
01-24 16:45:15.023  2120  2418 I VRR [OPlusRefreshRateManager]: hasADFRFeature return false
01-24 16:45:15.024  2120  2418 I DisplayManagerService: Comparing display specs: baseModeId=2 allowGroupSwitching=false primaryRefreshRateRange=[0 60] appRequestRefreshRateRange=[0 60] vrrPolicy=POLICY_DEFAULT, existing: baseModeId=2 allowGroupSwitching=false primaryRefreshRateRange=[0 60] appRequestRefreshRateRange=[0 60] vrrPolicy=POLICY_DEFAULT
01-24 16:45:15.025  2013  2013 I Quality : Skipped: false 4 cost 67.229546 refreshRate 16654441 bit true processName com.stageconnect.stage_connect
01-24 16:45:15.034  2120  4109 V WindowManager: Relayout Window{4434d2d u0 com.android.launcher/com.android.launcher.Launcher}: viewVisibility=8, oldvis=0, req=1080x2412
01-24 16:45:15.043  2120  3935 D OplusFullScreenDisplayManager: adjustWindowParamsLw com.stageconnect.stage_connect, no change cutoutMode: 0
01-24 16:45:15.044  2120  3935 V WindowManager: Relayout Window{f1d548f u0 com.stageconnect.stage_connect/com.stageconnect.stage_connect.MainActivity}: viewVisibility=0, oldvis=0, req=1080x2412
01-24 16:45:15.099  2120  4109 D WindowManager: finishDrawingWindow: Window{f1d548f u0 com.stageconnect.stage_connect/com.stageconnect.stage_connect.MainActivity} mDrawState=DRAW_PENDING
01-24 16:45:15.108  2120  2419 D OplusStartingWindowManager: interceptRemoveStartingWindow: packageName=com.stageconnect.stage_connect, isSnapshot=false, startingSurfaceRunnable=null
01-24 16:45:15.108  2120  2419 D OplusSplitScreenDnDUI: notifyRemoveStartingWindow isSpitScreenDrag = false mDropTargetSurface = null StartingWindowpkgName = com.stageconnect.stage_connect DragPkg = null isLauncherResume = false
01-24 16:45:15.114  2120  2419 I Quality : LaunchTime2.0: com.stageconnect.stage_connect/.MainActivity 1 427
01-24 16:45:15.139  2120  4109 V AutofillManagerServiceImpl: updateSessionLocked(): session gone for 2147483647(10116)
01-24 16:45:15.147  2120  4109 D InputMethodManagerService: isSecurity: attribute.packageName=com.stageconnect.stage_connect mCurMethodId=com.google.android.inputmethod.latin/com.android.inputmethod.latin.LatinIME
01-24 16:45:15.147  2120  4109 D InputMethodManagerService: isSecurity= false (  enable=false needShow=false inBlackList=false isExist=false )
01-24 16:45:15.153  2120  4109 D CompatibilityChangeReporter: Compat change id reported: 214016041; UID 10655; state: ENABLED
01-24 16:45:15.176  2120  4109 V AutofillInlineSuggestionsRequestSession: onInputMethodFinishInput() received
01-24 16:45:15.176  2120  2120 V AutofillInlineSuggestionsRequestSession: maybeUpdateResponseToImeLocked called
01-24 16:45:15.184  2120  3937 V AutofillInlineSuggestionsRequestSession: onInputMethodStartInput() received on 0
01-24 16:45:15.186  2120  2120 V AutofillInlineSuggestionsRequestSession: maybeUpdateResponseToImeLocked called
01-24 16:45:15.192  2120  3935 D InputMethodManagerService: onHandleImeWindowVisibleStatus: vis = 0, needsToShowImeSwitcher = false
01-24 16:45:15.285  2120  2585 D CameraDelegate: handleMessage:200
01-24 16:45:15.485  2120  3937 V WindowManager: Relayout Window{f4bc048 u0 Splash Screen com.stageconnect.stage_connect}: viewVisibility=8, oldvis=0, req=1080x2412
01-24 16:45:15.490  3447  3574 V ZoomWindowDecorView: removeZoomView
01-24 16:45:15.490  2120  3937 D CoreBackPreview: Window{f4bc048 u0 Splash Screen com.stageconnect.stage_connect EXITING}: Setting back callback null
01-24 16:45:15.496  2120  2418 I VRR [OPlusRefreshRateManager]: hasADFRFeature return false
01-24 16:45:15.496  2120  2418 I DisplayManagerService: Comparing display specs: baseModeId=2 allowGroupSwitching=false primaryRefreshRateRange=[0 60] appRequestRefreshRateRange=[0 60] vrrPolicy=POLICY_DEFAULT, existing: baseModeId=2 allowGroupSwitching=false primaryRefreshRateRange=[0 60] appRequestRefreshRateRange=[0 60] vrrPolicy=POLICY_DEFAULT
01-24 16:45:15.645  2120  2419 I WindowStateExtImpl: onSurfaceShowChange show = false mPackageName = com.stageconnect.stage_connect parentPkgName = com.stageconnect.stage_connect
01-24 16:45:15.953  2120  2416 D OplusGameRotationService: stopRotationInGame: check windowContainer = ActivityRecord{62234e2 u0 com.stageconnect.stage_connect/.MainActivity} t4827}
01-24 16:45:15.953  2120  2416 D OplusGameRotationService: stopRotationInGame: stop lock rotation, another app request the rotation.
01-24 16:45:15.953  2120  2416 I WindowManager: Display id 0 rotation changed to 1 from 0, lastOrientation -1ActivityRecord{62234e2 u0 com.stageconnect.stage_connect/.MainActivity} t4827}
01-24 16:45:16.008  5049  5049 W ContextImpl: Calling a method in the system process without a qualified user: android.app.ContextImpl.startService:1889 android.content.ContextWrapper.startService:827 com.heytap.mcs.biz.statistics.StaticProcessTrackStatusManager.exitCurrentProcess:11 com.heytap.mcs.biz.statistics.StaticProcessTrackStatusManager$1.handleMessage:3 android.os.Handler.dispatchMessage:102 
01-24 16:45:16.053  2120  2418 D DisplayManagerServiceExtImpl: scheduleTraversalLocked intraversal=false
01-24 16:45:16.053  2120  2418 I DisplayManagerServiceExtImpl: handle logical display changed logicalDisplay=id=0,phase=1,stack=0,content=true,displayInfo{stack=0,type=1,id=0,uId=local:4630946896948975233,state=ON,pkg=null}
01-24 16:45:16.059  2120  2418 I ActivityTaskManager: Config changes=20000480 {1.0 ??mcc??mnc [it_IT] ldltr sw360dp w720dp h320dp 480dpi nrml long land finger -keyb/v/h -nav/h winConfig={ mBounds=Rect(0, 0 - 2412, 1080) mAppBounds=Rect(118, 0 - 2280, 1080) mMaxBounds=Rect(0, 0 - 2412, 1080) mDisplayRotation=ROTATION_90 mWindowingMode=fullscreen mDisplayWindowingMode=fullscreen mActivityType=undefined mAlwaysOnTop=undefined mRotation=ROTATION_90} s.198544 fontWeightAdjustment=0mThemeChanged= 0, mThemeChangedFlags= 0, mFlipFont= 0, mAccessibleChanged= -1, mUxIconConfig= 3468920806133203249, mMaterialColor= 100004, mUserId= 0, mFontUserId= 0, mFontVariationSettings= 226, mFoldingAngle = -1.0, mIconPackName= , mDarkModeBackgroundMaxL= 0.0, mDarkModeDialogBgMaxL= 27.0, mDarkModeForegroundMinL= 100.0, mOplusConfigType= 1, mOplusChangedConfigs= 0, OpSans= 0, mFlag= 0} callers:com.android.server.wm.DisplayContent.updateDisplayOverrideConfigurationLocked:6417 com.android.server.wm.DisplayContent.updateDisplayOverrideConfigurationLocked:6394 com.android.server.wm.DisplayContent.sendNewConfiguration:1557 com.android.server.wm.DisplayRotation.continueRotation:745 com.android.server.wm.DisplayRotation.-$$Nest$mcontinueRotation:0 com.android.server.wm.DisplayRotation$2.lambda$continueRotateDisplay$1:278 com.android.server.wm.DisplayRotation$2$$ExternalSyntheticLambda1.accept:10 com.android.internal.util.function.pooled.PooledLambdaImpl.doInvoke:295 com.android.internal.util.function.pooled.PooledLambdaImpl.invoke:204 com.android.internal.util.function.pooled.OmniFunction.run:97 
01-24 16:45:16.065  2120  3935 I ActivityManager: Process com.heytap.mcs.statistics (pid 5049) has died: vis IMPF
01-24 16:45:16.110  2120  2418 E ActivityTaskManager: Failed to schedule configuration change
01-24 16:45:16.110  2120  2418 E ActivityTaskManager: android.os.DeadObjectException
01-24 16:45:16.110  2120  2418 E ActivityTaskManager: 	at android.os.BinderProxy.transactNative(Native Method)
01-24 16:45:16.110  2120  2418 E ActivityTaskManager: 	at android.os.BinderProxy.transact(BinderProxy.java:672)
01-24 16:45:16.110  2120  2418 E ActivityTaskManager: 	at android.app.IApplicationThread$Stub$Proxy.scheduleTransaction(IApplicationThread.java:2057)
01-24 16:45:16.110  2120  2418 E ActivityTaskManager: 	at android.app.servertransaction.ClientTransaction.schedule(ClientTransaction.java:136)
01-24 16:45:16.110  2120  2418 E ActivityTaskManager: 	at com.android.server.wm.ClientLifecycleManager.scheduleTransaction(ClientLifecycleManager.java:47)
01-24 16:45:16.110  2120  2418 E ActivityTaskManager: 	at com.android.server.wm.ClientLifecycleManager.scheduleTransaction(ClientLifecycleManager.java:100)
01-24 16:45:16.110  2120  2418 E ActivityTaskManager: 	at com.android.server.wm.WindowProcessController.dispatchConfiguration(WindowProcessController.java:1479)
01-24 16:45:16.110  2120  2418 E ActivityTaskManager: 	at com.android.server.wm.WindowProcessController.updateConfiguration(WindowProcessController.java:1452)
01-24 16:45:16.110  2120  2418 E ActivityTaskManager: 	at com.android.server.wm.WindowProcessController.onConfigurationChanged(WindowProcessController.java:1400)
01-24 16:45:16.110  2120  2418 E ActivityTaskManager: 	at com.android.server.wm.ActivityTaskManagerService.updateGlobalConfigurationLocked(ActivityTaskManagerService.java:4461)
01-24 16:45:16.110  2120  2418 E ActivityTaskManager: 	at com.android.server.wm.DisplayContent.updateDisplayOverrideConfigurationLocked(DisplayContent.java:6417)
01-24 16:45:16.110  2120  2418 E ActivityTaskManager: 	at com.android.server.wm.DisplayContent.updateDisplayOverrideConfigurationLocked(DisplayContent.java:6394)
01-24 16:45:16.110  2120  2418 E ActivityTaskManager: 	at com.android.server.wm.DisplayContent.sendNewConfiguration(DisplayContent.java:1557)
01-24 16:45:16.110  2120  2418 E ActivityTaskManager: 	at com.android.server.wm.DisplayRotation.continueRotation(DisplayRotation.java:745)
01-24 16:45:16.110  2120  2418 E ActivityTaskManager: 	at com.android.server.wm.DisplayRotation.-$$Nest$mcontinueRotation(Unknown Source:0)
01-24 16:45:16.110  2120  2418 E ActivityTaskManager: 	at com.android.server.wm.DisplayRotation$2.lambda$continueRotateDisplay$1(DisplayRotation.java:278)
01-24 16:45:16.110  2120  2418 E ActivityTaskManager: 	at com.android.server.wm.DisplayRotation$2$$ExternalSyntheticLambda1.accept(Unknown Source:10)
01-24 16:45:16.110  2120  2418 E ActivityTaskManager: 	at com.android.internal.util.function.pooled.PooledLambdaImpl.doInvoke(PooledLambdaImpl.java:295)
01-24 16:45:16.110  2120  2418 E ActivityTaskManager: 	at com.android.internal.util.function.pooled.PooledLambdaImpl.invoke(PooledLambdaImpl.java:204)
01-24 16:45:16.110  2120  2418 E ActivityTaskManager: 	at com.android.internal.util.function.pooled.OmniFunction.run(OmniFunction.java:97)
01-24 16:45:16.110  2120  2418 E ActivityTaskManager: 	at android.os.Handler.handleCallback(Handler.java:942)
01-24 16:45:16.110  2120  2418 E ActivityTaskManager: 	at android.os.Handler.dispatchMessage(Handler.java:99)
01-24 16:45:16.110  2120  2418 E ActivityTaskManager: 	at android.os.Looper.loopOnce(Looper.java:240)
01-24 16:45:16.110  2120  2418 E ActivityTaskManager: 	at android.os.Looper.loop(Looper.java:351)
01-24 16:45:16.110  2120  2418 E ActivityTaskManager: 	at android.os.HandlerThread.run(HandlerThread.java:67)
01-24 16:45:16.110  2120  2418 E ActivityTaskManager: 	at com.android.server.ServiceThread.run(ServiceThread.java:44)
01-24 16:45:16.139  2120  2418 I WindowManager: Override config changes=20000480 {1.0 ??mcc??mnc [it_IT] ldltr sw360dp w720dp h320dp 480dpi nrml long land finger -keyb/v/h -nav/h winConfig={ mBounds=Rect(0, 0 - 2412, 1080) mAppBounds=Rect(118, 0 - 2280, 1080) mMaxBounds=Rect(0, 0 - 2412, 1080) mDisplayRotation=ROTATION_90 mWindowingMode=fullscreen mDisplayWindowingMode=fullscreen mActivityType=undefined mAlwaysOnTop=undefined mRotation=ROTATION_90} s.198544 fontWeightAdjustment=0mThemeChanged= 0, mThemeChangedFlags= 0, mFlipFont= 0, mAccessibleChanged= -1, mUxIconConfig= 3468920806133203249, mMaterialColor= 100004, mUserId= 0, mFontUserId= 0, mFontVariationSettings= 226, mFoldingAngle = -1.0, mIconPackName= , mDarkModeBackgroundMaxL= 0.0, mDarkModeDialogBgMaxL= 27.0, mDarkModeForegroundMinL= 100.0, mOplusConfigType= 1, mOplusChangedConfigs= 0, OpSans= 0, mFlag= 0} for displayId=0
01-24 16:45:16.140  2120  2418 D DisplayManagerService: performTraversalInternal pendingTraversal
01-24 16:45:16.141  2120  2418 D DisplayDevice: setLayerStackLocked id=local:4630946896948975233 token=android.os.BinderProxy@5663e7b stack=0->0
01-24 16:45:16.154  2120  2418 I OplusZoomWindowManagerService: onConfigurationChanged: rotation has been changed
01-24 16:45:16.163  2120  2418 E SystemServiceRegistry: Manager wrapper not available: linearmotor
01-24 16:45:16.174  2120  2478 I DropBoxManagerService: add tag=system_server_wtf isTagEnabled=true flags=0x2
01-24 16:45:16.176  2120  2478 D DropBoxManagerService: file :: /data/system/dropbox/system_server_wtf@1769269516174.txt
01-24 16:45:16.177  2120  2418 D DragZoomAnimationStateRecorder: setCurrentAnimationState:0
01-24 16:45:16.178  2120  2418 I OplusZoomWindowManagerService: onConfigurationChanged: rotation has been changed
01-24 16:45:16.180  2120  2418 I OplusZoomWindowManagerService: onConfigurationChanged: rotation has been changed
01-24 16:45:16.180  2120  2418 E SystemServiceRegistry: Manager wrapper not available: linearmotor
01-24 16:45:16.181  2120  2418 D DragZoomAnimationStateRecorder: setCurrentAnimationState:0
01-24 16:45:16.181  2120  2418 I OplusZoomWindowManagerService: onConfigurationChanged: rotation has been changed
01-24 16:45:16.181  2120  2418 I OplusZoomWindowManagerService: onConfigurationChanged: rotation has been changed
01-24 16:45:16.182  2120  2478 I DropBoxManagerService: add tag=system_server_wtf isTagEnabled=true flags=0x2
01-24 16:45:16.182  2120  2418 D OplusCompactWindowManagerService: updateRotation setDeviceFolded oldRotation =:0 ,newRotation=:1 ,mFoldState =:0 ,processTasks =:true ,DisplayId =:0 ,oritentationSource ActivityRecord{62234e2 u0 com.stageconnect.stage_connect/.MainActivity} t4827}
01-24 16:45:16.184  2120  2418 D ActivityTaskManager: Checking to restart ActivityRecord{62234e2 u0 com.stageconnect.stage_connect/.MainActivity} t4827}: changed=0x = 80; handles=0x40003fb7; 
01-24 16:45:16.184  2120  2418 D ActivityTaskManager:  mLastReportedConfiguration = {mGlobalConfig={1.0 ??mcc??mnc [it_IT] ldltr sw360dp w720dp h320dp 480dpi nrml long land finger -keyb/v/h -nav/h winConfig={ mBounds=Rect(0, 0 - 2412, 1080) mAppBounds=Rect(118, 0 - 2280, 1080) mMaxBounds=Rect(0, 0 - 2412, 1080) mDisplayRotation=ROTATION_90 mWindowingMode=fullscreen mDisplayWindowingMode=fullscreen mActivityType=undefined mAlwaysOnTop=undefined mRotation=ROTATION_90} s.198639 fontWeightAdjustment=0mThemeChanged= 0, mThemeChangedFlags= 0, mFlipFont= 0, mAccessibleChanged= -1, mUxIconConfig= 3468920806133203249, mMaterialColor= 100004, mUserId= 0, mFontUserId= 0, mFontVariationSettings= 226, mFoldingAngle = -1.0, mIconPackName= , mDarkModeBackgroundMaxL= 0.0, mDarkModeDialogBgMaxL= 27.0, mDarkModeForegroundMinL= 100.0, mOplusConfigType= 1, mOplusChangedConfigs= 0, OpSans= 0, mFlag= 0} mOverrideConfig={1.0 ??mcc??mnc [it_IT] ldltr sw360dp w720dp h320dp 480dpi nrml long land finger -keyb/v/h -nav/h winConfig={ mBounds=Rect(0, 0 - 2412, 1080) mAppBounds=Rect(118, 0 - 2280, 1080) mMaxBounds=Rect(0, 0 - 2412, 1080) mDisplayRotation=ROTATION_90 mWindowingMode=fullscreen mDisplayWindowingMode=fullscreen mActivityType=standard mAlwaysOnTop=undefined mRotation=ROTATION_90} s.2 fontWeightAdjustment=0mThemeChanged= 0, mThemeChangedFlags= 0, mFlipFont= 0, mAccessibleChanged= -1, mUxIconConfig= 3468920806133203249, mMaterialColor= 100004, mUserId= 0, mFontUserId= 0, mFontVariationSettings= 226, mFoldingAngle = -1.0, mIconPackName= , mDarkModeBackgroundMaxL= 0.0, mDarkModeDialogBgMaxL= 27.0, mDarkModeForegroundMinL= 100.0, mOplusConfigType= 1, mOplusChangedConfigs= 0, OpSans= 0, mFlag= 0}}; 
01-24 16:45:16.184  2120  2418 D ActivityTaskManager:  mFullConfig = {1.0 ??mcc??mnc [it_IT] ldltr sw360dp w720dp h320dp 480dpi nrml long land finger -keyb/v/h -nav/h winConfig={ mBounds=Rect(0, 0 - 2412, 1080) mAppBounds=Rect(118, 0 - 2280, 1080) mMaxBounds=Rect(0, 0 - 2412, 1080) mDisplayRotation=ROTATION_90 mWindowingMode=fullscreen mDisplayWindowingMode=fullscreen mActivityType=standard mAlwaysOnTop=undefined mRotation=ROTATION_90} s.2 fontWeightAdjustment=0mThemeChanged= 0, mThemeChangedFlags= 0, mFlipFont= 0, mAccessibleChanged= -1, mUxIconConfig= 3468920806133203249, mMaterialColor= 100004, mUserId= 0, mFontUserId= 0, mFontVariationSettings= 226, mFoldingAngle = -1.0, mIconPackName= , mDarkModeBackgroundMaxL= 0.0, mDarkModeDialogBgMaxL= 27.0, mDarkModeForegroundMinL= 100.0, mOplusConfigType= 1, mOplusChangedConfigs= 0, OpSans= 0, mFlag= 0}
01-24 16:45:16.185  2120  2418 D ActivityRecordExtImpl: hookShouldRelaunchLocked:  adjustedChanges={CONFIG_ORIENTATION}
01-24 16:45:16.185  2120  2418 D ActivityRecordExtImpl:    configChanged=40003fb7
01-24 16:45:16.185  2120  2418 D ActivityRecordExtImpl:    currentConfig={1.0 ??mcc??mnc [it_IT] ldltr sw360dp w720dp h320dp 480dpi nrml long land finger -keyb/v/h -nav/h winConfig={ mBounds=Rect(0, 0 - 2412, 1080) mAppBounds=Rect(118, 0 - 2280, 1080) mMaxBounds=Rect(0, 0 - 2412, 1080) mDisplayRotation=ROTATION_90 mWindowingMode=fullscreen mDisplayWindowingMode=fullscreen mActivityType=standard mAlwaysOnTop=undefined mRotation=ROTATION_90} s.2 fontWeightAdjustment=0mThemeChanged= 0, mThemeChangedFlags= 0, mFlipFont= 0, mAccessibleChanged= -1, mUxIconConfig= 3468920806133203249, mMaterialColor= 100004, mUserId= 0, mFontUserId= 0, mFontVariationSettings= 226, mFoldingAngle = -1.0, mIconPackName= , mDarkModeBackgroundMaxL= 0.0, mDarkModeDialogBgMaxL= 27.0, mDarkModeForegroundMinL= 100.0, mOplusConfigType= 1, mOplusChangedConfigs= 0, OpSans= 0, mFlag= 0}
01-24 16:45:16.185  2120  2418 D ActivityRecordExtImpl:    lastConfig={1.0 ??mcc??mnc [it_IT] ldltr sw360dp w360dp h720dp 480dpi nrml long port finger -keyb/v/h -nav/h winConfig={ mBounds=Rect(0, 0 - 1080, 2412) mAppBounds=Rect(0, 118 - 1080, 2280) mMaxBounds=Rect(0, 0 - 1080, 2412) mDisplayRotation=ROTATION_0 mWindowingMode=fullscreen mDisplayWindowingMode=fullscreen mActivityType=standard mAlwaysOnTop=undefined mRotation=ROTATION_0} s.1 fontWeightAdjustment=0mThemeChanged= 0, mThemeChangedFlags= 0, mFlipFont= 0, mAccessibleChanged= -1, mUxIconConfig= 3468920806133203249, mMaterialColor= 100004, mUserId= 0, mFontUserId= 0, mFontVariationSettings= 226, mFoldingAngle = -1.0, mIconPackName= , mDarkModeBackgroundMaxL= 0.0, mDarkModeDialogBgMaxL= 27.0, mDarkModeForegroundMinL= 100.0, mOplusConfigType= 1, mOplusChangedConfigs= 0, OpSans= 0, mFlag= 0}
01-24 16:45:16.185  2120  2478 D DropBoxManagerService: file :: /data/system/dropbox/system_server_wtf@1769269516183.txt
01-24 16:45:16.191  2120  2418 D DisplayManagerService: performTraversalInternal pendingTraversal
01-24 16:45:16.191  2120  2418 D DisplayDevice: setLayerStackLocked id=local:4630946896948975233 token=android.os.BinderProxy@5663e7b stack=0->0
01-24 16:45:16.201  2120  2418 D OplusSplitScreenManagerService: supportsSplitScreen by null pkg return:true
01-24 16:45:16.202  2120  2418 D OplusSplitScreenManagerService: supportsSplitScreen by null pkg return:true
01-24 16:45:16.202  2120  2418 D OplusSplitScreenManagerService: supportsSplitScreen by null pkg return:true
01-24 16:45:16.202  2120  2418 D OplusSplitScreenManagerService: supportsSplitScreen by null pkg return:true
01-24 16:45:16.204 20303 20303 I ActivityThread: Removing dead content provider:android.content.ContentProviderProxy@85fdc7a
01-24 16:45:16.206  2120  2418 D DisplayManagerService: Delivering display event: displayId=0, event=2
01-24 16:45:16.212  2013  2013 V ZoomWindowDecorView: setLastReportedMergedConfiguration mZoomDisplayHeight: 1080 getDecorView.87331842
01-24 16:45:16.213  2120  2296 V WindowManager: Relayout Window{f1d548f u0 com.stageconnect.stage_connect/com.stageconnect.stage_connect.MainActivity}: viewVisibility=0, oldvis=0, req=2294x1080
01-24 16:45:16.215  2120  2296 D DisplayManagerService: performTraversalInternal pendingTraversal
01-24 16:45:16.215  2120  2296 D DisplayDevice: setLayerStackLocked id=local:4630946896948975233 token=android.os.BinderProxy@5663e7b stack=0->0
01-24 16:45:16.219  2120  2418 D DisplayManagerService: MSG_REQUEST_TRAVERSAL pendingCompleted=false
01-24 16:45:16.225  2120  2120 I WallpaperManagerServiceExt: removeDisplayData. displayId = 0
01-24 16:45:16.236  2120  2416 I OplusZoomDisplay: initScreen start: mLengthOfShortSide = 1080, mLengthOfLongSide2412, mDensity = 3.0
01-24 16:45:16.236  2120  2416 I OplusZoomDisplay: mBoundsPortraitScale = Rect(180, 807 - 900, 2007), mBoundsPortraitDefault = Rect(0, 0 - 1080, 1800)mBoundsLandSpaceScale = Rect(120, 70 - 768, 1009),mBoundsLandscapeAppDefault = Rect(0, 0 - 1800, 1080),mBoundsPortraitLandscapeAppScale = Rect(40, 906 - 1040, 1506),mBoundsLandscapeLandscapeAppScaleRect(120, 240 - 1120, 840)
01-24 16:45:16.236  2120  2416 D OplusZoomIMEAnimationHelper: resetRestoreState
01-24 16:45:16.236  2120  2416 D OplusVFXScreenEffectFeature: notifySFCompatWindowStateChange entered false
01-24 16:45:16.243  2120  4021 D WindowManager: finishDrawingWindow: Window{f1d548f u0 com.stageconnect.stage_connect/com.stageconnect.stage_connect.MainActivity} mDrawState=DRAW_PENDING
01-24 16:45:16.243  2120  4021 I WindowManager: finishDrawing of orientation change: Window{f1d548f u0 com.stageconnect.stage_connect/com.stageconnect.stage_connect.MainActivity} 41ms
01-24 16:45:16.245  2120  4021 V WindowManager: Relayout Window{28ecba2 u0 OplusPrivacyIconTopLeft}: viewVisibility=8, oldvis=8, req=12x12
01-24 16:45:16.272  2120  3642 V WindowManager: Relayout Window{28ecba2 u0 OplusPrivacyIconTopLeft}: viewVisibility=8, oldvis=8, req=12x12
01-24 16:45:16.275  2120  2120 I OplusJoystickManager: read game mode for game manager -> false
01-24 16:45:16.275  2120  2120 I OplusJoystickManager: setJoyStickAbleStatus: not in game mode
01-24 16:45:16.275  2120  2120 D OplusFeatureHDREnhanceBrightness: onReceive get rotation=1
01-24 16:45:16.276  2120  3642 I WindowManager: Screen frozen for +309ms due to Window{f1d548f u0 com.stageconnect.stage_connect/com.stageconnect.stage_connect.MainActivity}
01-24 16:45:16.340  2120  4021 D OplusFullScreenDisplayManager: adjustWindowParamsLw: com.coloros.smartsidebar, change system app cutoutMode: oplus always
01-24 16:45:16.340  2120  4021 V WindowManager: Relayout Window{d5edc04 u0 OplusOSEdgeFloatBar}: viewVisibility=0, oldvis=0, req=56x288
01-24 16:45:16.400  2120  4021 D WindowManager: finishDrawingWindow: Window{d5edc04 u0 OplusOSEdgeFloatBar} mDrawState=DRAW_PENDING
01-24 16:45:16.400  2120  4021 I WindowManager: finishDrawing of orientation change: Window{d5edc04 u0 OplusOSEdgeFloatBar} 197ms
01-24 16:45:16.448  2120  7920 I GameManagerServiceExt: re: 4, Bundle[mParcelledData.dataSize=5600] .
01-24 16:45:16.453  2120  7920 V AutofillInlineSuggestionsRequestSession: onInputMethodStartInput() received on 0
01-24 16:45:16.465  2120  7920 D OplusFullScreenDisplayManager: adjustWindowParamsLw com.google.android.inputmethod.latin, no change cutoutMode: 0
01-24 16:45:16.465  2120  7920 V WindowManager: Relayout Window{e3a069d u0 InputMethod}: viewVisibility=8, oldvis=8, req=1080x2294
01-24 16:45:16.472  3447  3549 D OneHandedController: remove one Hand Layer when orientation changed!
01-24 16:45:16.474  3447  3447 E ResourcesImplExt: the AssetManager's apkAsset: ApkAssets{path=<empty> and /system/framework/framework-res.apk}
01-24 16:45:16.474  3447  3447 E ResourcesImplExt: the AssetManager's apkAsset: ApkAssets{path=/my_bigball/overlay/GmsConfigOverlayASI_Infrastructure/GmsConfigOverlayASI_Infrastructure.apk}
01-24 16:45:16.474  3447  3447 E ResourcesImplExt: the AssetManager's apkAsset: ApkAssets{path=/my_bigball/overlay/GmsConfigOverlayCommonEx/GmsConfigOverlayCommonEx.apk}
01-24 16:45:16.474  3447  3447 E ResourcesImplExt: the AssetManager's apkAsset: ApkAssets{path=/my_bigball/overlay/GmsConfigOverlayComms/GmsConfigOverlayComms.apk}
01-24 16:45:16.474  3447  3447 E ResourcesImplExt: the AssetManager's apkAsset: ApkAssets{path=/my_bigball/overlay/GmsConfigOverlayGSA/GmsConfigOverlayGSA.apk}
01-24 16:45:16.474  3447  3447 E ResourcesImplExt: the AssetManager's apkAsset: ApkAssets{path=/my_bigball/overlay/GmsConfigOverlayNoSafetyCenter/GmsConfigOverlayNoSafetyCenter.apk}
01-24 16:45:16.474  3447  3447 E ResourcesImplExt: the AssetManager's apkAsset: ApkAssets{path=/my_bigball/overlay/GmsConfigOverlaySearchSelector/GmsConfigOverlaySearchSelector.apk}
01-24 16:45:16.474  3447  3447 E ResourcesImplExt: the AssetManager's apkAsset: ApkAssets{path=/product/overlay/CaptivePortalLoginFrameworkOverlay.apk}
01-24 16:45:16.474  3447  3447 E ResourcesImplExt: the AssetManager's apkAsset: ApkAssets{path=/product/overlay/GoogleExtServicesConfigOverlay.apk}
01-24 16:45:16.474  3447  3447 E ResourcesImplExt: the AssetManager's apkAsset: ApkAssets{path=/product/overlay/GooglePermissionControllerFrameworkOverlay.apk}
01-24 16:45:16.474  3447  3447 E ResourcesImplExt: the AssetManager's apkAsset: ApkAssets{path=/product/overlay/ModuleMetadataGoogleOverlay.apk}
01-24 16:45:16.474  3447  3447 E ResourcesImplExt: the AssetManager's apkAsset: ApkAssets{path=/my_bigball/overlay/OplusGmsConfigOverlayCommon/OplusGmsConfigOverlayCommon.apk}
01-24 16:45:16.474  3447  3447 E ResourcesImplExt: the AssetManager's apkAsset: ApkAssets{path=/product/overlay/FrameworksResCommon_Sys.apk}
01-24 16:45:16.474  3447  3447 E ResourcesImplExt: the AssetManager's apkAsset: ApkAssets{path=/vendor/overlay/FrameworksResTarget.apk}
01-24 16:45:16.474  3447  3447 E ResourcesImplExt: the AssetManager's apkAsset: ApkAssets{path=/system_ext/overlay/framework_res_overlay_Network.apk}
01-24 16:45:16.474  3447  3447 E ResourcesImplExt: the AssetManager's apkAsset: ApkAssets{path=/odm/overlay/android_framework_res_overlay.display.odm.21262.apk}
01-24 16:45:16.474  3447  3447 E ResourcesImplExt: the AssetManager's apkAsset: ApkAssets{path=/product/overlay/android_framework_res_overlay.display.product.21262.apk}
01-24 16:45:16.474  3447  3447 E ResourcesImplExt: the AssetManager's apkAsset: ApkAssets{path=/product/overlay/aon_framework_res_overlay.display.product.apk}
01-24 16:45:16.474  3447  3447 E ResourcesImplExt: the AssetManager's apkAsset: ApkAssets{path=/system_ext/overlay/ConnectivityBaseOverlay.apk}
01-24 16:45:16.474  3447  3447 E ResourcesImplExt: the AssetManager's apkAsset: ApkAssets{path=/system_ext/overlay/OplusFrameworkBluetoothResource.apk}
01-24 16:45:16.474  3447  3447 E ResourcesImplExt: the AssetManager's apkAsset: ApkAssets{path=<empty> and /system_ext/framework/oplus-framework-res.apk}
01-24 16:45:16.475  3447  3447 E ResourcesImplExt: the AssetManager's apkAsset: ApkAssets{path=/product/overlay/oplus_framework_res_overlay.display.product.21262.apk}
01-24 16:45:16.475  3447  3447 E ResourcesImplExt: the AssetManager's apkAsset: ApkAssets{path=/product/overlay/oplus_framework_res_rro_oppo.apk}
01-24 16:45:16.475  3447  3447 E ResourcesImplExt: the AssetManager's apkAsset: ApkAssets{path=<empty> and /system_ext/priv-app/SystemUI/SystemUI.apk}
01-24 16:45:16.475  3447  3447 E ResourcesImplExt: the AssetManager's apkAsset: ApkAssets{path=/data/resource-cache/com.android.systemui-neutral-UBGG.frro}
01-24 16:45:16.475  3447  3447 E ResourcesImplExt: the AssetManager's apkAsset: ApkAssets{path=/data/resource-cache/com.android.systemui-accent-AHjp.frro}
01-24 16:45:16.475  3447  3447 E ResourcesImplExt: the AssetManager's apkAsset: ApkAssets{path=/product/overlay/SystemUIResCommon_Sys.apk}
01-24 16:45:16.487  2120  7920 V WindowManager: Relayout Window{60ed1aa u0 pip-dismiss-overlay}: viewVisibility=4, oldvis=4, req=1080x1080
01-24 16:45:16.568  2120  7920 D LockSettingsService: [getStrongAuthForUser]  userId = 0
01-24 16:45:16.569  2120  7920 D LockSettingsService: [getStrongAuthForUser]  userId = 0
01-24 16:45:16.654  2120  2296 D LockSettingsService: [getStrongAuthForUser]  userId = 0
01-24 16:45:16.654  2120  2296 D LockSettingsService: [getStrongAuthForUser]  userId = 0
01-24 16:45:16.729  2120  2296 V WindowManager: Relayout Window{30e5b04 u0 NavigationBar0}: viewVisibility=0, oldvis=0, req=1080x132
01-24 16:45:16.751  2120  2296 D WindowManager: finishDrawingWindow: Window{30e5b04 u0 NavigationBar0} mDrawState=DRAW_PENDING
01-24 16:45:16.751  2120  2296 I WindowManager: finishDrawing of orientation change: Window{30e5b04 u0 NavigationBar0} 549ms
01-24 16:45:16.762  2120  2296 V WindowManager: Relayout Window{28ecba2 u0 OplusPrivacyIconTopLeft}: viewVisibility=8, oldvis=8, req=12x12
01-24 16:45:16.765  2120  2296 V WindowManager: Relayout Window{ba05520 u0 OplusPrivacyIconTopRight}: viewVisibility=8, oldvis=8, req=12x12
01-24 16:45:16.777  2120  2296 V WindowManager: Relayout Window{45b8c15 u0 StatusBar}: viewVisibility=0, oldvis=0, req=2412x118
01-24 16:45:16.780  2120  7920 V WindowManager: Relayout Window{28ecba2 u0 OplusPrivacyIconTopLeft}: viewVisibility=8, oldvis=8, req=12x12
01-24 16:45:16.788  2120  7920 D WindowManager: finishDrawingWindow: Window{45b8c15 u0 StatusBar} mDrawState=DRAW_PENDING
01-24 16:45:16.788  2120  7920 I WindowManager: finishDrawing of orientation change: Window{45b8c15 u0 StatusBar} 585ms
01-24 16:45:16.792  2120  7920 D WindowManager: finishDrawingWindow: Window{30e5b04 u0 NavigationBar0} mDrawState=HAS_DRAWN
01-24 16:45:16.797  2120  7920 V WindowManager: Relayout Window{28ecba2 u0 OplusPrivacyIconTopLeft}: viewVisibility=8, oldvis=8, req=12x12
01-24 16:45:16.800  2120  7920 V WindowManager: Relayout Window{ba05520 u0 OplusPrivacyIconTopRight}: viewVisibility=8, oldvis=8, req=12x12
01-24 16:45:16.802  2120  4021 D LockSettingsService: [getStrongAuthForUser]  userId = 0
01-24 16:45:16.808  2120  4021 E OplusCustomizeRestrictionManagerService: getMobileDataMode error :s == null
01-24 16:45:16.814  2120  7920 E OplusCustomizeRestrictionManagerService: getMobileDataMode error :s == null
01-24 16:45:16.817  2120  7920 E OplusCustomizeRestrictionManagerService: getMobileDataMode error :s == null
01-24 16:45:16.821  2120  3642 E OplusCustomizeRestrictionManagerService: getMobileDataMode error :s == null
01-24 16:45:16.824  2120  4022 D LockSettingsService: [getStrongAuthForUser]  userId = 0
01-24 16:45:16.832  2120  2296 E OplusCustomizeRestrictionManagerService: getMobileDataMode error :s == null
01-24 16:45:16.836  2120  4022 E OplusCustomizeRestrictionManagerService: getMobileDataMode error :s == null
01-24 16:45:16.839  2120  2296 E OplusCustomizeRestrictionManagerService: getMobileDataMode error :s == null
01-24 16:45:16.842  2120  4021 E OplusCustomizeRestrictionManagerService: getMobileDataMode error :s == null
01-24 16:45:16.859  2120  4021 D LockSettingsService: [getStrongAuthForUser]  userId = 0
01-24 16:45:16.861  2120  4021 D LockSettingsService: [getStrongAuthForUser]  userId = 0
01-24 16:45:17.180  2120  2416 D OplusGameRotationService: stopRotationInGame: check windowContainer = ActivityRecord{62234e2 u0 com.stageconnect.stage_connect/.MainActivity} t4827}
01-24 16:45:17.180  2120  2416 D OplusGameRotationService: stopRotationInGame: stop lock rotation, another app request the rotation.
01-24 16:45:17.180  2120  2416 I WindowManager: Display id 0 rotation changed to 0 from 1, lastOrientation -1ActivityRecord{62234e2 u0 com.stageconnect.stage_connect/.MainActivity} t4827}
01-24 16:45:17.230  2120  2587 D OplusSmartBrightnessController: handleMessage MSG_LUX_CHANGED, mLux:26.23087 luxQueue=[19.7125, 22.112501, 29.825, 31.5375, 26.050001]
01-24 16:45:17.250  2120  2418 D DisplayManagerServiceExtImpl: scheduleTraversalLocked intraversal=false
01-24 16:45:17.250  2120  2418 I DisplayManagerServiceExtImpl: handle logical display changed logicalDisplay=id=0,phase=1,stack=0,content=true,displayInfo{stack=0,type=1,id=0,uId=local:4630946896948975233,state=ON,pkg=null}
