01-24 16:45:39.495  2120  2585 D VRR [OPlusRefreshRateService]: notifyBrightnessChange brightness: 609.0
01-24 16:45:39.495  2120  2418 D DisplayManagerService: Delivering display event: displayId=0, event=4
01-24 16:45:39.496 27334 28668 D AudioManagerExtImpl: getStreamVolume too fast, volume index=13, package=com.instagram.android
01-24 16:45:39.497  2013  5405 D NativeAudioJNI: Audio callback invoked: numFrames=256
01-24 16:45:39.497  2013  5405 D NativeAudioJNI: Calling Java callback method
01-24 16:45:39.497  9642  9658 D OplusAtlasService: getAttributeByAppName module:oplus-getStreamMaxVolume packageName:com.instagram.android
01-24 16:45:39.498  2369  2616 D AudioManagerExtImpl: getStreamVolume packageName=com.facebook.katana, index=8, streamType=1
01-24 16:45:39.502  2013  5405 D NativeAudioJNI: Audio callback invoked: numFrames=256
01-24 16:45:39.502  2013  5405 D NativeAudioJNI: Calling Java callback method
01-24 16:45:39.502  2013  5405 D AudioChannelHandler: Audio callback invoked: pcmData.size=960
01-24 16:45:39.503  2013  5405 V OpusCodec: Encoded 960 PCM samples to 39 Opus bytes
01-24 16:45:39.503  2013  5405 D AudioChannelHandler: Opus encoding result: opusData=39 bytes
01-24 16:45:39.503  2013  5405 D AudioChannelHandler: Sending audio data to Flutter: streamId=8cd8399a-4962-48cb-8884-b34c0d3d93a8, opusData.size=39
01-24 16:45:39.504  2013  2013 D AudioChannelHandler: Audio data sent successfully
01-24 16:45:39.504  2013  2013 I flutter : [2026-01-24T16:45:39.504688] [INFO] [NetworkService]  About to send from socket: local=239.255.42.202:5000  server=192.168.1.106:5000
01-24 16:45:39.505  2013  2013 I flutter : [2026-01-24T16:45:39.505074] [INFO] [NetworkService]  Sent 129 bytes from local socket
01-24 16:45:39.509  2013  5405 D NativeAudioJNI: Audio callback invoked: numFrames=256
01-24 16:45:39.509  2013  5405 D NativeAudioJNI: Calling Java callback method
01-24 16:45:39.511  2120  2585 D DisplayPowerController[0]: onChange selfChange=false uri=content://settings/system/screen_brightness
01-24 16:45:39.511  2013  5405 D NativeAudioJNI: Audio callback invoked: numFrames=256
01-24 16:45:39.511  2013  5405 D NativeAudioJNI: Calling Java callback method
01-24 16:45:39.511  2120  2585 D OplusDisplayPowerControllerExtImpl: original brightness:609 final brightness:609.0 scale:1.0 reason:4 darkLevel:0
01-24 16:45:39.512  2120  2585 D DisplayPowerController[0]: Brightness [609.0] reason changing to: 'automatic [ auto_adj ]', previous reason: 'automatic'. id=local:4630946896948975233
01-24 16:45:39.512  2120  2585 I DisplayPowerController[0]: BrightnessEvent: disp=0, brt=609.0(user_set), rcmdBrt=NaN, preBrt=NaN, lux=0.0, preLux=0.0, hbmMax=1.0, hbmMode=off, thrmMax=1.0, flags=user_set , reason=automatic [ auto_adj ]
01-24 16:45:39.512  2120  2585 D VRR [OPlusRefreshRateService]: notifyBrightnessChange brightness: 609.0
01-24 16:45:39.512  2120  2418 D DisplayManagerService: Delivering display event: displayId=0, event=4
01-24 16:45:39.515  2369  2616 D AudioManagerExtImpl: getStreamVolume packageName=com.facebook.katana, index=8, streamType=1
01-24 16:45:39.516  2013  2013 I flutter :  [ActiveChannelScreen] Member list builder called
01-24 16:45:39.516  2013  2013 I flutter :    State type: CommunicationTransmitting
01-24 16:45:39.516  2013  2013 I flutter :    Active members count: 1
01-24 16:45:39.516  2013  2013 I flutter :       - Server Console (SERVER-52275765-5684-4cd3-ad8c-0a5c9c59502f)
01-24 16:45:39.517 27334 28668 D AudioManagerExtImpl: getStreamVolume normal, volume index=13
01-24 16:45:39.517  9642  9658 D OplusAtlasService: getAttributeByAppName module:oplus-getStreamMaxVolume packageName:com.instagram.android
01-24 16:45:39.517  2013  2013 I flutter :  [ActiveChannelScreen] Member list builder called
01-24 16:45:39.517  2013  2013 I flutter :    State type: CommunicationTransmitting
01-24 16:45:39.517  2013  2013 I flutter :    Active members count: 1
01-24 16:45:39.518  2013  2013 I flutter :       - Server Console (SERVER-52275765-5684-4cd3-ad8c-0a5c9c59502f)
01-24 16:45:39.518  2013  5405 D NativeAudioJNI: Audio callback invoked: numFrames=256
01-24 16:45:39.518  2013  5405 D NativeAudioJNI: Calling Java callback method
01-24 16:45:39.518  2013  5405 D AudioChannelHandler: Audio callback invoked: pcmData.size=960
01-24 16:45:39.519  2013  2013 I flutter :  [ActiveChannelScreen] Title builder called, memberCount: 2, state: CommunicationTransmitting
01-24 16:45:39.519  2013  2013 I flutter :  [ActiveChannelScreen] Title builder called, memberCount: 2, state: CommunicationTransmitting
01-24 16:45:39.519  2013  5405 V OpusCodec: Encoded 960 PCM samples to 38 Opus bytes
01-24 16:45:39.519  2013  5405 D AudioChannelHandler: Opus encoding result: opusData=38 bytes
01-24 16:45:39.519  2013  5405 D AudioChannelHandler: Sending audio data to Flutter: streamId=8cd8399a-4962-48cb-8884-b34c0d3d93a8, opusData.size=38
01-24 16:45:39.521  2013  2013 D AudioChannelHandler: Audio data sent successfully
01-24 16:45:39.521  2013  2013 I flutter : [2026-01-24T16:45:39.521823] [INFO] [NetworkService]  About to send from socket: local=239.255.42.202:5000  server=192.168.1.106:5000
01-24 16:45:39.522  2013  2013 I flutter : [2026-01-24T16:45:39.522172] [INFO] [NetworkService]  Sent 128 bytes from local socket
01-24 16:45:39.523  2013  5405 D NativeAudioJNI: Audio callback invoked: numFrames=256
01-24 16:45:39.523  2013  5405 D NativeAudioJNI: Calling Java callback method
01-24 16:45:39.528  2120  2585 D DisplayPowerController[0]: onChange selfChange=false uri=content://settings/system/screen_brightness
01-24 16:45:39.528  2120  2585 D OplusDisplayPowerControllerExtImpl: original brightness:609 final brightness:609.0 scale:1.0 reason:4 darkLevel:0
01-24 16:45:39.529  2013  5405 D NativeAudioJNI: Audio callback invoked: numFrames=256
01-24 16:45:39.529  2013  5405 D NativeAudioJNI: Calling Java callback method
01-24 16:45:39.529  2120  2585 D DisplayPowerController[0]: Brightness [609.0] reason changing to: 'automatic [ auto_adj ]', previous reason: 'automatic'. id=local:4630946896948975233
01-24 16:45:39.529  2120  2585 I DisplayPowerController[0]: BrightnessEvent: disp=0, brt=609.0(user_set), rcmdBrt=NaN, preBrt=NaN, lux=0.0, preLux=0.0, hbmMax=1.0, hbmMode=off, thrmMax=1.0, flags=user_set , reason=automatic [ auto_adj ]
01-24 16:45:39.529  2120  2585 D VRR [OPlusRefreshRateService]: notifyBrightnessChange brightness: 609.0
01-24 16:45:39.529 27334 28668 D AudioManagerExtImpl: getStreamVolume too fast, volume index=13, package=com.instagram.android
01-24 16:45:39.529  2120  2418 D DisplayManagerService: Delivering display event: displayId=0, event=4
01-24 16:45:39.530  9642  9658 D OplusAtlasService: getAttributeByAppName module:oplus-getStreamMaxVolume packageName:com.instagram.android
01-24 16:45:39.532  2013  5405 D NativeAudioJNI: Audio callback invoked: numFrames=256
01-24 16:45:39.532  2013  5405 D NativeAudioJNI: Calling Java callback method
01-24 16:45:39.533  2013  2013 I flutter :  [ActiveChannelScreen] Member list builder called
01-24 16:45:39.533  2013  2013 I flutter :    State type: CommunicationTransmitting
01-24 16:45:39.533  2369  2616 D AudioManagerExtImpl: getStreamVolume packageName=com.facebook.katana, index=8, streamType=1
01-24 16:45:39.533  2013  2013 I flutter :    Active members count: 1
01-24 16:45:39.533  2013  2013 I flutter :       - Server Console (SERVER-52275765-5684-4cd3-ad8c-0a5c9c59502f)
01-24 16:45:39.534  2013  2013 I flutter :  [ActiveChannelScreen] Member list builder called
01-24 16:45:39.534  2013  2013 I flutter :    State type: CommunicationTransmitting
01-24 16:45:39.534  2013  2013 I flutter :    Active members count: 1
01-24 16:45:39.534  2013  2013 I flutter :       - Server Console (SERVER-52275765-5684-4cd3-ad8c-0a5c9c59502f)
01-24 16:45:39.535  2013  2013 I flutter :  [ActiveChannelScreen] Title builder called, memberCount: 2, state: CommunicationTransmitting
01-24 16:45:39.535  2013  2013 I flutter :  [ActiveChannelScreen] Title builder called, memberCount: 2, state: CommunicationTransmitting
01-24 16:45:39.539  2013  5405 D NativeAudioJNI: Audio callback invoked: numFrames=256
01-24 16:45:39.539  2013  5405 D NativeAudioJNI: Calling Java callback method
01-24 16:45:39.539  2013  5405 D AudioChannelHandler: Audio callback invoked: pcmData.size=960
01-24 16:45:39.540  2013  5405 V OpusCodec: Encoded 960 PCM samples to 36 Opus bytes
01-24 16:45:39.540  2013  5405 D AudioChannelHandler: Opus encoding result: opusData=36 bytes
01-24 16:45:39.540  2013  5405 D AudioChannelHandler: Sending audio data to Flutter: streamId=8cd8399a-4962-48cb-8884-b34c0d3d93a8, opusData.size=36
01-24 16:45:39.541  2013  2013 D AudioChannelHandler: Audio data sent successfully
01-24 16:45:39.541  2013  2013 I flutter : [2026-01-24T16:45:39.541323] [INFO] [NetworkService]  About to send from socket: local=239.255.42.202:5000  server=192.168.1.106:5000
01-24 16:45:39.541  2013  2013 I flutter : [2026-01-24T16:45:39.541683] [INFO] [NetworkService]  Sent 126 bytes from local socket
01-24 16:45:39.544  2013  5405 D NativeAudioJNI: Audio callback invoked: numFrames=256
01-24 16:45:39.544  2013  5405 D NativeAudioJNI: Calling Java callback method
01-24 16:45:39.544  6999  5422 I NK_Netdiag: IntentService[HiH_HiSyncService] ->NK_netdiag_1780|netdiag.tools.NetDetectAndPolicy|65348|the time count will reset!
01-24 16:45:39.545  2120  2585 D DisplayPowerController[0]: onChange selfChange=false uri=content://settings/system/screen_brightness
01-24 16:45:39.545  6999  5410 I NK_InterceptorExecutor: IntentService[HiH_HiSyncService]|embedded.p2|65347|response code:200
01-24 16:45:39.545  2120  2585 D OplusDisplayPowerControllerExtImpl: original brightness:609 final brightness:609.0 scale:1.0 reason:4 darkLevel:0
01-24 16:45:39.546  2120  2585 D DisplayPowerController[0]: Brightness [609.0] reason changing to: 'automatic [ auto_adj ]', previous reason: 'automatic'. id=local:4630946896948975233
01-24 16:45:39.546  2120  2585 I DisplayPowerController[0]: BrightnessEvent: disp=0, brt=609.0(user_set), rcmdBrt=NaN, preBrt=NaN, lux=0.0, preLux=0.0, hbmMax=1.0, hbmMode=off, thrmMax=1.0, flags=user_set , reason=automatic [ auto_adj ]
01-24 16:45:39.546  2120  2585 D VRR [OPlusRefreshRateService]: notifyBrightnessChange brightness: 609.0
01-24 16:45:39.547  2120  2418 D DisplayManagerService: Delivering display event: displayId=0, event=4
01-24 16:45:39.548  6999  5423 I NK_HianalyticsHelper: IntentService[HiH_HiSyncService] ->NK_report_1780|common.hianalytics.HianalyticsHelper|242|user experience involved needs to be opened
01-24 16:45:39.549  2013  2013 I flutter :  [ActiveChannelScreen] Member list builder called
01-24 16:45:39.550  2013  5405 D NativeAudioJNI: Audio callback invoked: numFrames=256
01-24 16:45:39.550  2013  2013 I flutter :    State type: CommunicationTransmitting
01-24 16:45:39.550  2013  5405 D NativeAudioJNI: Calling Java callback method
01-24 16:45:39.550  2013  2013 I flutter :    Active members count: 1
01-24 16:45:39.550  2013  2013 I flutter :       - Server Console (SERVER-52275765-5684-4cd3-ad8c-0a5c9c59502f)
01-24 16:45:39.550  6999  5410 I HiH_HiDataBaseManagerChooseUtil: 1500104340|R|I|begin,isSensitive:false
01-24 16:45:39.550 27334 28668 D AudioManagerExtImpl: getStreamVolume normal, volume index=13
01-24 16:45:39.551  9642  9658 D OplusAtlasService: getAttributeByAppName module:oplus-getStreamMaxVolume packageName:com.instagram.android
01-24 16:45:39.551  2013  2013 I flutter :  [ActiveChannelScreen] Member list builder called
01-24 16:45:39.551  2013  2013 I flutter :    State type: CommunicationTransmitting
01-24 16:45:39.551  2013  2013 I flutter :    Active members count: 1
01-24 16:45:39.551  2013  2013 I flutter :       - Server Console (SERVER-52275765-5684-4cd3-ad8c-0a5c9c59502f)
01-24 16:45:39.552  6999  5410 I HiH_HiDataBaseManagerChooseUtil: 1500104340|R|I|end,isSensitive:false
01-24 16:45:39.552  2369  2616 D AudioManagerExtImpl: getStreamVolume packageName=com.facebook.katana, index=8, streamType=1
01-24 16:45:39.553  2013  2013 I flutter :  [ActiveChannelScreen] Title builder called, memberCount: 2, state: CommunicationTransmitting
01-24 16:45:39.553  2013  2013 I flutter :  [ActiveChannelScreen] Title builder called, memberCount: 2, state: CommunicationTransmitting
01-24 16:45:39.557  2013  5405 D NativeAudioJNI: Audio callback invoked: numFrames=256
01-24 16:45:39.557  2013  5405 D NativeAudioJNI: Calling Java callback method
01-24 16:45:39.559  2013  5405 D NativeAudioJNI: Audio callback invoked: numFrames=256
01-24 16:45:39.559  2013  5405 D NativeAudioJNI: Calling Java callback method
01-24 16:45:39.559  2013  5405 D AudioChannelHandler: Audio callback invoked: pcmData.size=960
01-24 16:45:39.560  2013  5405 V OpusCodec: Encoded 960 PCM samples to 43 Opus bytes
01-24 16:45:39.560  2013  5405 D AudioChannelHandler: Opus encoding result: opusData=43 bytes
01-24 16:45:39.560  2013  5405 D AudioChannelHandler: Sending audio data to Flutter: streamId=8cd8399a-4962-48cb-8884-b34c0d3d93a8, opusData.size=43
01-24 16:45:39.561  2120  2585 D DisplayPowerController[0]: onChange selfChange=false uri=content://settings/system/screen_brightness
01-24 16:45:39.561  2013  2013 D AudioChannelHandler: Audio data sent successfully
01-24 16:45:39.561  2120  2585 D OplusDisplayPowerControllerExtImpl: original brightness:609 final brightness:609.0 scale:1.0 reason:4 darkLevel:0
01-24 16:45:39.561  2013  2013 I flutter : [2026-01-24T16:45:39.561536] [INFO] [NetworkService]  About to send from socket: local=239.255.42.202:5000  server=192.168.1.106:5000
01-24 16:45:39.562  2013  2013 I flutter : [2026-01-24T16:45:39.561964] [INFO] [NetworkService]  Sent 133 bytes from local socket
01-24 16:45:39.562  2120  2585 D DisplayPowerController[0]: Brightness [609.0] reason changing to: 'automatic [ auto_adj ]', previous reason: 'automatic'. id=local:4630946896948975233
01-24 16:45:39.562  2120  2585 I DisplayPowerController[0]: BrightnessEvent: disp=0, brt=609.0(user_set), rcmdBrt=NaN, preBrt=NaN, lux=0.0, preLux=0.0, hbmMax=1.0, hbmMode=off, thrmMax=1.0, flags=user_set , reason=automatic [ auto_adj ]
01-24 16:45:39.563  2120  2585 D VRR [OPlusRefreshRateService]: notifyBrightnessChange brightness: 609.0
01-24 16:45:39.563  2120  2418 D DisplayManagerService: Delivering display event: displayId=0, event=4
01-24 16:45:39.564  2013  5405 D NativeAudioJNI: Audio callback invoked: numFrames=256
01-24 16:45:39.564 27334 28668 D AudioManagerExtImpl: getStreamVolume too fast, volume index=13, package=com.instagram.android
01-24 16:45:39.565  2013  5405 D NativeAudioJNI: Calling Java callback method
01-24 16:45:39.565  9642  9658 D OplusAtlasService: getAttributeByAppName module:oplus-getStreamMaxVolume packageName:com.instagram.android
01-24 16:45:39.565  6999  5410 I HiH_HiDataBaseManagerChooseUtil: 1500104340|R|I|end,isSensitive:false unlock
01-24 16:45:39.565  6999  5410 I HiH_HiDataBaseManagerChooseUtil: 1500104340|R|I|begin,isSensitive:true
01-24 16:45:39.566  6999  5410 I HiH_DataStatManager: 1500104340|R|I|insOrUpdStatDt:newDt=20260114,tp=47201,99,old=99,Upd=true
01-24 16:45:39.567  2013  2013 I flutter :  [ActiveChannelScreen] Member list builder called
01-24 16:45:39.567  2013  2013 I flutter :    State type: CommunicationTransmitting
01-24 16:45:39.567  2013  2013 I flutter :    Active members count: 1
01-24 16:45:39.567  6999  5410 I HiH_DataStatManager: 1500104340|R|I|insOrUpdStatDt:newDt=20260114,tp=47202,95,old=95,Upd=true
01-24 16:45:39.567  2013  2013 I flutter :       - Server Console (SERVER-52275765-5684-4cd3-ad8c-0a5c9c59502f)
01-24 16:45:39.567  6999  5410 I HiH_DataStatManager: 1500104340|R|I|insOrUpdStatDt:newDt=20260114,tp=47203,97,354,old=97,354,Upd=true
01-24 16:45:39.567  6999  5410 I HiH_DataStatManager: 1500104340|R|I|insOrUpdStatDt:newDt=20260114,tp=47204,99,old=99,Upd=true
01-24 16:45:39.568  6999  5410 I HiH_DataStatManager: 1500104340|R|I|insOrUpdStatDt:newDt=20260115,tp=47201,99,old=99,Upd=true
01-24 16:45:39.568  6999  5410 I HiH_DataStatManager: 1500104340|R|I|insOrUpdStatDt:newDt=20260115,tp=47202,95,old=95,Upd=true
01-24 16:45:39.568  2013  2013 I flutter :  [ActiveChannelScreen] Member list builder called
01-24 16:45:39.568  2013  2013 I flutter :    State type: CommunicationTransmitting
01-24 16:45:39.569  2013  2013 I flutter :    Active members count: 1
01-24 16:45:39.569  2013  2013 I flutter :       - Server Console (SERVER-52275765-5684-4cd3-ad8c-0a5c9c59502f)
01-24 16:45:39.569  6999  5410 I HiH_DataStatManager: 1500104340|R|I|insOrUpdStatDt:newDt=20260115,tp=47203,97,462,old=97,462,Upd=true
01-24 16:45:39.569  6999  5410 I HiH_DataStatManager: 1500104340|R|I|insOrUpdStatDt:newDt=20260115,tp=47204,98,old=98,Upd=true
01-24 16:45:39.569  2013  2013 I flutter :  [ActiveChannelScreen] Title builder called, memberCount: 2, state: CommunicationTransmitting
01-24 16:45:39.569  6999  5410 I HiH_DataStatManager: 1500104340|R|I|insOrUpdStatDt:newDt=20260116,tp=47201,99,old=99,Upd=true
01-24 16:45:39.569  2013  2013 I flutter :  [ActiveChannelScreen] Title builder called, memberCount: 2, state: CommunicationTransmitting
01-24 16:45:39.570  6999  5410 I HiH_DataStatManager: 1500104340|R|I|insOrUpdStatDt:newDt=20260116,tp=47202,95,old=95,Upd=true
01-24 16:45:39.570  6999  5410 I HiH_DataStatManager: 1500104340|R|I|insOrUpdStatDt:newDt=20260116,tp=47203,97,494,old=97,494,Upd=true
01-24 16:45:39.570  6999  5410 I HiH_DataStatManager: 1500104340|R|I|insOrUpdStatDt:newDt=20260116,tp=47204,95,old=95,Upd=true
01-24 16:45:39.571  2013  5405 D NativeAudioJNI: Audio callback invoked: numFrames=256
01-24 16:45:39.571  2013  5405 D NativeAudioJNI: Calling Java callback method
01-24 16:45:39.571  6999  5410 I HiH_DataStatManager: 1500104340|R|I|insOrUpdStatDt:newDt=20260117,tp=47201,99,old=99,Upd=true
01-24 16:45:39.571  2369  2616 D AudioManagerExtImpl: getStreamVolume packageName=com.facebook.katana, index=8, streamType=1
01-24 16:45:39.571  6999  5410 I HiH_DataStatManager: 1500104340|R|I|insOrUpdStatDt:newDt=20260117,tp=47202,95,old=95,Upd=true
01-24 16:45:39.572  6999  5410 I HiH_DataStatManager: 1500104340|R|I|insOrUpdStatDt:newDt=20260117,tp=47203,97,091,old=97,091,Upd=true
01-24 16:45:39.572  6999  5410 I HiH_DataStatManager: 1500104340|R|I|insOrUpdStatDt:newDt=20260117,tp=47204,98,old=98,Upd=true
01-24 16:45:39.572  6999  5410 I HiH_DataStatManager: 1500104340|R|I|insOrUpdStatDt:newDt=20260118,tp=47201,99,old=99,Upd=true
01-24 16:45:39.573  6999  5410 I HiH_DataStatManager: 1500104340|R|I|insOrUpdStatDt:newDt=20260118,tp=47202,95,old=95,Upd=true
01-24 16:45:39.573  6999  5410 I HiH_DataStatManager: 1500104340|R|I|insOrUpdStatDt:newDt=20260118,tp=47203,97,418,old=97,418,Upd=true
01-24 16:45:39.573  6999  5410 I HiH_DataStatManager: 1500104340|R|I|insOrUpdStatDt:newDt=20260118,tp=47204,95,old=95,Upd=true
01-24 16:45:39.574  6999  5410 I HiH_DataStatManager: 1500104340|R|I|insOrUpdStatDt:newDt=20260119,tp=47201,99,old=99,Upd=true
01-24 16:45:39.574  6999  5410 I HiH_DataStatManager: 1500104340|R|I|insOrUpdStatDt:newDt=20260119,tp=47202,95,old=95,Upd=true
01-24 16:45:39.574  6999  5410 I HiH_DataStatManager: 1500104340|R|I|insOrUpdStatDt:newDt=20260119,tp=47203,97,391,old=97,391,Upd=true
01-24 16:45:39.575  6999  5410 I HiH_DataStatManager: 1500104340|R|I|insOrUpdStatDt:newDt=20260119,tp=47204,97,old=97,Upd=true
01-24 16:45:39.575  6999  5410 I HiH_DataStatManager: 1500104340|R|I|insOrUpdStatDt:newDt=20260120,tp=47201,99,old=99,Upd=true
01-24 16:45:39.575  6999  5410 I HiH_DataStatManager: 1500104340|R|I|insOrUpdStatDt:newDt=20260120,tp=47202,95,old=95,Upd=true
01-24 16:45:39.576  6999  5410 I HiH_DataStatManager: 1500104340|R|I|insOrUpdStatDt:newDt=20260120,tp=47203,96,816,old=96,816,Upd=true
01-24 16:45:39.576  6999  5410 I HiH_DataStatManager: 1500104340|R|I|insOrUpdStatDt:newDt=20260120,tp=47204,98,old=98,Upd=true
01-24 16:45:39.576  6999  5410 I HiH_DataStatManager: 1500104340|R|I|insOrUpdStatDt:newDt=20260121,tp=47201,99,old=99,Upd=true
01-24 16:45:39.577  6999  5410 I HiH_DataStatManager: 1500104340|R|I|insOrUpdStatDt:newDt=20260121,tp=47202,95,old=95,Upd=true
01-24 16:45:39.577  6999  5410 I HiH_DataStatManager: 1500104340|R|I|insOrUpdStatDt:newDt=20260121,tp=47203,97,423,old=97,423,Upd=true
01-24 16:45:39.578  2120  2585 D DisplayPowerController[0]: onChange selfChange=false uri=content://settings/system/screen_brightness
01-24 16:45:39.578  2013  5405 D NativeAudioJNI: Audio callback invoked: numFrames=256
01-24 16:45:39.578  2013  5405 D NativeAudioJNI: Calling Java callback method
01-24 16:45:39.578  2120  2585 D OplusDisplayPowerControllerExtImpl: original brightness:609 final brightness:609.0 scale:1.0 reason:4 darkLevel:0
01-24 16:45:39.578  6999  5410 I HiH_DataStatManager: 1500104340|R|I|insOrUpdStatDt:newDt=20260121,tp=47204,98,old=98,Upd=true
01-24 16:45:39.578  2120  2585 D DisplayPowerController[0]: Brightness [609.0] reason changing to: 'automatic [ auto_adj ]', previous reason: 'automatic'. id=local:4630946896948975233
01-24 16:45:39.578  6999  5410 I HiH_DataStatManager: 1500104340|R|I|insOrUpdStatDt:newDt=20260122,tp=47201,99,old=99,Upd=true
01-24 16:45:39.578  2120  2585 I DisplayPowerController[0]: BrightnessEvent: disp=0, brt=609.0(user_set), rcmdBrt=NaN, preBrt=NaN, lux=0.0, preLux=0.0, hbmMax=1.0, hbmMode=off, thrmMax=1.0, flags=user_set , reason=automatic [ auto_adj ]
01-24 16:45:39.579  2120  2585 D VRR [OPlusRefreshRateService]: notifyBrightnessChange brightness: 609.0
01-24 16:45:39.579  6999  5410 I HiH_DataStatManager: 1500104340|R|I|insOrUpdStatDt:newDt=20260122,tp=47202,95,old=95,Upd=true
01-24 16:45:39.579  2120  2418 D DisplayManagerService: Delivering display event: displayId=0, event=4
01-24 16:45:39.579  6999  5410 I HiH_DataStatManager: 1500104340|R|I|insOrUpdStatDt:newDt=20260122,tp=47203,97,358,old=97,358,Upd=true
01-24 16:45:39.580  2013  5405 D NativeAudioJNI: Audio callback invoked: numFrames=256
01-24 16:45:39.580  2013  5405 D NativeAudioJNI: Calling Java callback method
01-24 16:45:39.580  2013  5405 D AudioChannelHandler: Audio callback invoked: pcmData.size=960
01-24 16:45:39.580  6999  5410 I HiH_DataStatManager: 1500104340|R|I|insOrUpdStatDt:newDt=20260122,tp=47204,97,old=97,Upd=true
01-24 16:45:39.580  6999  5410 I HiH_DataStatManager: 1500104340|R|I|insOrUpdStatDt:newDt=20260123,tp=47201,99,old=99,Upd=true
01-24 16:45:39.581  6999  5410 I HiH_DataStatManager: 1500104340|R|I|insOrUpdStatDt:newDt=20260123,tp=47202,95,old=95,Upd=true
01-24 16:45:39.581  2013  5405 V OpusCodec: Encoded 960 PCM samples to 41 Opus bytes
01-24 16:45:39.581  2013  5405 D AudioChannelHandler: Opus encoding result: opusData=41 bytes
01-24 16:45:39.581  2013  5405 D AudioChannelHandler: Sending audio data to Flutter: streamId=8cd8399a-4962-48cb-8884-b34c0d3d93a8, opusData.size=41
01-24 16:45:39.581  6999  5410 I HiH_DataStatManager: 1500104340|R|I|insOrUpdStatDt:newDt=20260123,tp=47203,97,old=97,Upd=true
01-24 16:45:39.581 27334 28668 D AudioManagerExtImpl: getStreamVolume normal, volume index=13
01-24 16:45:39.582  6999  5410 I HiH_DataStatManager: 1500104340|R|I|insOrUpdStatDt:newDt=20260123,tp=47204,95,old=95,Upd=true
01-24 16:45:39.582  6999  5410 I HiH_HiDataBaseManagerChooseUtil: 1500104340|R|I|end,isSensitive:true
01-24 16:45:39.582  2013  2013 D AudioChannelHandler: Audio data sent successfully
01-24 16:45:39.582  9642  9658 D OplusAtlasService: getAttributeByAppName module:oplus-getStreamMaxVolume packageName:com.instagram.android
01-24 16:45:39.582  6999  5410 I HiH_HiDataBaseManagerChooseUtil: 1500104340|R|I|end,isSensitive:true unlock
01-24 16:45:39.582  6999  5410 I HiH_HiSyncHlthSensSt: 1500104340|R|I|pullDataByVersion() end!
01-24 16:45:39.582  6999  5410 I HiH_HiSyncDicDaStat: 1500104340|R|I|pullDataByVersion() begin!
01-24 16:45:39.583  2013  2013 I flutter : [2026-01-24T16:45:39.582945] [INFO] [NetworkService]  About to send from socket: local=239.255.42.202:5000  server=192.168.1.106:5000
01-24 16:45:39.583  6999  5410 I HiH_HiSyncDicDaStat: 1500104340|R|I|downlHlhStatByTm sTm=20260114,eDay=20260124
01-24 16:45:39.583  6999  5410 I HiH_HiSyncDicDaStat: 1500104340|R|I|getHealthStatRsp:HealthStatisticsDownloadReq{sTm=20260114,eTm=20260124,Source=2,devCode=0,tp=[400014, 400015, 400012, 400013, 400011, 400023, 10002, 400020, 400018, 400019, 400016, 10006, 400017, 400026, 400025, 500007, 500006, 500005, 500002, 500001, 500015, 500014, 500013, 500012, 500010, 500019, 500018, 500031, 500030, 500029, 500027, 500025, 500039, 200003, 500038, 200002, 500037, 200001, 500036, 500035, 500034, 500033, 500032, 200004, 600001, 500046, 500045, 600003, 600002, 500044, 500043, 500041, 500040, 500048, 300004, 300003]}
01-24 16:45:39.583  2013  2013 I flutter : [2026-01-24T16:45:39.583753] [INFO] [NetworkService]  Sent 131 bytes from local socket
01-24 16:45:39.584  6999  5410 I NK_e    : IntentService[HiH_HiSyncService]|network.grs.h.e|65354|isSpExpire false.
01-24 16:45:39.584  6999  5410 I NK_a    : IntentService[HiH_HiSyncService]|network.grs.a|65350|GrsClientManager.getUrlsLocal: Get URL from GRS Server Cache
01-24 16:45:39.584  6999  5410 I NK_a    : IntentService[HiH_HiSyncService]|network.grs.a|65346|GrsClientManager.synGetGrsUrl: Return [healthcloud][healthCloudUrl] Url: h*t*s*/*s*o*t*a*a*d*e*t*i*g*.*b*n*c*o*d*c*m
01-24 16:45:39.585  2013  2013 I flutter :  [ActiveChannelScreen] Member list builder called
01-24 16:45:39.585  2013  2013 I flutter :    State type: CommunicationTransmitting
01-24 16:45:39.585  2013  2013 I flutter :    Active members count: 1
01-24 16:45:39.585  2013  2013 I flutter :       - Server Console (SERVER-52275765-5684-4cd3-ad8c-0a5c9c59502f)
01-24 16:45:39.586  2013  5405 D NativeAudioJNI: Audio callback invoked: numFrames=256
01-24 16:45:39.586  2013  5405 D NativeAudioJNI: Calling Java callback method
01-24 16:45:39.588  2013  2013 I flutter :  [ActiveChannelScreen] Member list builder called
01-24 16:45:39.588  2013  2013 I flutter :    State type: CommunicationTransmitting
01-24 16:45:39.588  6999  5410 W NK_BaseConfig: IntentService[HiH_HiSyncService]|embedded.e|65353|Set value error, value of core_metrics_data is out of range.
01-24 16:45:39.588  2013  2013 I flutter :    Active members count: 1
01-24 16:45:39.588  2013  2013 I flutter :       - Server Console (SERVER-52275765-5684-4cd3-ad8c-0a5c9c59502f)
01-24 16:45:39.589  6999  5410 I NK_OkReqTsk: IntentService[HiH_HiSyncService]|embedded.j3|65345|the request has used the okhttp! 
01-24 16:45:39.591  2013  2013 I flutter :  [ActiveChannelScreen] Title builder called, memberCount: 2, state: CommunicationTransmitting
01-24 16:45:39.591  2013  2013 I flutter :  [ActiveChannelScreen] Title builder called, memberCount: 2, state: CommunicationTransmitting
01-24 16:45:39.592  2013  5405 D NativeAudioJNI: Audio callback invoked: numFrames=256
01-24 16:45:39.592  2013  5405 D NativeAudioJNI: Calling Java callback method
01-24 16:45:39.593  2120  2950 D PowerManagerService: userActivityNoUpdateLocked: groupId=0, eventTime=1399370429, event=2, flags=0x0, uid=1000
01-24 16:45:39.595  2120  2585 D DisplayPowerController[0]: onChange selfChange=false uri=content://settings/system/screen_brightness
01-24 16:45:39.596  2120  2585 D OplusDisplayPowerControllerExtImpl: original brightness:609 final brightness:609.0 scale:1.0 reason:4 darkLevel:0
01-24 16:45:39.596  2120  2585 D DisplayPowerController[0]: Brightness [609.0] reason changing to: 'automatic [ auto_adj ]', previous reason: 'automatic'. id=local:4630946896948975233
01-24 16:45:39.596  2120  2585 I DisplayPowerController[0]: BrightnessEvent: disp=0, brt=609.0(user_set), rcmdBrt=NaN, preBrt=NaN, lux=0.0, preLux=0.0, hbmMax=1.0, hbmMode=off, thrmMax=1.0, flags=user_set , reason=automatic [ auto_adj ]
01-24 16:45:39.596  2120  2585 D VRR [OPlusRefreshRateService]: notifyBrightnessChange brightness: 609.0
01-24 16:45:39.596  2120  2418 D DisplayManagerService: Delivering display event: displayId=0, event=4
01-24 16:45:39.597 27334 28668 D AudioManagerExtImpl: getStreamVolume too fast, volume index=13, package=com.instagram.android
01-24 16:45:39.597  9642  9658 D OplusAtlasService: getAttributeByAppName module:oplus-getStreamMaxVolume packageName:com.instagram.android
01-24 16:45:39.598  2369  2616 D AudioManagerExtImpl: getStreamVolume packageName=com.facebook.katana, index=8, streamType=1
01-24 16:45:39.598  2013  5405 D NativeAudioJNI: Audio callback invoked: numFrames=256
01-24 16:45:39.598  2013  5405 D NativeAudioJNI: Calling Java callback method
01-24 16:45:39.598  2013  5405 D AudioChannelHandler: Audio callback invoked: pcmData.size=960
01-24 16:45:39.599  2013  5405 V OpusCodec: Encoded 960 PCM samples to 43 Opus bytes
01-24 16:45:39.599  2013  5405 D AudioChannelHandler: Opus encoding result: opusData=43 bytes
01-24 16:45:39.599  2013  5405 D AudioChannelHandler: Sending audio data to Flutter: streamId=8cd8399a-4962-48cb-8884-b34c0d3d93a8, opusData.size=43
01-24 16:45:39.600  2013  2013 D AudioChannelHandler: Audio data sent successfully
01-24 16:45:39.600  2013  2013 I flutter : [2026-01-24T16:45:39.600794] [INFO] [NetworkService]  About to send from socket: local=239.255.42.202:5000  server=192.168.1.106:5000
01-24 16:45:39.601  2013  2013 I flutter : [2026-01-24T16:45:39.601315] [INFO] [NetworkService]  Sent 133 bytes from local socket
01-24 16:45:39.602  2013  2013 I flutter :  [ActiveChannelScreen] Member list builder called
01-24 16:45:39.602  2013  2013 I flutter :    State type: CommunicationTransmitting
01-24 16:45:39.602  2013  2013 I flutter :    Active members count: 1
01-24 16:45:39.602  2013  2013 I flutter :       - Server Console (SERVER-52275765-5684-4cd3-ad8c-0a5c9c59502f)
01-24 16:45:39.603  2013  2013 I flutter :  [ActiveChannelScreen] Member list builder called
01-24 16:45:39.603  2013  2013 I flutter :    State type: CommunicationTransmitting
01-24 16:45:39.603  2013  2013 I flutter :    Active members count: 1
01-24 16:45:39.603  2013  2013 I flutter :       - Server Console (SERVER-52275765-5684-4cd3-ad8c-0a5c9c59502f)
01-24 16:45:39.604  2013  5405 D NativeAudioJNI: Audio callback invoked: numFrames=256
01-24 16:45:39.604  2013  5405 D NativeAudioJNI: Calling Java callback method
01-24 16:45:39.604  2013  2013 I flutter :  [ActiveChannelScreen] Title builder called, memberCount: 2, state: CommunicationTransmitting
01-24 16:45:39.604  2013  2013 I flutter :  [ActiveChannelScreen] Title builder called, memberCount: 2, state: CommunicationTransmitting
01-24 16:45:39.608  2013  5405 D NativeAudioJNI: Audio callback invoked: numFrames=256
01-24 16:45:39.608  2013  5405 D NativeAudioJNI: Calling Java callback method
01-24 16:45:39.610  2120  2585 D DisplayPowerController[0]: onChange selfChange=false uri=content://settings/system/screen_brightness
01-24 16:45:39.611  2120  2585 D OplusDisplayPowerControllerExtImpl: original brightness:609 final brightness:609.0 scale:1.0 reason:4 darkLevel:0
01-24 16:45:39.612  2120  2585 D DisplayPowerController[0]: Brightness [609.0] reason changing to: 'automatic [ auto_adj ]', previous reason: 'automatic'. id=local:4630946896948975233
01-24 16:45:39.612  2120  2585 I DisplayPowerController[0]: BrightnessEvent: disp=0, brt=609.0(user_set), rcmdBrt=NaN, preBrt=NaN, lux=0.0, preLux=0.0, hbmMax=1.0, hbmMode=off, thrmMax=1.0, flags=user_set , reason=automatic [ auto_adj ]
01-24 16:45:39.612  2120  2585 D VRR [OPlusRefreshRateService]: notifyBrightnessChange brightness: 609.0
01-24 16:45:39.613  2013  5405 D NativeAudioJNI: Audio callback invoked: numFrames=256
01-24 16:45:39.613  2013  5405 D NativeAudioJNI: Calling Java callback method
01-24 16:45:39.613  2120  2418 D DisplayManagerService: Delivering display event: displayId=0, event=4
01-24 16:45:39.614 27334 28668 D AudioManagerExtImpl: getStreamVolume normal, volume index=13
01-24 16:45:39.615  9642  9658 D OplusAtlasService: getAttributeByAppName module:oplus-getStreamMaxVolume packageName:com.instagram.android
01-24 16:45:39.617  2369  2616 D AudioManagerExtImpl: getStreamVolume packageName=com.facebook.katana, index=8, streamType=1
01-24 16:45:39.619  2013  5405 D NativeAudioJNI: Audio callback invoked: numFrames=256
01-24 16:45:39.619  2013  5405 D NativeAudioJNI: Calling Java callback method
01-24 16:45:39.619  2013  5405 D AudioChannelHandler: Audio callback invoked: pcmData.size=960
01-24 16:45:39.620  2013  5405 V OpusCodec: Encoded 960 PCM samples to 41 Opus bytes
01-24 16:45:39.620  2013  5405 D AudioChannelHandler: Opus encoding result: opusData=41 bytes
01-24 16:45:39.620  2013  5405 D AudioChannelHandler: Sending audio data to Flutter: streamId=8cd8399a-4962-48cb-8884-b34c0d3d93a8, opusData.size=41
01-24 16:45:39.622  2013  2013 D AudioChannelHandler: Audio data sent successfully
01-24 16:45:39.622  2013  2013 I flutter : [2026-01-24T16:45:39.622414] [INFO] [NetworkService]  About to send from socket: local=239.255.42.202:5000  server=192.168.1.106:5000
01-24 16:45:39.622  2013  2013 I flutter : [2026-01-24T16:45:39.622721] [INFO] [NetworkService]  Sent 131 bytes from local socket
01-24 16:45:39.624  2013  5405 D NativeAudioJNI: Audio callback invoked: numFrames=256
01-24 16:45:39.625  2013  5405 D NativeAudioJNI: Calling Java callback method
01-24 16:45:39.626  2120  3106 W SettingsState: disallow repeat write for screen_brightness, value: 528
01-24 16:45:39.629  2013  5405 D NativeAudioJNI: Audio callback invoked: numFrames=256
01-24 16:45:39.629  2013  5405 D NativeAudioJNI: Calling Java callback method
01-24 16:45:39.634  2013  5405 D NativeAudioJNI: Audio callback invoked: numFrames=256
01-24 16:45:39.634  2013  2013 I flutter :  [ActiveChannelScreen] Member list builder called
01-24 16:45:39.634  2013  5405 D NativeAudioJNI: Calling Java callback method
01-24 16:45:39.634  2013  2013 I flutter :    State type: CommunicationTransmitting
01-24 16:45:39.634  2013  2013 I flutter :    Active members count: 1
01-24 16:45:39.634  2013  2013 I flutter :       - Server Console (SERVER-52275765-5684-4cd3-ad8c-0a5c9c59502f)
01-24 16:45:39.637  2013  2013 I flutter :  [ActiveChannelScreen] Member list builder called
01-24 16:45:39.637  2013  2013 I flutter :    State type: CommunicationTransmitting
01-24 16:45:39.637  2013  2013 I flutter :    Active members count: 1
01-24 16:45:39.637  2013  2013 I flutter :       - Server Console (SERVER-52275765-5684-4cd3-ad8c-0a5c9c59502f)
01-24 16:45:39.640  2013  2013 I flutter :  [ActiveChannelScreen] Title builder called, memberCount: 2, state: CommunicationTransmitting
01-24 16:45:39.640  2013  5405 D NativeAudioJNI: Audio callback invoked: numFrames=256
01-24 16:45:39.640  2013  2013 I flutter :  [ActiveChannelScreen] Title builder called, memberCount: 2, state: CommunicationTransmitting
01-24 16:45:39.640  2013  5405 D NativeAudioJNI: Calling Java callback method
01-24 16:45:39.640  2013  5405 D AudioChannelHandler: Audio callback invoked: pcmData.size=960
01-24 16:45:39.642  2013  5405 V OpusCodec: Encoded 960 PCM samples to 40 Opus bytes
01-24 16:45:39.642  2013  5405 D AudioChannelHandler: Opus encoding result: opusData=40 bytes
01-24 16:45:39.642  2013  5405 D AudioChannelHandler: Sending audio data to Flutter: streamId=8cd8399a-4962-48cb-8884-b34c0d3d93a8, opusData.size=40
01-24 16:45:39.644  2013  2013 D AudioChannelHandler: Audio data sent successfully
01-24 16:45:39.644  2120  2585 D DisplayPowerController[0]: onChange selfChange=false uri=content://settings/system/screen_brightness
01-24 16:45:39.645  2013  2013 I flutter : [2026-01-24T16:45:39.645172] [INFO] [NetworkService]  About to send from socket: local=239.255.42.202:5000  server=192.168.1.106:5000
01-24 16:45:39.645  2120  2585 D OplusDisplayPowerControllerExtImpl: original brightness:609 final brightness:609.0 scale:1.0 reason:4 darkLevel:0
01-24 16:45:39.645  2013  2013 I flutter : [2026-01-24T16:45:39.645678] [INFO] [NetworkService]  Sent 130 bytes from local socket
01-24 16:45:39.647  2013  5405 D NativeAudioJNI: Audio callback invoked: numFrames=256
01-24 16:45:39.647  2013  5405 D NativeAudioJNI: Calling Java callback method
01-24 16:45:39.647  2120  2585 D DisplayPowerController[0]: Brightness [609.0] reason changing to: 'automatic [ auto_adj ]', previous reason: 'automatic'. id=local:4630946896948975233
01-24 16:45:39.647  2120  2585 I DisplayPowerController[0]: BrightnessEvent: disp=0, brt=609.0(user_set), rcmdBrt=NaN, preBrt=NaN, lux=0.0, preLux=0.0, hbmMax=1.0, hbmMode=off, thrmMax=1.0, flags=user_set , reason=automatic [ auto_adj ]
01-24 16:45:39.647  2120  2585 D VRR [OPlusRefreshRateService]: notifyBrightnessChange brightness: 609.0
01-24 16:45:39.648  2120  2418 D DisplayManagerService: Delivering display event: displayId=0, event=4
01-24 16:45:39.651  2013  2013 I flutter :  [ActiveChannelScreen] Member list builder called
01-24 16:45:39.651  2013  2013 I flutter :    State type: CommunicationTransmitting
01-24 16:45:39.651  2013  2013 I flutter :    Active members count: 1
01-24 16:45:39.651  2013  2013 I flutter :       - Server Console (SERVER-52275765-5684-4cd3-ad8c-0a5c9c59502f)
01-24 16:45:39.651  2013  5405 D NativeAudioJNI: Audio callback invoked: numFrames=256
01-24 16:45:39.652  2013  5405 D NativeAudioJNI: Calling Java callback method
01-24 16:45:39.653  2369  2616 D AudioManagerExtImpl: getStreamVolume packageName=com.facebook.katana, index=8, streamType=1
01-24 16:45:39.654  2013  2013 I flutter :  [ActiveChannelScreen] Member list builder called
01-24 16:45:39.655  2013  2013 I flutter :    State type: CommunicationTransmitting
01-24 16:45:39.655  2013  2013 I flutter :    Active members count: 1
01-24 16:45:39.655  2013  5405 D NativeAudioJNI: Audio callback invoked: numFrames=256
01-24 16:45:39.655  2013  2013 I flutter :       - Server Console (SERVER-52275765-5684-4cd3-ad8c-0a5c9c59502f)
01-24 16:45:39.655  2013  5405 D NativeAudioJNI: Calling Java callback method
01-24 16:45:39.656 27334 28668 D AudioManagerExtImpl: getStreamVolume normal, volume index=13
01-24 16:45:39.656  2013  2013 I flutter :  [ActiveChannelScreen] Title builder called, memberCount: 2, state: CommunicationTransmitting
01-24 16:45:39.656  2013  2013 I flutter :  [ActiveChannelScreen] Title builder called, memberCount: 2, state: CommunicationTransmitting
01-24 16:45:39.656  9642  9658 D OplusAtlasService: getAttributeByAppName module:oplus-getStreamMaxVolume packageName:com.instagram.android
01-24 16:45:39.660  2120  3106 W SettingsState: disallow repeat write for screen_brightness, value: 529
01-24 16:45:39.661  2013  5405 D NativeAudioJNI: Audio callback invoked: numFrames=256
01-24 16:45:39.661  2013  5405 D NativeAudioJNI: Calling Java callback method
01-24 16:45:39.661  2013  5405 D AudioChannelHandler: Audio callback invoked: pcmData.size=960
01-24 16:45:39.662  2013  5405 V OpusCodec: Encoded 960 PCM samples to 38 Opus bytes
01-24 16:45:39.662  2013  5405 D AudioChannelHandler: Opus encoding result: opusData=38 bytes
01-24 16:45:39.662  2013  5405 D AudioChannelHandler: Sending audio data to Flutter: streamId=8cd8399a-4962-48cb-8884-b34c0d3d93a8, opusData.size=38
01-24 16:45:39.663  2013  2013 D AudioChannelHandler: Audio data sent successfully
01-24 16:45:39.663  2013  2013 I flutter : [2026-01-24T16:45:39.663439] [INFO] [NetworkService]  About to send from socket: local=239.255.42.202:5000  server=192.168.1.106:5000
01-24 16:45:39.663  2013  2013 I flutter : [2026-01-24T16:45:39.663727] [INFO] [NetworkService]  Sent 128 bytes from local socket
01-24 16:45:39.666  2013  2013 I flutter :  [ActiveChannelScreen] Member list builder called
01-24 16:45:39.666  2013  2013 I flutter :    State type: CommunicationTransmitting
01-24 16:45:39.666  2013  2013 I flutter :    Active members count: 1
01-24 16:45:39.666  2013  2013 I flutter :       - Server Console (SERVER-52275765-5684-4cd3-ad8c-0a5c9c59502f)
01-24 16:45:39.667  2013  2013 I flutter :  [ActiveChannelScreen] Member list builder called
01-24 16:45:39.668  2013  2013 I flutter :    State type: CommunicationTransmitting
01-24 16:45:39.668  2013  2013 I flutter :    Active members count: 1
01-24 16:45:39.668  2013  2013 I flutter :       - Server Console (SERVER-52275765-5684-4cd3-ad8c-0a5c9c59502f)
01-24 16:45:39.668  2013  5405 D NativeAudioJNI: Audio callback invoked: numFrames=256
01-24 16:45:39.668  2013  5405 D NativeAudioJNI: Calling Java callback method
01-24 16:45:39.668  2013  2013 I flutter :  [ActiveChannelScreen] Title builder called, memberCount: 2, state: CommunicationTransmitting
01-24 16:45:39.669  2013  2013 I flutter :  [ActiveChannelScreen] Title builder called, memberCount: 2, state: CommunicationTransmitting
01-24 16:45:39.672  2013  5405 D NativeAudioJNI: Audio callback invoked: numFrames=256
01-24 16:45:39.673  2013  5405 D NativeAudioJNI: Calling Java callback method
01-24 16:45:39.677  2013  5405 D NativeAudioJNI: Audio callback invoked: numFrames=256
01-24 16:45:39.677  2013  5405 D NativeAudioJNI: Calling Java callback method
01-24 16:45:39.677  2013  5405 D AudioChannelHandler: Audio callback invoked: pcmData.size=960
01-24 16:45:39.678  2120  2585 D DisplayPowerController[0]: onChange selfChange=false uri=content://settings/system/screen_brightness
01-24 16:45:39.678  6999  5422 I NK_Netdiag: IntentService[HiH_HiSyncService] ->NK_netdiag_1780|netdiag.tools.NetDetectAndPolicy|65348|the time count will reset!
01-24 16:45:39.678  2013  5405 V OpusCodec: Encoded 960 PCM samples to 35 Opus bytes
01-24 16:45:39.678  2013  5405 D AudioChannelHandler: Opus encoding result: opusData=35 bytes
01-24 16:45:39.678  2013  5405 D AudioChannelHandler: Sending audio data to Flutter: streamId=8cd8399a-4962-48cb-8884-b34c0d3d93a8, opusData.size=35
01-24 16:45:39.678  2120  2585 D OplusDisplayPowerControllerExtImpl: original brightness:609 final brightness:609.0 scale:1.0 reason:4 darkLevel:0
01-24 16:45:39.679  2013  2013 D AudioChannelHandler: Audio data sent successfully
01-24 16:45:39.679  2013  2013 I flutter : [2026-01-24T16:45:39.679264] [INFO] [NetworkService]  About to send from socket: local=239.255.42.202:5000  server=192.168.1.106:5000
01-24 16:45:39.679  2120  2585 D DisplayPowerController[0]: Brightness [609.0] reason changing to: 'automatic [ auto_adj ]', previous reason: 'automatic'. id=local:4630946896948975233
01-24 16:45:39.679  6999  5410 I NK_InterceptorExecutor: IntentService[HiH_HiSyncService]|embedded.p2|65347|response code:200
01-24 16:45:39.679  2013  2013 I flutter : [2026-01-24T16:45:39.679626] [INFO] [NetworkService]  Sent 125 bytes from local socket
01-24 16:45:39.679  2120  2585 I DisplayPowerController[0]: BrightnessEvent: disp=0, brt=609.0(user_set), rcmdBrt=NaN, preBrt=NaN, lux=0.0, preLux=0.0, hbmMax=1.0, hbmMode=off, thrmMax=1.0, flags=user_set , reason=automatic [ auto_adj ]
01-24 16:45:39.679  2120  2585 D VRR [OPlusRefreshRateService]: notifyBrightnessChange brightness: 609.0
01-24 16:45:39.679  2120  2418 D DisplayManagerService: Delivering display event: displayId=0, event=4
01-24 16:45:39.680  6999  5423 I NK_HianalyticsHelper: IntentService[HiH_HiSyncService] ->NK_report_1780|common.hianalytics.HianalyticsHelper|242|user experience involved needs to be opened
01-24 16:45:39.681  6999  5410 I HiH_HiDataBaseManagerChooseUtil: 1500104340|R|I|begin,isSensitive:false
01-24 16:45:39.681  2369  2616 D AudioManagerExtImpl: getStreamVolume packageName=com.facebook.katana, index=8, streamType=1
01-24 16:45:39.682  6999  5410 I HiH_HiDataBaseManagerChooseUtil: 1500104340|R|I|end,isSensitive:false
01-24 16:45:39.682  2013  5405 D NativeAudioJNI: Audio callback invoked: numFrames=256
01-24 16:45:39.682  2013  5405 D NativeAudioJNI: Calling Java callback method
01-24 16:45:39.683  2013  2013 I flutter :  [ActiveChannelScreen] Member list builder called
01-24 16:45:39.683  2013  2013 I flutter :    State type: CommunicationTransmitting
01-24 16:45:39.683  2013  2013 I flutter :    Active members count: 1
01-24 16:45:39.683  2013  2013 I flutter :       - Server Console (SERVER-52275765-5684-4cd3-ad8c-0a5c9c59502f)
01-24 16:45:39.684  2013  2013 I flutter :  [ActiveChannelScreen] Member list builder called
01-24 16:45:39.684  2013  2013 I flutter :    State type: CommunicationTransmitting
01-24 16:45:39.684  2013  2013 I flutter :    Active members count: 1
01-24 16:45:39.684  2013  2013 I flutter :       - Server Console (SERVER-52275765-5684-4cd3-ad8c-0a5c9c59502f)
01-24 16:45:39.685 27334 28668 D AudioManagerExtImpl: getStreamVolume normal, volume index=13
01-24 16:45:39.685  9642  9658 D OplusAtlasService: getAttributeByAppName module:oplus-getStreamMaxVolume packageName:com.instagram.android
01-24 16:45:39.685  2013  2013 I flutter :  [ActiveChannelScreen] Title builder called, memberCount: 2, state: CommunicationTransmitting
01-24 16:45:39.685  2013  2013 I flutter :  [ActiveChannelScreen] Title builder called, memberCount: 2, state: CommunicationTransmitting
01-24 16:45:39.689  2013  5405 D NativeAudioJNI: Audio callback invoked: numFrames=256
01-24 16:45:39.689  2013  5405 D NativeAudioJNI: Calling Java callback method
01-24 16:45:39.691  6999  5410 I HiH_HiDataBaseManagerChooseUtil: 1500104340|R|I|end,isSensitive:false unlock
01-24 16:45:39.691  6999  5410 I HiH_HiSyncDicDaStat: 1500104340|R|I|pullDataByVersion() end!
01-24 16:45:39.691  6999  5410 I HiH_HiSyncTrack: 1500104340|R|I|downLoad() begin !
01-24 16:45:39.691  6999  5410 I HiH_HiSyncTrack: 1500104340|R|I|pullDataByVersion() end ! syncKeys is [SyncKey{dataType='2', type='2', deviceCode='0', version='1764497489482'}]
01-24 16:45:39.692  2120  3106 W SettingsState: disallow repeat write for screen_brightness, value: 530
01-24 16:45:39.692  6999  5410 I HiH_HiSyncTrack: 1500104340|R|I|pullDataByVersion() end !
01-24 16:45:39.692  6999  5410 I HiH_HiSyncDictData: 1500104340|R|I|pullDataByVersion begin
01-24 16:45:39.693  6999  5410 W HiH_HiSyncVerMgr: 1500104340|R|W|cloudNoDt,tp=400014
01-24 16:45:39.693  6999  5410 W HiH_HiSyncVerMgr: 1500104340|R|W|cloudNoDt,tp=400015
01-24 16:45:39.693  6999  5410 W HiH_HiSyncVerMgr: 1500104340|R|W|cloudNoDt,tp=400012
01-24 16:45:39.693  6999  5410 W HiH_HiSyncVerMgr: 1500104340|R|W|cloudNoDt,tp=400013
01-24 16:45:39.693  6999  5410 W HiH_HiSyncVerMgr: 1500104340|R|W|cloudNoDt,tp=400011
01-24 16:45:39.693  6999  5410 W HiH_HiSyncVerMgr: 1500104340|R|W|cloudNoDt,tp=400023
01-24 16:45:39.693  6999  5410 W HiH_HiSyncVerMgr: 1500104340|R|W|cloudNoDt,tp=10002
01-24 16:45:39.693  6999  5410 W HiH_HiSyncVerMgr: 1500104340|R|W|cloudNoDt,tp=400020
01-24 16:45:39.693  6999  5410 W HiH_HiSyncVerMgr: 1500104340|R|W|cloudNoDt,tp=400018
01-24 16:45:39.693  6999  5410 W HiH_HiSyncVerMgr: 1500104340|R|W|cloudNoDt,tp=400019
01-24 16:45:39.693  6999  5410 W HiH_HiSyncVerMgr: 1500104340|R|W|cloudNoDt,tp=400016
01-24 16:45:39.693  6999  5410 W HiH_HiSyncVerMgr: 1500104340|R|W|cloudNoDt,tp=400017
01-24 16:45:39.693  6999  5410 W HiH_HiSyncVerMgr: 1500104340|R|W|cloudNoDt,tp=400026
01-24 16:45:39.693  6999  5410 W HiH_HiSyncVerMgr: 1500104340|R|W|cloudNoDt,tp=400025
01-24 16:45:39.693  2120  2950 D PowerManagerService: userActivityNoUpdateLocked: groupId=0, eventTime=1399370529, event=2, flags=0x0, uid=1000
01-24 16:45:39.693  6999  5410 W HiH_HiSyncVerMgr: 1500104340|R|W|cloudNoDt,tp=500007
01-24 16:45:39.693  6999  5410 W HiH_HiSyncVerMgr: 1500104340|R|W|cloudNoDt,tp=500006
01-24 16:45:39.693  6999  5410 W HiH_HiSyncVerMgr: 1500104340|R|W|cloudNoDt,tp=500001
01-24 16:45:39.693  6999  5410 W HiH_HiSyncVerMgr: 1500104340|R|W|cloudNoDt,tp=500015
01-24 16:45:39.693  6999  5410 W HiH_HiSyncVerMgr: 1500104340|R|W|cloudNoDt,tp=500014
01-24 16:45:39.693  6999  5410 W HiH_HiSyncVerMgr: 1500104340|R|W|cloudNoDt,tp=500013
01-24 16:45:39.693  6999  5410 W HiH_HiSyncVerMgr: 1500104340|R|W|cloudNoDt,tp=500012
01-24 16:45:39.693  6999  5410 W HiH_HiSyncVerMgr: 1500104340|R|W|cloudNoDt,tp=500031
01-24 16:45:39.693  6999  5410 W HiH_HiSyncVerMgr: 1500104340|R|W|cloudNoDt,tp=500030
01-24 16:45:39.693  6999  5410 W HiH_HiSyncVerMgr: 1500104340|R|W|cloudNoDt,tp=500029
01-24 16:45:39.693  6999  5410 W HiH_HiSyncVerMgr: 1500104340|R|W|cloudNoDt,tp=500027
01-24 16:45:39.693  6999  5410 W HiH_HiSyncVerMgr: 1500104340|R|W|cloudNoDt,tp=500039
01-24 16:45:39.693  6999  5410 W HiH_HiSyncVerMgr: 1500104340|R|W|cloudNoDt,tp=200003
01-24 16:45:39.693  6999  5410 W HiH_HiSyncVerMgr: 1500104340|R|W|cloudNoDt,tp=500038
01-24 16:45:39.694  6999  5410 W HiH_HiSyncVerMgr: 1500104340|R|W|cloudNoDt,tp=200002
01-24 16:45:39.694  2013  5405 D NativeAudioJNI: Audio callback invoked: numFrames=256
01-24 16:45:39.694  2013  5405 D NativeAudioJNI: Calling Java callback method
01-24 16:45:39.694  6999  5410 W HiH_HiSyncVerMgr: 1500104340|R|W|cloudNoDt,tp=500037
01-24 16:45:39.694  6999  5410 W HiH_HiSyncVerMgr: 1500104340|R|W|cloudNoDt,tp=200001
01-24 16:45:39.694  6999  5410 W HiH_HiSyncVerMgr: 1500104340|R|W|cloudNoDt,tp=500036
01-24 16:45:39.694  6999  5410 W HiH_HiSyncVerMgr: 1500104340|R|W|cloudNoDt,tp=500035
01-24 16:45:39.694  6999  5410 W HiH_HiSyncVerMgr: 1500104340|R|W|cloudNoDt,tp=500034
01-24 16:45:39.694  6999  5410 W HiH_HiSyncVerMgr: 1500104340|R|W|cloudNoDt,tp=500033
01-24 16:45:39.694  6999  5410 W HiH_HiSyncVerMgr: 1500104340|R|W|cloudNoDt,tp=500032
01-24 16:45:39.694  6999  5410 W HiH_HiSyncVerMgr: 1500104340|R|W|cloudNoDt,tp=200004
01-24 16:45:39.694  6999  5410 W HiH_HiSyncVerMgr: 1500104340|R|W|cloudNoDt,tp=600001
01-24 16:45:39.694  6999  7621 D LogUtil_LogConfig: getLogFile(): logFilePath = /data/user/0/com.huawei.health/files/com.huawei.health/com.huawei.health_DaemonService/
01-24 16:45:39.694  6999  5410 W HiH_HiSyncVerMgr: 1500104340|R|W|cloudNoDt,tp=500046
01-24 16:45:39.694  6999  5410 W HiH_HiSyncVerMgr: 1500104340|R|W|cloudNoDt,tp=500045
01-24 16:45:39.694  6999  5410 W HiH_HiSyncVerMgr: 1500104340|R|W|cloudNoDt,tp=600003
01-24 16:45:39.694  6999  5410 W HiH_HiSyncVerMgr: 1500104340|R|W|cloudNoDt,tp=500044
