01-24 16:45:40.229  2013  5405 D NativeAudioJNI: Audio callback invoked: numFrames=256
01-24 16:45:40.229  2013  5405 D NativeAudioJNI: Calling Java callback method
01-24 16:45:40.230  2120  2585 D DisplayPowerController[0]: onChange selfChange=false uri=content://settings/system/screen_brightness
01-24 16:45:40.231  2013  5405 D NativeAudioJNI: Audio callback invoked: numFrames=256
01-24 16:45:40.231  2013  5405 D NativeAudioJNI: Calling Java callback method
01-24 16:45:40.231  2120  2585 D OplusDisplayPowerControllerExtImpl: original brightness:609 final brightness:609.0 scale:1.0 reason:4 darkLevel:0
01-24 16:45:40.232  2120  2585 D DisplayPowerController[0]: Brightness [609.0] reason changing to: 'automatic [ auto_adj ]', previous reason: 'automatic'. id=local:4630946896948975233
01-24 16:45:40.232  2369  2616 D AudioManagerExtImpl: getStreamVolume packageName=com.facebook.katana, index=8, streamType=1
01-24 16:45:40.232  2120  2585 I DisplayPowerController[0]: BrightnessEvent: disp=0, brt=609.0(user_set), rcmdBrt=NaN, preBrt=NaN, lux=0.0, preLux=0.0, hbmMax=1.0, hbmMode=off, thrmMax=1.0, flags=user_set , reason=automatic [ auto_adj ]
01-24 16:45:40.232  2120  2585 D VRR [OPlusRefreshRateService]: notifyBrightnessChange brightness: 609.0
01-24 16:45:40.232  2120  2418 D DisplayManagerService: Delivering display event: displayId=0, event=4
01-24 16:45:40.232 27334 28668 D AudioManagerExtImpl: getStreamVolume too fast, volume index=13, package=com.instagram.android
01-24 16:45:40.233  2013  2013 I flutter :  [ActiveChannelScreen] Member list builder called
01-24 16:45:40.233  2013  2013 I flutter :    State type: CommunicationTransmitting
01-24 16:45:40.233  2013  2013 I flutter :    Active members count: 1
01-24 16:45:40.233  2013  2013 I flutter :       - Server Console (SERVER-52275765-5684-4cd3-ad8c-0a5c9c59502f)
01-24 16:45:40.234  9642  9658 D OplusAtlasService: getAttributeByAppName module:oplus-getStreamMaxVolume packageName:com.instagram.android
01-24 16:45:40.235  2013  2013 I flutter :  [ActiveChannelScreen] Member list builder called
01-24 16:45:40.235  2013  2013 I flutter :    State type: CommunicationTransmitting
01-24 16:45:40.235  2013  2013 I flutter :    Active members count: 1
01-24 16:45:40.235  2013  2013 I flutter :       - Server Console (SERVER-52275765-5684-4cd3-ad8c-0a5c9c59502f)
01-24 16:45:40.235  2013  2013 I flutter :  [ActiveChannelScreen] Title builder called, memberCount: 2, state: CommunicationTransmitting
01-24 16:45:40.235  2013  2013 I flutter :  [ActiveChannelScreen] Title builder called, memberCount: 2, state: CommunicationTransmitting
01-24 16:45:40.238  2013  5405 D NativeAudioJNI: Audio callback invoked: numFrames=256
01-24 16:45:40.238  2013  5405 D NativeAudioJNI: Calling Java callback method
01-24 16:45:40.238  2013  5405 D AudioChannelHandler: Audio callback invoked: pcmData.size=960
01-24 16:45:40.239  2013  5405 V OpusCodec: Encoded 960 PCM samples to 29 Opus bytes
01-24 16:45:40.239  2013  5405 D AudioChannelHandler: Opus encoding result: opusData=29 bytes
01-24 16:45:40.239  2013  5405 D AudioChannelHandler: Sending audio data to Flutter: streamId=8cd8399a-4962-48cb-8884-b34c0d3d93a8, opusData.size=29
01-24 16:45:40.240  2013  2013 D AudioChannelHandler: Audio data sent successfully
01-24 16:45:40.240  2013  2013 I flutter : [2026-01-24T16:45:40.240441] [INFO] [NetworkService]  About to send from socket: local=239.255.42.202:5000  server=192.168.1.106:5000
01-24 16:45:40.240  2013  2013 I flutter : [2026-01-24T16:45:40.240686] [INFO] [NetworkService]  Sent 119 bytes from local socket
01-24 16:45:40.243  2013  5405 D NativeAudioJNI: Audio callback invoked: numFrames=256
01-24 16:45:40.243  2013  5405 D NativeAudioJNI: Calling Java callback method
01-24 16:45:40.243  2120  3106 W SettingsState: disallow repeat write for screen_brightness, value: 549
01-24 16:45:40.248  2013  5405 D NativeAudioJNI: Audio callback invoked: numFrames=256
01-24 16:45:40.248  2013  5405 D NativeAudioJNI: Calling Java callback method
01-24 16:45:40.250  2013  2013 I flutter :  [ActiveChannelScreen] Member list builder called
01-24 16:45:40.250  2013  2013 I flutter :    State type: CommunicationTransmitting
01-24 16:45:40.250  2013  2013 I flutter :    Active members count: 1
01-24 16:45:40.250  2013  2013 I flutter :       - Server Console (SERVER-52275765-5684-4cd3-ad8c-0a5c9c59502f)
01-24 16:45:40.251  2013  2013 I flutter :  [ActiveChannelScreen] Member list builder called
01-24 16:45:40.251  2013  2013 I flutter :    State type: CommunicationTransmitting
01-24 16:45:40.251  2013  2013 I flutter :    Active members count: 1
01-24 16:45:40.251  2013  2013 I flutter :       - Server Console (SERVER-52275765-5684-4cd3-ad8c-0a5c9c59502f)
01-24 16:45:40.251  2013  2013 I flutter :  [ActiveChannelScreen] Title builder called, memberCount: 2, state: CommunicationTransmitting
01-24 16:45:40.251  2013  2013 I flutter :  [ActiveChannelScreen] Title builder called, memberCount: 2, state: CommunicationTransmitting
01-24 16:45:40.252  2013  5405 D NativeAudioJNI: Audio callback invoked: numFrames=256
01-24 16:45:40.252  2013  5405 D NativeAudioJNI: Calling Java callback method
01-24 16:45:40.259  2013  5405 D NativeAudioJNI: Audio callback invoked: numFrames=256
01-24 16:45:40.259  2013  5405 D NativeAudioJNI: Calling Java callback method
01-24 16:45:40.259  2013  5405 D AudioChannelHandler: Audio callback invoked: pcmData.size=960
01-24 16:45:40.260  2013  5405 V OpusCodec: Encoded 960 PCM samples to 33 Opus bytes
01-24 16:45:40.260  2013  5405 D AudioChannelHandler: Opus encoding result: opusData=33 bytes
01-24 16:45:40.260  2013  5405 D AudioChannelHandler: Sending audio data to Flutter: streamId=8cd8399a-4962-48cb-8884-b34c0d3d93a8, opusData.size=33
01-24 16:45:40.261  2013  2013 D AudioChannelHandler: Audio data sent successfully
01-24 16:45:40.261  2013  2013 I flutter : [2026-01-24T16:45:40.261369] [INFO] [NetworkService]  About to send from socket: local=239.255.42.202:5000  server=192.168.1.106:5000
01-24 16:45:40.261  2120  2585 D DisplayPowerController[0]: onChange selfChange=false uri=content://settings/system/screen_brightness
01-24 16:45:40.261  2013  2013 I flutter : [2026-01-24T16:45:40.261676] [INFO] [NetworkService]  Sent 123 bytes from local socket
01-24 16:45:40.261  2120  2585 D OplusDisplayPowerControllerExtImpl: original brightness:609 final brightness:609.0 scale:1.0 reason:4 darkLevel:0
01-24 16:45:40.263  2120  2585 D DisplayPowerController[0]: Brightness [609.0] reason changing to: 'automatic [ auto_adj ]', previous reason: 'automatic'. id=local:4630946896948975233
01-24 16:45:40.263  2120  2585 I DisplayPowerController[0]: BrightnessEvent: disp=0, brt=609.0(user_set), rcmdBrt=NaN, preBrt=NaN, lux=0.0, preLux=0.0, hbmMax=1.0, hbmMode=off, thrmMax=1.0, flags=user_set , reason=automatic [ auto_adj ]
01-24 16:45:40.263  2120  2585 D VRR [OPlusRefreshRateService]: notifyBrightnessChange brightness: 609.0
01-24 16:45:40.263  2120  2418 D DisplayManagerService: Delivering display event: displayId=0, event=4
01-24 16:45:40.264  2013  5405 D NativeAudioJNI: Audio callback invoked: numFrames=256
01-24 16:45:40.264  2013  5405 D NativeAudioJNI: Calling Java callback method
01-24 16:45:40.267  2013  2013 I flutter :  [ActiveChannelScreen] Member list builder called
01-24 16:45:40.267  2013  2013 I flutter :    State type: CommunicationTransmitting
01-24 16:45:40.267  2013  2013 I flutter :    Active members count: 1
01-24 16:45:40.267  2013  2013 I flutter :       - Server Console (SERVER-52275765-5684-4cd3-ad8c-0a5c9c59502f)
01-24 16:45:40.268  2013  2013 I flutter :  [ActiveChannelScreen] Member list builder called
01-24 16:45:40.268  2013  2013 I flutter :    State type: CommunicationTransmitting
01-24 16:45:40.268  2013  2013 I flutter :    Active members count: 1
01-24 16:45:40.268  2013  2013 I flutter :       - Server Console (SERVER-52275765-5684-4cd3-ad8c-0a5c9c59502f)
01-24 16:45:40.268  2013  2013 I flutter :  [ActiveChannelScreen] Title builder called, memberCount: 2, state: CommunicationTransmitting
01-24 16:45:40.268  2013  2013 I flutter :  [ActiveChannelScreen] Title builder called, memberCount: 2, state: CommunicationTransmitting
01-24 16:45:40.270  2013  5405 D NativeAudioJNI: Audio callback invoked: numFrames=256
01-24 16:45:40.270  2013  5405 D NativeAudioJNI: Calling Java callback method
01-24 16:45:40.272 27334 28668 D AudioManagerExtImpl: getStreamVolume normal, volume index=13
01-24 16:45:40.272  2369  2616 D AudioManagerExtImpl: getStreamVolume packageName=com.facebook.katana, index=8, streamType=1
01-24 16:45:40.272  9642  9658 D OplusAtlasService: getAttributeByAppName module:oplus-getStreamMaxVolume packageName:com.instagram.android
01-24 16:45:40.276  2120  3106 W SettingsState: disallow repeat write for screen_brightness, value: 550
01-24 16:45:40.277  2013  5405 D NativeAudioJNI: Audio callback invoked: numFrames=256
01-24 16:45:40.277  2013  5405 D NativeAudioJNI: Calling Java callback method
01-24 16:45:40.279  2013  5405 D NativeAudioJNI: Audio callback invoked: numFrames=256
01-24 16:45:40.279  2013  5405 D NativeAudioJNI: Calling Java callback method
01-24 16:45:40.279  2013  5405 D AudioChannelHandler: Audio callback invoked: pcmData.size=960
01-24 16:45:40.280  2013  5405 V OpusCodec: Encoded 960 PCM samples to 34 Opus bytes
01-24 16:45:40.280  2013  5405 D AudioChannelHandler: Opus encoding result: opusData=34 bytes
01-24 16:45:40.280  2013  5405 D AudioChannelHandler: Sending audio data to Flutter: streamId=8cd8399a-4962-48cb-8884-b34c0d3d93a8, opusData.size=34
01-24 16:45:40.280  2013  2013 D AudioChannelHandler: Audio data sent successfully
01-24 16:45:40.281  2013  2013 I flutter : [2026-01-24T16:45:40.281017] [INFO] [NetworkService]  About to send from socket: local=239.255.42.202:5000  server=192.168.1.106:5000
01-24 16:45:40.281  2013  2013 I flutter : [2026-01-24T16:45:40.281304] [INFO] [NetworkService]  Sent 124 bytes from local socket
01-24 16:45:40.283  2013  2013 I flutter :  [ActiveChannelScreen] Member list builder called
01-24 16:45:40.283  2013  2013 I flutter :    State type: CommunicationTransmitting
01-24 16:45:40.283  2013  2013 I flutter :    Active members count: 1
01-24 16:45:40.283  2013  2013 I flutter :       - Server Console (SERVER-52275765-5684-4cd3-ad8c-0a5c9c59502f)
01-24 16:45:40.284  2013  2013 I flutter :  [ActiveChannelScreen] Member list builder called
01-24 16:45:40.284  2013  2013 I flutter :    State type: CommunicationTransmitting
01-24 16:45:40.284  2013  2013 I flutter :    Active members count: 1
01-24 16:45:40.284  2013  2013 I flutter :       - Server Console (SERVER-52275765-5684-4cd3-ad8c-0a5c9c59502f)
01-24 16:45:40.285  2013  5405 D NativeAudioJNI: Audio callback invoked: numFrames=256
01-24 16:45:40.285  2013  5405 D NativeAudioJNI: Calling Java callback method
01-24 16:45:40.285  2013  2013 I flutter :  [ActiveChannelScreen] Title builder called, memberCount: 2, state: CommunicationTransmitting
01-24 16:45:40.285  2013  2013 I flutter :  [ActiveChannelScreen] Title builder called, memberCount: 2, state: CommunicationTransmitting
01-24 16:45:40.291  2013  5405 D NativeAudioJNI: Audio callback invoked: numFrames=256
01-24 16:45:40.291  2013  5405 D NativeAudioJNI: Calling Java callback method
01-24 16:45:40.294  2120  2585 D DisplayPowerController[0]: onChange selfChange=false uri=content://settings/system/screen_brightness
01-24 16:45:40.295  2120  2585 D OplusDisplayPowerControllerExtImpl: original brightness:609 final brightness:609.0 scale:1.0 reason:4 darkLevel:0
01-24 16:45:40.296  2120  2585 D DisplayPowerController[0]: Brightness [609.0] reason changing to: 'automatic [ auto_adj ]', previous reason: 'automatic'. id=local:4630946896948975233
01-24 16:45:40.296  2120  2585 I DisplayPowerController[0]: BrightnessEvent: disp=0, brt=609.0(user_set), rcmdBrt=NaN, preBrt=NaN, lux=0.0, preLux=0.0, hbmMax=1.0, hbmMode=off, thrmMax=1.0, flags=user_set , reason=automatic [ auto_adj ]
01-24 16:45:40.296  2120  2585 D VRR [OPlusRefreshRateService]: notifyBrightnessChange brightness: 609.0
01-24 16:45:40.296  2120  2418 D DisplayManagerService: Delivering display event: displayId=0, event=4
01-24 16:45:40.298  2013  5405 D NativeAudioJNI: Audio callback invoked: numFrames=256
01-24 16:45:40.298  2013  5405 D NativeAudioJNI: Calling Java callback method
01-24 16:45:40.299  2120  2984 D WN_S    : mSwitchScore=49 mSwitchRssi:-127 curscore = 89 wifiValid = 2
01-24 16:45:40.300  2120  2950 D PowerManagerService: userActivityNoUpdateLocked: groupId=0, eventTime=1399371135, event=2, flags=0x0, uid=1000
01-24 16:45:40.300  2013  5405 D NativeAudioJNI: Audio callback invoked: numFrames=256
01-24 16:45:40.300  2013  5405 D NativeAudioJNI: Calling Java callback method
01-24 16:45:40.300  2013  5405 D AudioChannelHandler: Audio callback invoked: pcmData.size=960
01-24 16:45:40.300  2369  2616 D AudioManagerExtImpl: getStreamVolume packageName=com.facebook.katana, index=8, streamType=1
01-24 16:45:40.300  2013  5405 V OpusCodec: Encoded 960 PCM samples to 35 Opus bytes
01-24 16:45:40.301  2013  5405 D AudioChannelHandler: Opus encoding result: opusData=35 bytes
01-24 16:45:40.301  2013  5405 D AudioChannelHandler: Sending audio data to Flutter: streamId=8cd8399a-4962-48cb-8884-b34c0d3d93a8, opusData.size=35
01-24 16:45:40.301  2013  2013 D AudioChannelHandler: Audio data sent successfully
01-24 16:45:40.301  2013  2013 I flutter : [2026-01-24T16:45:40.301600] [INFO] [NetworkService]  About to send from socket: local=239.255.42.202:5000  server=192.168.1.106:5000
01-24 16:45:40.301 27334 28668 D AudioManagerExtImpl: getStreamVolume normal, volume index=13
01-24 16:45:40.301  2013  2013 I flutter : [2026-01-24T16:45:40.301903] [INFO] [NetworkService]  Sent 125 bytes from local socket
01-24 16:45:40.303  9642  9658 D OplusAtlasService: getAttributeByAppName module:oplus-getStreamMaxVolume packageName:com.instagram.android
01-24 16:45:40.307  2013  5405 D NativeAudioJNI: Audio callback invoked: numFrames=256
01-24 16:45:40.307  2013  5405 D NativeAudioJNI: Calling Java callback method
01-24 16:45:40.310  2120  3106 W SettingsState: disallow repeat write for screen_brightness, value: 551
01-24 16:45:40.312  2013  5405 D NativeAudioJNI: Audio callback invoked: numFrames=256
01-24 16:45:40.312  2013  5405 D NativeAudioJNI: Calling Java callback method
01-24 16:45:40.317  2013  2013 I flutter :  [ActiveChannelScreen] Member list builder called
01-24 16:45:40.317  2013  2013 I flutter :    State type: CommunicationTransmitting
01-24 16:45:40.317  2013  2013 I flutter :    Active members count: 1
01-24 16:45:40.317  2013  2013 I flutter :       - Server Console (SERVER-52275765-5684-4cd3-ad8c-0a5c9c59502f)
01-24 16:45:40.318  2013  2013 I flutter :  [ActiveChannelScreen] Member list builder called
01-24 16:45:40.318  2013  2013 I flutter :    State type: CommunicationTransmitting
01-24 16:45:40.318  2013  2013 I flutter :    Active members count: 1
01-24 16:45:40.318  2013  2013 I flutter :       - Server Console (SERVER-52275765-5684-4cd3-ad8c-0a5c9c59502f)
01-24 16:45:40.318  2013  2013 I flutter :  [ActiveChannelScreen] Title builder called, memberCount: 2, state: CommunicationTransmitting
01-24 16:45:40.318  2013  2013 I flutter :  [ActiveChannelScreen] Title builder called, memberCount: 2, state: CommunicationTransmitting
01-24 16:45:40.319  2013  5405 D NativeAudioJNI: Audio callback invoked: numFrames=256
01-24 16:45:40.319  2013  5405 D NativeAudioJNI: Calling Java callback method
01-24 16:45:40.319  2013  5405 D AudioChannelHandler: Audio callback invoked: pcmData.size=960
01-24 16:45:40.320  2013  5405 V OpusCodec: Encoded 960 PCM samples to 31 Opus bytes
01-24 16:45:40.320  2013  5405 D AudioChannelHandler: Opus encoding result: opusData=31 bytes
01-24 16:45:40.320  2013  5405 D AudioChannelHandler: Sending audio data to Flutter: streamId=8cd8399a-4962-48cb-8884-b34c0d3d93a8, opusData.size=31
01-24 16:45:40.320  2013  2013 D AudioChannelHandler: Audio data sent successfully
01-24 16:45:40.321  2013  2013 I flutter : [2026-01-24T16:45:40.321089] [INFO] [NetworkService]  About to send from socket: local=239.255.42.202:5000  server=192.168.1.106:5000
01-24 16:45:40.321  2013  2013 I flutter : [2026-01-24T16:45:40.321406] [INFO] [NetworkService]  Sent 121 bytes from local socket
01-24 16:45:40.324  2013  5405 D NativeAudioJNI: Audio callback invoked: numFrames=256
01-24 16:45:40.324  2013  5405 D NativeAudioJNI: Calling Java callback method
01-24 16:45:40.328  2013  5405 D NativeAudioJNI: Audio callback invoked: numFrames=256
01-24 16:45:40.328  2013  5405 D NativeAudioJNI: Calling Java callback method
01-24 16:45:40.328  2120  2585 D DisplayPowerController[0]: onChange selfChange=false uri=content://settings/system/screen_brightness
01-24 16:45:40.328  2120  2585 D OplusDisplayPowerControllerExtImpl: original brightness:609 final brightness:609.0 scale:1.0 reason:4 darkLevel:0
01-24 16:45:40.329  2120  2585 D DisplayPowerController[0]: Brightness [609.0] reason changing to: 'automatic [ auto_adj ]', previous reason: 'automatic'. id=local:4630946896948975233
01-24 16:45:40.329  2120  2585 I DisplayPowerController[0]: BrightnessEvent: disp=0, brt=609.0(user_set), rcmdBrt=NaN, preBrt=NaN, lux=0.0, preLux=0.0, hbmMax=1.0, hbmMode=off, thrmMax=1.0, flags=user_set , reason=automatic [ auto_adj ]
01-24 16:45:40.329  2120  2585 D VRR [OPlusRefreshRateService]: notifyBrightnessChange brightness: 609.0
01-24 16:45:40.329  2120  2418 D DisplayManagerService: Delivering display event: displayId=0, event=4
01-24 16:45:40.332  2013  5405 D NativeAudioJNI: Audio callback invoked: numFrames=256
01-24 16:45:40.333  2013  5405 D NativeAudioJNI: Calling Java callback method
01-24 16:45:40.333  2013  2013 I flutter :  [ActiveChannelScreen] Member list builder called
01-24 16:45:40.333  2013  2013 I flutter :    State type: CommunicationTransmitting
01-24 16:45:40.333  2013  2013 I flutter :    Active members count: 1
01-24 16:45:40.333  2013  2013 I flutter :       - Server Console (SERVER-52275765-5684-4cd3-ad8c-0a5c9c59502f)
01-24 16:45:40.334  2013  2013 I flutter :  [ActiveChannelScreen] Member list builder called
01-24 16:45:40.334  2013  2013 I flutter :    State type: CommunicationTransmitting
01-24 16:45:40.334  2013  2013 I flutter :    Active members count: 1
01-24 16:45:40.334  2013  2013 I flutter :       - Server Console (SERVER-52275765-5684-4cd3-ad8c-0a5c9c59502f)
01-24 16:45:40.335  2013  2013 I flutter :  [ActiveChannelScreen] Title builder called, memberCount: 2, state: CommunicationTransmitting
01-24 16:45:40.335  2013  2013 I flutter :  [ActiveChannelScreen] Title builder called, memberCount: 2, state: CommunicationTransmitting
01-24 16:45:40.336  2369  2616 D AudioManagerExtImpl: getStreamVolume packageName=com.facebook.katana, index=8, streamType=1
01-24 16:45:40.338 27334 28668 D AudioManagerExtImpl: getStreamVolume normal, volume index=13
01-24 16:45:40.339  2013  5405 D NativeAudioJNI: Audio callback invoked: numFrames=256
01-24 16:45:40.339  2013  5405 D NativeAudioJNI: Calling Java callback method
01-24 16:45:40.339  2013  5405 D AudioChannelHandler: Audio callback invoked: pcmData.size=960
01-24 16:45:40.339  9642  9658 D OplusAtlasService: getAttributeByAppName module:oplus-getStreamMaxVolume packageName:com.instagram.android
01-24 16:45:40.340  2013  5405 V OpusCodec: Encoded 960 PCM samples to 33 Opus bytes
01-24 16:45:40.340  2013  5405 D AudioChannelHandler: Opus encoding result: opusData=33 bytes
01-24 16:45:40.340  2013  5405 D AudioChannelHandler: Sending audio data to Flutter: streamId=8cd8399a-4962-48cb-8884-b34c0d3d93a8, opusData.size=33
01-24 16:45:40.341  2013  2013 D AudioChannelHandler: Audio data sent successfully
01-24 16:45:40.341  2013  2013 I flutter : [2026-01-24T16:45:40.341358] [INFO] [NetworkService]  About to send from socket: local=239.255.42.202:5000  server=192.168.1.106:5000
01-24 16:45:40.341  2013  2013 I flutter : [2026-01-24T16:45:40.341598] [INFO] [NetworkService]  Sent 123 bytes from local socket
01-24 16:45:40.344  2013  5405 D NativeAudioJNI: Audio callback invoked: numFrames=256
01-24 16:45:40.345  2013  5405 D NativeAudioJNI: Calling Java callback method
01-24 16:45:40.349  2013  5405 D NativeAudioJNI: Audio callback invoked: numFrames=256
01-24 16:45:40.349  2120  2585 D DisplayPowerController[0]: onChange selfChange=false uri=content://settings/system/screen_brightness
01-24 16:45:40.349  2013  5405 D NativeAudioJNI: Calling Java callback method
01-24 16:45:40.349  2120  2585 D OplusDisplayPowerControllerExtImpl: original brightness:609 final brightness:609.0 scale:1.0 reason:4 darkLevel:0
01-24 16:45:40.350  2013  2013 I flutter :  [ActiveChannelScreen] Member list builder called
01-24 16:45:40.350  2013  2013 I flutter :    State type: CommunicationTransmitting
01-24 16:45:40.350  2013  2013 I flutter :    Active members count: 1
01-24 16:45:40.350  2120  2585 D DisplayPowerController[0]: Brightness [609.0] reason changing to: 'automatic [ auto_adj ]', previous reason: 'automatic'. id=local:4630946896948975233
01-24 16:45:40.350  2013  2013 I flutter :       - Server Console (SERVER-52275765-5684-4cd3-ad8c-0a5c9c59502f)
01-24 16:45:40.350  2120  2585 I DisplayPowerController[0]: BrightnessEvent: disp=0, brt=609.0(user_set), rcmdBrt=NaN, preBrt=NaN, lux=0.0, preLux=0.0, hbmMax=1.0, hbmMode=off, thrmMax=1.0, flags=user_set , reason=automatic [ auto_adj ]
01-24 16:45:40.350  2120  2585 D VRR [OPlusRefreshRateService]: notifyBrightnessChange brightness: 609.0
01-24 16:45:40.350  2120  2418 D DisplayManagerService: Delivering display event: displayId=0, event=4
01-24 16:45:40.351  2013  2013 I flutter :  [ActiveChannelScreen] Member list builder called
01-24 16:45:40.351  2013  2013 I flutter :    State type: CommunicationTransmitting
01-24 16:45:40.351  2013  2013 I flutter :    Active members count: 1
01-24 16:45:40.351  2013  2013 I flutter :       - Server Console (SERVER-52275765-5684-4cd3-ad8c-0a5c9c59502f)
01-24 16:45:40.352  2013  2013 I flutter :  [ActiveChannelScreen] Title builder called, memberCount: 2, state: CommunicationTransmitting
01-24 16:45:40.352  2013  2013 I flutter :  [ActiveChannelScreen] Title builder called, memberCount: 2, state: CommunicationTransmitting
01-24 16:45:40.354  2013  5405 D NativeAudioJNI: Audio callback invoked: numFrames=256
01-24 16:45:40.354  2013  5405 D NativeAudioJNI: Calling Java callback method
01-24 16:45:40.356 27334 28668 D AudioManagerExtImpl: getStreamVolume too fast, volume index=13, package=com.instagram.android
01-24 16:45:40.356  9642  9658 D OplusAtlasService: getAttributeByAppName module:oplus-getStreamMaxVolume packageName:com.instagram.android
01-24 16:45:40.357  2369  2616 D AudioManagerExtImpl: getStreamVolume packageName=com.facebook.katana, index=8, streamType=1
01-24 16:45:40.360  2013  5405 D NativeAudioJNI: Audio callback invoked: numFrames=256
01-24 16:45:40.360  2013  5405 D NativeAudioJNI: Calling Java callback method
01-24 16:45:40.360  2013  5405 D AudioChannelHandler: Audio callback invoked: pcmData.size=960
01-24 16:45:40.360  2120  3106 W SettingsState: disallow repeat write for screen_brightness, value: 553
01-24 16:45:40.361  2013  5405 V OpusCodec: Encoded 960 PCM samples to 30 Opus bytes
01-24 16:45:40.361  2013  5405 D AudioChannelHandler: Opus encoding result: opusData=30 bytes
01-24 16:45:40.361  2013  5405 D AudioChannelHandler: Sending audio data to Flutter: streamId=8cd8399a-4962-48cb-8884-b34c0d3d93a8, opusData.size=30
01-24 16:45:40.361  2013  2013 D AudioChannelHandler: Audio data sent successfully
01-24 16:45:40.362  2013  2013 I flutter : [2026-01-24T16:45:40.362083] [INFO] [NetworkService]  About to send from socket: local=239.255.42.202:5000  server=192.168.1.106:5000
01-24 16:45:40.362  2013  2013 I flutter : [2026-01-24T16:45:40.362355] [INFO] [NetworkService]  Sent 120 bytes from local socket
01-24 16:45:40.367  2013  2013 I flutter :  [ActiveChannelScreen] Member list builder called
01-24 16:45:40.367  2013  2013 I flutter :    State type: CommunicationTransmitting
01-24 16:45:40.367  2013  2013 I flutter :    Active members count: 1
01-24 16:45:40.367  2013  2013 I flutter :       - Server Console (SERVER-52275765-5684-4cd3-ad8c-0a5c9c59502f)
01-24 16:45:40.367  2013  5405 D NativeAudioJNI: Audio callback invoked: numFrames=256
01-24 16:45:40.367  2013  5405 D NativeAudioJNI: Calling Java callback method
01-24 16:45:40.368  2013  2013 I flutter :  [ActiveChannelScreen] Member list builder called
01-24 16:45:40.368  2013  2013 I flutter :    State type: CommunicationTransmitting
01-24 16:45:40.368  2013  2013 I flutter :    Active members count: 1
01-24 16:45:40.368  2013  2013 I flutter :       - Server Console (SERVER-52275765-5684-4cd3-ad8c-0a5c9c59502f)
01-24 16:45:40.368  2013  2013 I flutter :  [ActiveChannelScreen] Title builder called, memberCount: 2, state: CommunicationTransmitting
01-24 16:45:40.368  2013  2013 I flutter :  [ActiveChannelScreen] Title builder called, memberCount: 2, state: CommunicationTransmitting
01-24 16:45:40.372  2013  5405 D NativeAudioJNI: Audio callback invoked: numFrames=256
01-24 16:45:40.372  2013  5405 D NativeAudioJNI: Calling Java callback method
01-24 16:45:40.374  2013  5405 D NativeAudioJNI: Audio callback invoked: numFrames=256
01-24 16:45:40.375  2013  5405 D NativeAudioJNI: Calling Java callback method
01-24 16:45:40.379  2120  2585 D DisplayPowerController[0]: onChange selfChange=false uri=content://settings/system/screen_brightness
01-24 16:45:40.380  2120  2585 D OplusDisplayPowerControllerExtImpl: original brightness:609 final brightness:609.0 scale:1.0 reason:4 darkLevel:0
01-24 16:45:40.381  2013  5405 D NativeAudioJNI: Audio callback invoked: numFrames=256
01-24 16:45:40.381  2013  5405 D NativeAudioJNI: Calling Java callback method
01-24 16:45:40.381  2013  5405 D AudioChannelHandler: Audio callback invoked: pcmData.size=960
01-24 16:45:40.381  2120  2585 D DisplayPowerController[0]: Brightness [609.0] reason changing to: 'automatic [ auto_adj ]', previous reason: 'automatic'. id=local:4630946896948975233
01-24 16:45:40.381  2120  2585 I DisplayPowerController[0]: BrightnessEvent: disp=0, brt=609.0(user_set), rcmdBrt=NaN, preBrt=NaN, lux=0.0, preLux=0.0, hbmMax=1.0, hbmMode=off, thrmMax=1.0, flags=user_set , reason=automatic [ auto_adj ]
01-24 16:45:40.381  2120  2585 D VRR [OPlusRefreshRateService]: notifyBrightnessChange brightness: 609.0
01-24 16:45:40.381  2120  2418 D DisplayManagerService: Delivering display event: displayId=0, event=4
01-24 16:45:40.381  2013  5405 V OpusCodec: Encoded 960 PCM samples to 35 Opus bytes
01-24 16:45:40.381  2013  5405 D AudioChannelHandler: Opus encoding result: opusData=35 bytes
01-24 16:45:40.381  2013  5405 D AudioChannelHandler: Sending audio data to Flutter: streamId=8cd8399a-4962-48cb-8884-b34c0d3d93a8, opusData.size=35
01-24 16:45:40.382  2369  2616 D AudioManagerExtImpl: getStreamVolume packageName=com.facebook.katana, index=8, streamType=1
01-24 16:45:40.382  2013  2013 D AudioChannelHandler: Audio data sent successfully
01-24 16:45:40.382  2013  2013 I flutter : [2026-01-24T16:45:40.382456] [INFO] [NetworkService]  About to send from socket: local=239.255.42.202:5000  server=192.168.1.106:5000
01-24 16:45:40.382  2013  2013 I flutter : [2026-01-24T16:45:40.382742] [INFO] [NetworkService]  Sent 125 bytes from local socket
01-24 16:45:40.384  2013  2013 I flutter :  [ActiveChannelScreen] Member list builder called
01-24 16:45:40.384  2013  2013 I flutter :    State type: CommunicationTransmitting
01-24 16:45:40.384  2013  2013 I flutter :    Active members count: 1
01-24 16:45:40.384  2013  2013 I flutter :       - Server Console (SERVER-52275765-5684-4cd3-ad8c-0a5c9c59502f)
01-24 16:45:40.385  2013  2013 I flutter :  [ActiveChannelScreen] Member list builder called
01-24 16:45:40.385  2013  2013 I flutter :    State type: CommunicationTransmitting
01-24 16:45:40.385  2013  2013 I flutter :    Active members count: 1
01-24 16:45:40.385  2013  2013 I flutter :       - Server Console (SERVER-52275765-5684-4cd3-ad8c-0a5c9c59502f)
01-24 16:45:40.385  2013  2013 I flutter :  [ActiveChannelScreen] Title builder called, memberCount: 2, state: CommunicationTransmitting
01-24 16:45:40.385  2013  2013 I flutter :  [ActiveChannelScreen] Title builder called, memberCount: 2, state: CommunicationTransmitting
01-24 16:45:40.387 27334 28668 D AudioManagerExtImpl: getStreamVolume normal, volume index=13
01-24 16:45:40.388  2013  5405 D NativeAudioJNI: Audio callback invoked: numFrames=256
01-24 16:45:40.388  2013  5405 D NativeAudioJNI: Calling Java callback method
01-24 16:45:40.391  9642  9658 D OplusAtlasService: getAttributeByAppName module:oplus-getStreamMaxVolume packageName:com.instagram.android
01-24 16:45:40.393  2013  5405 D NativeAudioJNI: Audio callback invoked: numFrames=256
01-24 16:45:40.393  2013  5405 D NativeAudioJNI: Calling Java callback method
01-24 16:45:40.394  2120  2585 D DisplayPowerController[0]: onChange selfChange=false uri=content://settings/system/screen_brightness
01-24 16:45:40.395  2120  2585 D OplusDisplayPowerControllerExtImpl: original brightness:609 final brightness:609.0 scale:1.0 reason:4 darkLevel:0
01-24 16:45:40.396 27334 28668 D AudioManagerExtImpl: getStreamVolume too fast, volume index=13, package=com.instagram.android
01-24 16:45:40.396  2120  2585 D DisplayPowerController[0]: Brightness [609.0] reason changing to: 'automatic [ auto_adj ]', previous reason: 'automatic'. id=local:4630946896948975233
01-24 16:45:40.396  2120  2585 I DisplayPowerController[0]: BrightnessEvent: disp=0, brt=609.0(user_set), rcmdBrt=NaN, preBrt=NaN, lux=0.0, preLux=0.0, hbmMax=1.0, hbmMode=off, thrmMax=1.0, flags=user_set , reason=automatic [ auto_adj ]
01-24 16:45:40.396  2120  2585 D VRR [OPlusRefreshRateService]: notifyBrightnessChange brightness: 609.0
01-24 16:45:40.396  2120  2418 D DisplayManagerService: Delivering display event: displayId=0, event=4
01-24 16:45:40.397  2013  5405 D NativeAudioJNI: Audio callback invoked: numFrames=256
01-24 16:45:40.397  2013  5405 D NativeAudioJNI: Calling Java callback method
01-24 16:45:40.397  9642  9658 D OplusAtlasService: getAttributeByAppName module:oplus-getStreamMaxVolume packageName:com.instagram.android
01-24 16:45:40.397  2013  5405 D AudioChannelHandler: Audio callback invoked: pcmData.size=960
01-24 16:45:40.399  2013  5405 V OpusCodec: Encoded 960 PCM samples to 42 Opus bytes
01-24 16:45:40.399  2013  5405 D AudioChannelHandler: Opus encoding result: opusData=42 bytes
01-24 16:45:40.399  2013  5405 D AudioChannelHandler: Sending audio data to Flutter: streamId=8cd8399a-4962-48cb-8884-b34c0d3d93a8, opusData.size=42
01-24 16:45:40.400  2120  2950 D PowerManagerService: userActivityNoUpdateLocked: groupId=0, eventTime=1399371235, event=2, flags=0x0, uid=1000
01-24 16:45:40.400  2013  2013 D AudioChannelHandler: Audio data sent successfully
01-24 16:45:40.400  2013  2013 I flutter : [2026-01-24T16:45:40.400482] [INFO] [NetworkService]  About to send from socket: local=239.255.42.202:5000  server=192.168.1.106:5000
01-24 16:45:40.400  2013  2013 I flutter : [2026-01-24T16:45:40.400736] [INFO] [NetworkService]  Sent 132 bytes from local socket
01-24 16:45:40.401  2013  2013 I flutter :  [ActiveChannelScreen] Member list builder called
01-24 16:45:40.401  2013  2013 I flutter :    State type: CommunicationTransmitting
01-24 16:45:40.401  2013  2013 I flutter :    Active members count: 1
01-24 16:45:40.401  2013  2013 I flutter :       - Server Console (SERVER-52275765-5684-4cd3-ad8c-0a5c9c59502f)
01-24 16:45:40.401  2013  5405 D NativeAudioJNI: Audio callback invoked: numFrames=256
01-24 16:45:40.402  2013  2013 I flutter :  [ActiveChannelScreen] Member list builder called
01-24 16:45:40.402  2013  2013 I flutter :    State type: CommunicationTransmitting
01-24 16:45:40.402  2013  2013 I flutter :    Active members count: 1
01-24 16:45:40.402  2013  2013 I flutter :       - Server Console (SERVER-52275765-5684-4cd3-ad8c-0a5c9c59502f)
01-24 16:45:40.402  2013  5405 D NativeAudioJNI: Calling Java callback method
01-24 16:45:40.402  2013  2013 I flutter :  [ActiveChannelScreen] Title builder called, memberCount: 2, state: CommunicationTransmitting
01-24 16:45:40.402  2013  2013 I flutter :  [ActiveChannelScreen] Title builder called, memberCount: 2, state: CommunicationTransmitting
01-24 16:45:40.403  2369  2616 D AudioManagerExtImpl: getStreamVolume packageName=com.facebook.katana, index=8, streamType=1
01-24 16:45:40.408  2013  5405 D NativeAudioJNI: Audio callback invoked: numFrames=256
01-24 16:45:40.409  2013  5405 D NativeAudioJNI: Calling Java callback method
01-24 16:45:40.410  2120  3106 W SettingsState: disallow repeat write for screen_brightness, value: 555
01-24 16:45:40.414  2013  5405 D NativeAudioJNI: Audio callback invoked: numFrames=256
01-24 16:45:40.414  2013  5405 D NativeAudioJNI: Calling Java callback method
01-24 16:45:40.420  2013  5405 D NativeAudioJNI: Audio callback invoked: numFrames=256
01-24 16:45:40.420  2013  5405 D NativeAudioJNI: Calling Java callback method
01-24 16:45:40.420  2013  5405 D AudioChannelHandler: Audio callback invoked: pcmData.size=960
01-24 16:45:40.421  2013  5405 V OpusCodec: Encoded 960 PCM samples to 33 Opus bytes
01-24 16:45:40.421  2013  5405 D AudioChannelHandler: Opus encoding result: opusData=33 bytes
01-24 16:45:40.421  2013  5405 D AudioChannelHandler: Sending audio data to Flutter: streamId=8cd8399a-4962-48cb-8884-b34c0d3d93a8, opusData.size=33
01-24 16:45:40.421  2013  2013 D AudioChannelHandler: Audio data sent successfully
01-24 16:45:40.421  2013  2013 I flutter : [2026-01-24T16:45:40.421890] [INFO] [NetworkService]  About to send from socket: local=239.255.42.202:5000  server=192.168.1.106:5000
01-24 16:45:40.422  2013  2013 I flutter : [2026-01-24T16:45:40.422121] [INFO] [NetworkService]  Sent 123 bytes from local socket
01-24 16:45:40.423  2013  5405 D NativeAudioJNI: Audio callback invoked: numFrames=256
01-24 16:45:40.423  2013  5405 D NativeAudioJNI: Calling Java callback method
01-24 16:45:40.428  2120  2585 D DisplayPowerController[0]: onChange selfChange=false uri=content://settings/system/screen_brightness
01-24 16:45:40.429  2120  2585 D OplusDisplayPowerControllerExtImpl: original brightness:609 final brightness:609.0 scale:1.0 reason:4 darkLevel:0
01-24 16:45:40.429  2013  5405 D NativeAudioJNI: Audio callback invoked: numFrames=256
01-24 16:45:40.429  2013  5405 D NativeAudioJNI: Calling Java callback method
01-24 16:45:40.430  2120  2585 D DisplayPowerController[0]: Brightness [609.0] reason changing to: 'automatic [ auto_adj ]', previous reason: 'automatic'. id=local:4630946896948975233
01-24 16:45:40.430  2120  2585 I DisplayPowerController[0]: BrightnessEvent: disp=0, brt=609.0(user_set), rcmdBrt=NaN, preBrt=NaN, lux=0.0, preLux=0.0, hbmMax=1.0, hbmMode=off, thrmMax=1.0, flags=user_set , reason=automatic [ auto_adj ]
01-24 16:45:40.431  2120  2585 D VRR [OPlusRefreshRateService]: notifyBrightnessChange brightness: 609.0
01-24 16:45:40.431  2120  2418 D DisplayManagerService: Delivering display event: displayId=0, event=4
01-24 16:45:40.433  2013  2013 I flutter :  [ActiveChannelScreen] Member list builder called
01-24 16:45:40.434  2013  2013 I flutter :    State type: CommunicationTransmitting
01-24 16:45:40.434  2013  2013 I flutter :    Active members count: 1
01-24 16:45:40.434  2013  2013 I flutter :       - Server Console (SERVER-52275765-5684-4cd3-ad8c-0a5c9c59502f)
01-24 16:45:40.435  2013  5405 D NativeAudioJNI: Audio callback invoked: numFrames=256
01-24 16:45:40.435  2013  2013 I flutter :  [ActiveChannelScreen] Member list builder called
01-24 16:45:40.435  2013  5405 D NativeAudioJNI: Calling Java callback method
01-24 16:45:40.435  2013  2013 I flutter :    State type: CommunicationTransmitting
01-24 16:45:40.435  2013  2013 I flutter :    Active members count: 1
01-24 16:45:40.435  2013  2013 I flutter :       - Server Console (SERVER-52275765-5684-4cd3-ad8c-0a5c9c59502f)
01-24 16:45:40.436  2013  2013 I flutter :  [ActiveChannelScreen] Title builder called, memberCount: 2, state: CommunicationTransmitting
01-24 16:45:40.436  2013  2013 I flutter :  [ActiveChannelScreen] Title builder called, memberCount: 2, state: CommunicationTransmitting
01-24 16:45:40.437  2369  2616 D AudioManagerExtImpl: getStreamVolume packageName=com.facebook.katana, index=8, streamType=1
01-24 16:45:40.439 27334 28668 D AudioManagerExtImpl: getStreamVolume normal, volume index=13
01-24 16:45:40.439  9642  9658 D OplusAtlasService: getAttributeByAppName module:oplus-getStreamMaxVolume packageName:com.instagram.android
01-24 16:45:40.440  2120  2585 I OplusSmartBrightnessController: deltaLux = 8.8161545, scale = 4.6763115
01-24 16:45:40.441  2013  5405 D NativeAudioJNI: Audio callback invoked: numFrames=256
01-24 16:45:40.441  2013  5405 D NativeAudioJNI: Calling Java callback method
01-24 16:45:40.441  2120  2587 D OplusSmartBrightnessController: handleMessage MSG_LUX_CHANGED, mLux:32.636524 luxQueue=[28.7875, 28.112501, 27.425001, 29.65, 28.112501, 26.3875, 28.45, 28.625, 26.9125, 24.85, 26.225, 23.825, 21.425001, 22.112501, 20.050001, 16.112501]
01-24 16:45:40.441  2013  5405 D AudioChannelHandler: Audio callback invoked: pcmData.size=960
01-24 16:45:40.442  2013  5405 V OpusCodec: Encoded 960 PCM samples to 37 Opus bytes
01-24 16:45:40.442  2013  5405 D AudioChannelHandler: Opus encoding result: opusData=37 bytes
01-24 16:45:40.442  2013  5405 D AudioChannelHandler: Sending audio data to Flutter: streamId=8cd8399a-4962-48cb-8884-b34c0d3d93a8, opusData.size=37
01-24 16:45:40.443  2013  2013 D AudioChannelHandler: Audio data sent successfully
01-24 16:45:40.443  2013  2013 I flutter : [2026-01-24T16:45:40.443236] [INFO] [NetworkService]  About to send from socket: local=239.255.42.202:5000  server=192.168.1.106:5000
01-24 16:45:40.443  2013  2013 I flutter : [2026-01-24T16:45:40.443492] [INFO] [NetworkService]  Sent 127 bytes from local socket
01-24 16:45:40.444  2013  5405 D NativeAudioJNI: Audio callback invoked: numFrames=256
01-24 16:45:40.444  2013  5405 D NativeAudioJNI: Calling Java callback method
01-24 16:45:40.446  2120  2585 D DisplayPowerController[0]: onChange selfChange=false uri=content://settings/system/screen_brightness
01-24 16:45:40.446  2120  2585 D OplusDisplayPowerControllerExtImpl: original brightness:609 final brightness:609.0 scale:1.0 reason:4 darkLevel:0
01-24 16:45:40.447  2120  2585 D DisplayPowerController[0]: Brightness [609.0] reason changing to: 'automatic [ auto_adj ]', previous reason: 'automatic'. id=local:4630946896948975233
01-24 16:45:40.448  2120  2585 I DisplayPowerController[0]: BrightnessEvent: disp=0, brt=609.0(user_set), rcmdBrt=NaN, preBrt=NaN, lux=0.0, preLux=0.0, hbmMax=1.0, hbmMode=off, thrmMax=1.0, flags=user_set , reason=automatic [ auto_adj ]
01-24 16:45:40.448  2120  2585 D VRR [OPlusRefreshRateService]: notifyBrightnessChange brightness: 609.0
01-24 16:45:40.448  2120  2418 D DisplayManagerService: Delivering display event: displayId=0, event=4
01-24 16:45:40.449 27334 28668 D AudioManagerExtImpl: getStreamVolume too fast, volume index=13, package=com.instagram.android
01-24 16:45:40.450  2013  5405 D NativeAudioJNI: Audio callback invoked: numFrames=256
01-24 16:45:40.450  2013  5405 D NativeAudioJNI: Calling Java callback method
01-24 16:45:40.450  2013  2013 I flutter :  [ActiveChannelScreen] Member list builder called
01-24 16:45:40.450  2013  2013 I flutter :    State type: CommunicationTransmitting
01-24 16:45:40.450  2013  2013 I flutter :    Active members count: 1
01-24 16:45:40.450  2013  2013 I flutter :       - Server Console (SERVER-52275765-5684-4cd3-ad8c-0a5c9c59502f)
01-24 16:45:40.451  2013  2013 I flutter :  [ActiveChannelScreen] Member list builder called
01-24 16:45:40.451  2013  2013 I flutter :    State type: CommunicationTransmitting
01-24 16:45:40.451  2013  2013 I flutter :    Active members count: 1
01-24 16:45:40.451  2013  2013 I flutter :       - Server Console (SERVER-52275765-5684-4cd3-ad8c-0a5c9c59502f)
01-24 16:45:40.451  9642  9658 D OplusAtlasService: getAttributeByAppName module:oplus-getStreamMaxVolume packageName:com.instagram.android
01-24 16:45:40.452  2013  2013 I flutter :  [ActiveChannelScreen] Title builder called, memberCount: 2, state: CommunicationTransmitting
01-24 16:45:40.452  2013  2013 I flutter :  [ActiveChannelScreen] Title builder called, memberCount: 2, state: CommunicationTransmitting
01-24 16:45:40.453  2369  2616 D AudioManagerExtImpl: getStreamVolume packageName=com.facebook.katana, index=8, streamType=1
01-24 16:45:40.456  2013  5405 D NativeAudioJNI: Audio callback invoked: numFrames=256
01-24 16:45:40.457  2013  5405 D NativeAudioJNI: Calling Java callback method
01-24 16:45:40.460  2120  3106 W SettingsState: disallow repeat write for screen_brightness, value: 557
01-24 16:45:40.461  2013  5405 D NativeAudioJNI: Audio callback invoked: numFrames=256
01-24 16:45:40.462  2013  5405 D NativeAudioJNI: Calling Java callback method
01-24 16:45:40.462  2013  5405 D AudioChannelHandler: Audio callback invoked: pcmData.size=960
01-24 16:45:40.463  2013  5405 V OpusCodec: Encoded 960 PCM samples to 41 Opus bytes
01-24 16:45:40.463  2013  5405 D AudioChannelHandler: Opus encoding result: opusData=41 bytes
01-24 16:45:40.463  2013  5405 D AudioChannelHandler: Sending audio data to Flutter: streamId=8cd8399a-4962-48cb-8884-b34c0d3d93a8, opusData.size=41
01-24 16:45:40.463  2013  2013 D AudioChannelHandler: Audio data sent successfully
01-24 16:45:40.464  2013  2013 I flutter : [2026-01-24T16:45:40.464098] [INFO] [NetworkService]  About to send from socket: local=239.255.42.202:5000  server=192.168.1.106:5000
01-24 16:45:40.464  2013  2013 I flutter : [2026-01-24T16:45:40.464358] [INFO] [NetworkService]  Sent 131 bytes from local socket
01-24 16:45:40.467  2013  2013 I flutter :  [ActiveChannelScreen] Member list builder called
01-24 16:45:40.467  2013  2013 I flutter :    State type: CommunicationTransmitting
01-24 16:45:40.467  2013  2013 I flutter :    Active members count: 1
01-24 16:45:40.467  2013  2013 I flutter :       - Server Console (SERVER-52275765-5684-4cd3-ad8c-0a5c9c59502f)
01-24 16:45:40.468  2013  2013 I flutter :  [ActiveChannelScreen] Member list builder called
01-24 16:45:40.468  2013  2013 I flutter :    State type: CommunicationTransmitting
01-24 16:45:40.468  2013  2013 I flutter :    Active members count: 1
01-24 16:45:40.468  2013  2013 I flutter :       - Server Console (SERVER-52275765-5684-4cd3-ad8c-0a5c9c59502f)
01-24 16:45:40.468  2013  2013 I flutter :  [ActiveChannelScreen] Title builder called, memberCount: 2, state: CommunicationTransmitting
01-24 16:45:40.469  2013  5405 D NativeAudioJNI: Audio callback invoked: numFrames=256
01-24 16:45:40.469  2013  2013 I flutter :  [ActiveChannelScreen] Title builder called, memberCount: 2, state: CommunicationTransmitting
01-24 16:45:40.469  2013  5405 D NativeAudioJNI: Calling Java callback method
01-24 16:45:40.471  2013  5405 D NativeAudioJNI: Audio callback invoked: numFrames=256
01-24 16:45:40.471  2013  5405 D NativeAudioJNI: Calling Java callback method
01-24 16:45:40.478  2120  2585 D DisplayPowerController[0]: onChange selfChange=false uri=content://settings/system/screen_brightness
01-24 16:45:40.478  2013  5405 D NativeAudioJNI: Audio callback invoked: numFrames=256
01-24 16:45:40.478  2013  5405 D NativeAudioJNI: Calling Java callback method
01-24 16:45:40.478  2013  5405 D AudioChannelHandler: Audio callback invoked: pcmData.size=960
01-24 16:45:40.478  2120  2585 D OplusDisplayPowerControllerExtImpl: original brightness:609 final brightness:609.0 scale:1.0 reason:4 darkLevel:0
01-24 16:45:40.479  2120  2585 D DisplayPowerController[0]: Brightness [609.0] reason changing to: 'automatic [ auto_adj ]', previous reason: 'automatic'. id=local:4630946896948975233
01-24 16:45:40.479  2120  2585 I DisplayPowerController[0]: BrightnessEvent: disp=0, brt=609.0(user_set), rcmdBrt=NaN, preBrt=NaN, lux=0.0, preLux=0.0, hbmMax=1.0, hbmMode=off, thrmMax=1.0, flags=user_set , reason=automatic [ auto_adj ]
01-24 16:45:40.479  2120  2585 D VRR [OPlusRefreshRateService]: notifyBrightnessChange brightness: 609.0
01-24 16:45:40.479  2120  2418 D DisplayManagerService: Delivering display event: displayId=0, event=4
01-24 16:45:40.479  2013  5405 V OpusCodec: Encoded 960 PCM samples to 43 Opus bytes
01-24 16:45:40.479  2013  5405 D AudioChannelHandler: Opus encoding result: opusData=43 bytes
01-24 16:45:40.479  2013  5405 D AudioChannelHandler: Sending audio data to Flutter: streamId=8cd8399a-4962-48cb-8884-b34c0d3d93a8, opusData.size=43
01-24 16:45:40.480  2013  2013 D AudioChannelHandler: Audio data sent successfully
01-24 16:45:40.480  2013  2013 I flutter : [2026-01-24T16:45:40.480312] [INFO] [NetworkService]  About to send from socket: local=239.255.42.202:5000  server=192.168.1.106:5000
01-24 16:45:40.480  2013  2013 I flutter : [2026-01-24T16:45:40.480584] [INFO] [NetworkService]  Sent 133 bytes from local socket
01-24 16:45:40.483  2013  5405 D NativeAudioJNI: Audio callback invoked: numFrames=256
01-24 16:45:40.483  2013  5405 D NativeAudioJNI: Calling Java callback method
01-24 16:45:40.483  2013  2013 I flutter :  [ActiveChannelScreen] Member list builder called
01-24 16:45:40.484  2013  2013 I flutter :    State type: CommunicationTransmitting
01-24 16:45:40.484  2013  2013 I flutter :    Active members count: 1
01-24 16:45:40.484  2013  2013 I flutter :       - Server Console (SERVER-52275765-5684-4cd3-ad8c-0a5c9c59502f)
01-24 16:45:40.484  2013  2013 I flutter :  [ActiveChannelScreen] Member list builder called
01-24 16:45:40.484  2013  2013 I flutter :    State type: CommunicationTransmitting
01-24 16:45:40.485  2013  2013 I flutter :    Active members count: 1
01-24 16:45:40.485  2013  2013 I flutter :       - Server Console (SERVER-52275765-5684-4cd3-ad8c-0a5c9c59502f)
01-24 16:45:40.485  2013  2013 I flutter :  [ActiveChannelScreen] Title builder called, memberCount: 2, state: CommunicationTransmitting
01-24 16:45:40.485  2369  2616 D AudioManagerExtImpl: getStreamVolume packageName=com.facebook.katana, index=8, streamType=1
01-24 16:45:40.485  2013  2013 I flutter :  [ActiveChannelScreen] Title builder called, memberCount: 2, state: CommunicationTransmitting
01-24 16:45:40.489  2013  5405 D NativeAudioJNI: Audio callback invoked: numFrames=256
01-24 16:45:40.489  2013  5405 D NativeAudioJNI: Calling Java callback method
01-24 16:45:40.490 27334 28668 D AudioManagerExtImpl: getStreamVolume normal, volume index=13
01-24 16:45:40.491  9642  9658 D OplusAtlasService: getAttributeByAppName module:oplus-getStreamMaxVolume packageName:com.instagram.android
01-24 16:45:40.492  2013  5405 D NativeAudioJNI: Audio callback invoked: numFrames=256
01-24 16:45:40.492  2013  5405 D NativeAudioJNI: Calling Java callback method
01-24 16:45:40.494  2120  2585 D DisplayPowerController[0]: onChange selfChange=false uri=content://settings/system/screen_brightness
01-24 16:45:40.495  2120  2585 D OplusDisplayPowerControllerExtImpl: original brightness:609 final brightness:609.0 scale:1.0 reason:4 darkLevel:0
01-24 16:45:40.496  2120  2585 D DisplayPowerController[0]: Brightness [609.0] reason changing to: 'automatic [ auto_adj ]', previous reason: 'automatic'. id=local:4630946896948975233
01-24 16:45:40.496  2120  2585 I DisplayPowerController[0]: BrightnessEvent: disp=0, brt=609.0(user_set), rcmdBrt=NaN, preBrt=NaN, lux=0.0, preLux=0.0, hbmMax=1.0, hbmMode=off, thrmMax=1.0, flags=user_set , reason=automatic [ auto_adj ]
01-24 16:45:40.496  2120  2585 D VRR [OPlusRefreshRateService]: notifyBrightnessChange brightness: 609.0
01-24 16:45:40.496  2120  2418 D DisplayManagerService: Delivering display event: displayId=0, event=4
01-24 16:45:40.498  2013  5405 D NativeAudioJNI: Audio callback invoked: numFrames=256
01-24 16:45:40.498  2013  5405 D NativeAudioJNI: Calling Java callback method
01-24 16:45:40.498  2013  5405 D AudioChannelHandler: Audio callback invoked: pcmData.size=960
01-24 16:45:40.499  2120  2478 I ActivityManager: Waited long enough for: ServiceRecord{e3adae4 u0 com.oplus.romupdate/com.oplusos.romupdate.service.UpdateService}
01-24 16:45:40.499  2116  2238 D QmiClient: qmiServiceEventCallback recv msg id 74
01-24 16:45:40.499  2116  2238 D QmiDsdClient: enter - onQmiServiceEventCallback msgId 74
01-24 16:45:40.499  2116  2238 D QmiDsdClientEvent: qmiDsdClientNotifyLteCellInfoChangeEvent - RADIO_EVENT_LTE_CELL_INFO_CHANGE_IND
01-24 16:45:40.500  2013  5405 V OpusCodec: Encoded 960 PCM samples to 41 Opus bytes
01-24 16:45:40.500  2013  5405 D AudioChannelHandler: Opus encoding result: opusData=41 bytes
01-24 16:45:40.500  2013  5405 D AudioChannelHandler: Sending audio data to Flutter: streamId=8cd8399a-4962-48cb-8884-b34c0d3d93a8, opusData.size=41
01-24 16:45:40.500 27334 28668 D AudioManagerExtImpl: getStreamVolume too fast, volume index=13, package=com.instagram.android
01-24 16:45:40.500  2116  2185 D DsdProxy: handleMessage msg is 2201
01-24 16:45:40.500  2013  2013 D AudioChannelHandler: Audio data sent successfully
01-24 16:45:40.501  2013  2013 I flutter : [2026-01-24T16:45:40.501096] [INFO] [NetworkService]  About to send from socket: local=239.255.42.202:5000  server=192.168.1.106:5000
01-24 16:45:40.501  2116  2185 D DsdProxy: handleLteCellInfoChangeInd for instance 0
01-24 16:45:40.501  2013  2013 I flutter : [2026-01-24T16:45:40.501376] [INFO] [NetworkService]  Sent 131 bytes from local socket
01-24 16:45:40.501  2013  2013 I flutter :  [ActiveChannelScreen] Member list builder called
01-24 16:45:40.501  2013  2013 I flutter :    State type: CommunicationTransmitting
01-24 16:45:40.501  2013  2013 I flutter :    Active members count: 1
